128.119.100.152 - - [18/Jul/2010:22:39:47 -0400] "GET /~yliao/pmwiki/index.php?n=Misc.Latex HTTP/1.0" 200 4458 "-" "gsa-crawler (Enterprise; S5-EY25PTT6T2NAA; systems@nic.umass.edu,web@admin.umass.edu,ltgarcia@admin.umass.edu)"
128.119.100.152 - - [18/Jul/2010:22:40:18 -0400] "GET /~yliao/pmwiki/index.php?n=Research.Software HTTP/1.0" 200 2568 "-" "gsa-crawler (Enterprise; S5-EY25PTT6T2NAA; systems@nic.umass.edu,web@admin.umass.edu,ltgarcia@admin.umass.edu)"
128.119.100.152 - - [18/Jul/2010:22:40:28 -0400] "GET /~yliao/pmwiki/index.php?n=Admin.Admin HTTP/1.0" 200 2276 "-" "gsa-crawler (Enterprise; S5-EY25PTT6T2NAA; systems@nic.umass.edu,web@admin.umass.edu,ltgarcia@admin.umass.edu)"
123.125.66.83 - - [18/Jul/2010:22:41:41 -0400] "GET / HTTP/1.1" 200 247 "-" "Baiduspider+(+http://www.baidu.com/search/spider.htm)"
128.119.100.152 - - [18/Jul/2010:22:42:33 -0400] "GET /robots.txt HTTP/1.0" 404 321 "-" "gsa-crawler (Enterprise; S5-EY25PTT6T2NAA; systems@nic.umass.edu,web@admin.umass.edu,ltgarcia@admin.umass.edu)"
128.119.100.152 - - [18/Jul/2010:22:42:33 -0400] "GET /~yliao/pmwiki/index.php?n=Private.Private HTTP/1.0" 200 2277 "-" "gsa-crawler (Enterprise; S5-EY25PTT6T2NAA; systems@nic.umass.edu,web@admin.umass.edu,ltgarcia@admin.umass.edu)"
220.181.7.116 - - [18/Jul/2010:22:43:03 -0400] "GET / HTTP/1.1" 200 247 "-" "Baiduspider+(+http://www.baidu.com/search/spider.htm)"
128.119.100.152 - - [18/Jul/2010:22:43:24 -0400] "GET /~yliao/pmwiki/index.php?n=Course.Course HTTP/1.0" 200 2725 "-" "gsa-crawler (Enterprise; S5-EY25PTT6T2NAA; systems@nic.umass.edu,web@admin.umass.edu,ltgarcia@admin.umass.edu)"
128.119.100.152 - - [18/Jul/2010:22:43:25 -0400] "GET /~yliao/pmwiki/index.php?n=Site.SideBar?action=edit HTTP/1.0" 200 2334 "-" "gsa-crawler (Enterprise; S5-EY25PTT6T2NAA; systems@nic.umass.edu,web@admin.umass.edu,ltgarcia@admin.umass.edu)"
128.119.100.152 - - [18/Jul/2010:22:43:27 -0400] "GET /~yliao/pmwiki/index.php?n=Misc.Language HTTP/1.0" 200 2152 "-" "gsa-crawler (Enterprise; S5-EY25PTT6T2NAA; systems@nic.umass.edu,web@admin.umass.edu,ltgarcia@admin.umass.edu)"
128.119.100.152 - - [18/Jul/2010:22:43:33 -0400] "GET /~yliao/pmwiki/index.php?n=Misc.Bash HTTP/1.0" 200 2617 "-" "gsa-crawler (Enterprise; S5-EY25PTT6T2NAA; systems@nic.umass.edu,web@admin.umass.edu,ltgarcia@admin.umass.edu)"
128.119.100.152 - - [18/Jul/2010:22:45:23 -0400] "GET /~yliao/pmwiki/index.php?n=Misc.Linux HTTP/1.0" 200 3621 "-" "gsa-crawler (Enterprise; S5-EY25PTT6T2NAA; systems@nic.umass.edu,web@admin.umass.edu,ltgarcia@admin.umass.edu)"
128.119.100.152 - - [18/Jul/2010:22:46:28 -0400] "GET /~yliao/pmwiki/index.php?n=Misc.Vim HTTP/1.0" 200 2862 "-" "gsa-crawler (Enterprise; S5-EY25PTT6T2NAA; systems@nic.umass.edu,web@admin.umass.edu,ltgarcia@admin.umass.edu)"
128.119.100.152 - - [18/Jul/2010:22:46:31 -0400] "GET /~yliao/pmwiki/index.php?n=Misc.Emacs HTTP/1.0" 200 2398 "-" "gsa-crawler (Enterprise; S5-EY25PTT6T2NAA; systems@nic.umass.edu,web@admin.umass.edu,ltgarcia@admin.umass.edu)"
128.119.100.152 - - [18/Jul/2010:22:46:33 -0400] "GET /~yliao/pmwiki/index.php?n=Misc.Gnuplot HTTP/1.0" 200 2824 "-" "gsa-crawler (Enterprise; S5-EY25PTT6T2NAA; systems@nic.umass.edu,web@admin.umass.edu,ltgarcia@admin.umass.edu)"
128.119.100.152 - - [18/Jul/2010:22:46:39 -0400] "GET /~yliao/pmwiki/index.php?n=Misc.Misc HTTP/1.0" 200 8630 "-" "gsa-crawler (Enterprise; S5-EY25PTT6T2NAA; systems@nic.umass.edu,web@admin.umass.edu,ltgarcia@admin.umass.edu)"
128.119.100.153 - - [18/Jul/2010:22:48:03 -0400] "GET /robots.txt HTTP/1.0" 404 321 "-" "gsa-crawler (Enterprise; T2-EG9QX8JZXNSJA; systems@nic.umass.edu,web@admin.umass.edu,ltgarcia@admin.umass.edu)"
128.119.100.153 - - [18/Jul/2010:22:48:03 -0400] "GET / HTTP/1.0" 304 - "-" "gsa-crawler (Enterprise; T2-EG9QX8JZXNSJA; systems@nic.umass.edu,web@admin.umass.edu,ltgarcia@admin.umass.edu)"
128.119.100.152 - - [18/Jul/2010:22:49:33 -0400] "GET /~yliao/pmwiki/index.php?n=Research.Project HTTP/1.0" 200 3844 "-" "gsa-crawler (Enterprise; S5-EY25PTT6T2NAA; systems@nic.umass.edu,web@admin.umass.edu,ltgarcia@admin.umass.edu)"
128.119.100.152 - - [18/Jul/2010:22:49:34 -0400] "GET /~yliao/pmwiki/index.php?n=Research.Research HTTP/1.0" 200 2679 "-" "gsa-crawler (Enterprise; S5-EY25PTT6T2NAA; systems@nic.umass.edu,web@admin.umass.edu,ltgarcia@admin.umass.edu)"
128.119.100.152 - - [18/Jul/2010:22:49:38 -0400] "GET /~yliao/pmwiki/index.php?n=Site.Search HTTP/1.0" 200 3029 "-" "gsa-crawler (Enterprise; S5-EY25PTT6T2NAA; systems@nic.umass.edu,web@admin.umass.edu,ltgarcia@admin.umass.edu)"
128.119.100.152 - - [18/Jul/2010:22:51:43 -0400] "GET /~yliao/pmwiki/index.php?n=Misc.CVS HTTP/1.0" 200 3293 "-" "gsa-crawler (Enterprise; S5-EY25PTT6T2NAA; systems@nic.umass.edu,web@admin.umass.edu,ltgarcia@admin.umass.edu)"
128.119.100.153 - - [18/Jul/2010:22:52:08 -0400] "GET /mnilpub/papers/PID28496.pdf HTTP/1.0" 304 - "-" "gsa-crawler (Enterprise; T2-EG9QX8JZXNSJA; systems@nic.umass.edu,web@admin.umass.edu,ltgarcia@admin.umass.edu)"
128.119.100.153 - - [18/Jul/2010:22:52:10 -0400] "GET /~yliao/pmwiki/ HTTP/1.0" 200 2810 "-" "gsa-crawler (Enterprise; T2-EG9QX8JZXNSJA; systems@nic.umass.edu,web@admin.umass.edu,ltgarcia@admin.umass.edu)"
128.119.100.152 - - [18/Jul/2010:22:52:43 -0400] "GET /~yliao/pmwiki/index.php?n=Misc.Latex HTTP/1.0" 200 4458 "-" "gsa-crawler (Enterprise; S5-EY25PTT6T2NAA; systems@nic.umass.edu,web@admin.umass.edu,ltgarcia@admin.umass.edu)"
128.119.100.152 - - [18/Jul/2010:22:54:48 -0400] "GET /~yliao/pmwiki/index.php?n=Research.Software HTTP/1.0" 200 2568 "-" "gsa-crawler (Enterprise; S5-EY25PTT6T2NAA; systems@nic.umass.edu,web@admin.umass.edu,ltgarcia@admin.umass.edu)"
128.119.100.152 - - [18/Jul/2010:22:55:43 -0400] "GET /~yliao/pmwiki/index.php?n=Admin.Admin HTTP/1.0" 200 2276 "-" "gsa-crawler (Enterprise; S5-EY25PTT6T2NAA; systems@nic.umass.edu,web@admin.umass.edu,ltgarcia@admin.umass.edu)"
128.119.100.153 - - [18/Jul/2010:22:56:30 -0400] "GET /~yliao/pmwiki/index.php?n=Main.HomePage HTTP/1.0" 200 2810 "-" "gsa-crawler (Enterprise; T2-EG9QX8JZXNSJA; systems@nic.umass.edu,web@admin.umass.edu,ltgarcia@admin.umass.edu)"
128.119.100.153 - - [18/Jul/2010:22:56:30 -0400] "GET /~yliao/pmwiki/index.php HTTP/1.0" 200 2810 "-" "gsa-crawler (Enterprise; T2-EG9QX8JZXNSJA; systems@nic.umass.edu,web@admin.umass.edu,ltgarcia@admin.umass.edu)"
128.119.100.153 - - [18/Jul/2010:22:56:32 -0400] "GET /~yliao/pmwiki/index.php?n=Course.Course HTTP/1.0" 200 2725 "-" "gsa-crawler (Enterprise; T2-EG9QX8JZXNSJA; systems@nic.umass.edu,web@admin.umass.edu,ltgarcia@admin.umass.edu)"
128.119.100.153 - - [18/Jul/2010:22:56:49 -0400] "GET / HTTP/1.0" 304 - "-" "gsa-crawler (Enterprise; T2-EG9QX8JZXNSJA; systems@nic.umass.edu,web@admin.umass.edu,ltgarcia@admin.umass.edu)"
128.119.100.152 - - [18/Jul/2010:22:57:11 -0400] "GET /~yliao/pmwiki/index.php?n=Private.Private HTTP/1.0" 200 2277 "-" "gsa-crawler (Enterprise; S5-EY25PTT6T2NAA; systems@nic.umass.edu,web@admin.umass.edu,ltgarcia@admin.umass.edu)"
128.119.100.152 - - [18/Jul/2010:22:57:58 -0400] "GET /~yliao/pmwiki/index.php?n=Course.Course HTTP/1.0" 200 2725 "-" "gsa-crawler (Enterprise; S5-EY25PTT6T2NAA; systems@nic.umass.edu,web@admin.umass.edu,ltgarcia@admin.umass.edu)"
128.119.100.152 - - [18/Jul/2010:22:58:45 -0400] "GET /~yliao/pmwiki/index.php?n=Site.SideBar?action=edit HTTP/1.0" 200 2334 "-" "gsa-crawler (Enterprise; S5-EY25PTT6T2NAA; systems@nic.umass.edu,web@admin.umass.edu,ltgarcia@admin.umass.edu)"
128.119.100.152 - - [18/Jul/2010:23:00:25 -0400] "GET /~yliao/pmwiki/index.php?n=Misc.Language HTTP/1.0" 200 2152 "-" "gsa-crawler (Enterprise; S5-EY25PTT6T2NAA; systems@nic.umass.edu,web@admin.umass.edu,ltgarcia@admin.umass.edu)"
128.119.100.152 - - [18/Jul/2010:23:00:26 -0400] "GET /~yliao/pmwiki/index.php?n=Misc.Bash HTTP/1.0" 200 2617 "-" "gsa-crawler (Enterprise; S5-EY25PTT6T2NAA; systems@nic.umass.edu,web@admin.umass.edu,ltgarcia@admin.umass.edu)"
128.119.100.152 - - [18/Jul/2010:23:01:00 -0400] "GET /~yliao/pmwiki/index.php?n=Misc.Linux HTTP/1.0" 200 3621 "-" "gsa-crawler (Enterprise; S5-EY25PTT6T2NAA; systems@nic.umass.edu,web@admin.umass.edu,ltgarcia@admin.umass.edu)"
128.177.10.252 - - [18/Jul/2010:23:01:06 -0400] "GET /~yliao/pmwiki/index.php%3fn=Main.CurriculumVitae HTTP/1.1" 404 451 "http://search.yahoo.com/search?p=intitle%3A%22CV+OF%22+PROJECT+-intitle%3Aexample+-intitle%3Asample&n=100&ei=UTF-8&va_vt=any&vo_vt=any&ve_vt=any&vp_vt=any&vd=m3&vst=0&vf=all&vc=us&vm=r&fl=1&vl=lang_en&fr=ush-&xargs=0&pstart=1&b=101&xa=4EcBIY1FvvbR2dR7GQUBDQ--,1279594562" "Mozilla/4.0 (compatible; MSIE 7.0; Windows NT 6.1; SV1; .NET CLR 2.0.50727)"
128.119.100.152 - - [18/Jul/2010:23:01:50 -0400] "GET /~yliao/pmwiki/index.php?n=Misc.Vim HTTP/1.0" 200 2862 "-" "gsa-crawler (Enterprise; S5-EY25PTT6T2NAA; systems@nic.umass.edu,web@admin.umass.edu,ltgarcia@admin.umass.edu)"
128.119.100.152 - - [18/Jul/2010:23:03:20 -0400] "GET /~yliao/pmwiki/index.php?n=Misc.Emacs HTTP/1.0" 200 2398 "-" "gsa-crawler (Enterprise; S5-EY25PTT6T2NAA; systems@nic.umass.edu,web@admin.umass.edu,ltgarcia@admin.umass.edu)"
128.119.100.152 - - [18/Jul/2010:23:03:34 -0400] "GET /~yliao/pmwiki/index.php?n=Misc.Gnuplot HTTP/1.0" 200 2824 "-" "gsa-crawler (Enterprise; S5-EY25PTT6T2NAA; systems@nic.umass.edu,web@admin.umass.edu,ltgarcia@admin.umass.edu)"
128.119.100.152 - - [18/Jul/2010:23:04:00 -0400] "GET /~yliao/pmwiki/index.php?n=Misc.Misc HTTP/1.0" 200 8630 "-" "gsa-crawler (Enterprise; S5-EY25PTT6T2NAA; systems@nic.umass.edu,web@admin.umass.edu,ltgarcia@admin.umass.edu)"
128.119.100.152 - - [18/Jul/2010:23:04:50 -0400] "GET /~yliao/pmwiki/index.php?n=Research.Project HTTP/1.0" 200 3844 "-" "gsa-crawler (Enterprise; S5-EY25PTT6T2NAA; systems@nic.umass.edu,web@admin.umass.edu,ltgarcia@admin.umass.edu)"
128.119.100.152 - - [18/Jul/2010:23:04:55 -0400] "GET /~yliao/pmwiki/index.php?n=Research.Research HTTP/1.0" 200 2679 "-" "gsa-crawler (Enterprise; S5-EY25PTT6T2NAA; systems@nic.umass.edu,web@admin.umass.edu,ltgarcia@admin.umass.edu)"
128.119.100.152 - - [18/Jul/2010:23:04:58 -0400] "GET /~yliao/pmwiki/index.php?n=Site.Search HTTP/1.0" 200 3029 "-" "gsa-crawler (Enterprise; S5-EY25PTT6T2NAA; systems@nic.umass.edu,web@admin.umass.edu,ltgarcia@admin.umass.edu)"
128.119.100.152 - - [18/Jul/2010:23:06:29 -0400] "GET /~yliao/pmwiki/index.php?n=Misc.CVS HTTP/1.0" 200 3293 "-" "gsa-crawler (Enterprise; S5-EY25PTT6T2NAA; systems@nic.umass.edu,web@admin.umass.edu,ltgarcia@admin.umass.edu)"
128.119.100.152 - - [18/Jul/2010:23:06:37 -0400] "GET /~yliao/pmwiki/index.php?n=Misc.Latex HTTP/1.0" 200 4458 "-" "gsa-crawler (Enterprise; S5-EY25PTT6T2NAA; systems@nic.umass.edu,web@admin.umass.edu,ltgarcia@admin.umass.edu)"
128.119.100.152 - - [18/Jul/2010:23:07:06 -0400] "GET /~yliao/pmwiki/index.php?n=Research.Software HTTP/1.0" 200 2568 "-" "gsa-crawler (Enterprise; S5-EY25PTT6T2NAA; systems@nic.umass.edu,web@admin.umass.edu,ltgarcia@admin.umass.edu)"
128.119.100.153 - - [18/Jul/2010:23:07:11 -0400] "GET / HTTP/1.0" 304 - "-" "gsa-crawler (Enterprise; T2-EG9QX8JZXNSJA; systems@nic.umass.edu,web@admin.umass.edu,ltgarcia@admin.umass.edu)"
128.119.100.152 - - [18/Jul/2010:23:07:55 -0400] "GET /~yliao/pmwiki/index.php?n=Admin.Admin HTTP/1.0" 200 2276 "-" "gsa-crawler (Enterprise; S5-EY25PTT6T2NAA; systems@nic.umass.edu,web@admin.umass.edu,ltgarcia@admin.umass.edu)"
128.119.100.152 - - [18/Jul/2010:23:09:30 -0400] "GET /~yliao/pmwiki/index.php?n=Private.Private HTTP/1.0" 200 2277 "-" "gsa-crawler (Enterprise; S5-EY25PTT6T2NAA; systems@nic.umass.edu,web@admin.umass.edu,ltgarcia@admin.umass.edu)"
128.119.100.152 - - [18/Jul/2010:23:09:36 -0400] "GET /~yliao/pmwiki/index.php?n=Course.Course HTTP/1.0" 200 2725 "-" "gsa-crawler (Enterprise; S5-EY25PTT6T2NAA; systems@nic.umass.edu,web@admin.umass.edu,ltgarcia@admin.umass.edu)"
128.119.100.152 - - [18/Jul/2010:23:11:05 -0400] "GET /~yliao/pmwiki/index.php?n=Site.SideBar?action=edit HTTP/1.0" 200 2334 "-" "gsa-crawler (Enterprise; S5-EY25PTT6T2NAA; systems@nic.umass.edu,web@admin.umass.edu,ltgarcia@admin.umass.edu)"
128.119.100.153 - - [18/Jul/2010:23:11:09 -0400] "GET /mnilpub/papers/PID28496.pdf HTTP/1.0" 304 - "-" "gsa-crawler (Enterprise; T2-EG9QX8JZXNSJA; systems@nic.umass.edu,web@admin.umass.edu,ltgarcia@admin.umass.edu)"
128.119.100.153 - - [18/Jul/2010:23:11:12 -0400] "GET /~yliao/pmwiki/ HTTP/1.0" 200 2810 "-" "gsa-crawler (Enterprise; T2-EG9QX8JZXNSJA; systems@nic.umass.edu,web@admin.umass.edu,ltgarcia@admin.umass.edu)"
128.119.100.153 - - [18/Jul/2010:23:11:32 -0400] "GET /~yliao/pmwiki/index.php?n=Main.HomePage HTTP/1.0" 200 2810 "-" "gsa-crawler (Enterprise; T2-EG9QX8JZXNSJA; systems@nic.umass.edu,web@admin.umass.edu,ltgarcia@admin.umass.edu)"
128.119.100.153 - - [18/Jul/2010:23:11:34 -0400] "GET /~yliao/pmwiki/index.php HTTP/1.0" 200 2810 "-" "gsa-crawler (Enterprise; T2-EG9QX8JZXNSJA; systems@nic.umass.edu,web@admin.umass.edu,ltgarcia@admin.umass.edu)"
128.119.100.153 - - [18/Jul/2010:23:11:35 -0400] "GET /~yliao/pmwiki/index.php?n=Course.Course HTTP/1.0" 200 2725 "-" "gsa-crawler (Enterprise; T2-EG9QX8JZXNSJA; systems@nic.umass.edu,web@admin.umass.edu,ltgarcia@admin.umass.edu)"
128.119.100.152 - - [18/Jul/2010:23:12:31 -0400] "GET /~yliao/pmwiki/index.php?n=Misc.Language HTTP/1.0" 200 2152 "-" "gsa-crawler (Enterprise; S5-EY25PTT6T2NAA; systems@nic.umass.edu,web@admin.umass.edu,ltgarcia@admin.umass.edu)"
128.119.100.152 - - [18/Jul/2010:23:13:10 -0400] "GET /~yliao/pmwiki/index.php?n=Misc.Bash HTTP/1.0" 200 2617 "-" "gsa-crawler (Enterprise; S5-EY25PTT6T2NAA; systems@nic.umass.edu,web@admin.umass.edu,ltgarcia@admin.umass.edu)"
128.119.100.152 - - [18/Jul/2010:23:14:10 -0400] "GET /~yliao/pmwiki/index.php?n=Misc.Linux HTTP/1.0" 200 3621 "-" "gsa-crawler (Enterprise; S5-EY25PTT6T2NAA; systems@nic.umass.edu,web@admin.umass.edu,ltgarcia@admin.umass.edu)"
128.119.100.152 - - [18/Jul/2010:23:15:35 -0400] "GET /~yliao/pmwiki/index.php?n=Misc.Vim HTTP/1.0" 200 2862 "-" "gsa-crawler (Enterprise; S5-EY25PTT6T2NAA; systems@nic.umass.edu,web@admin.umass.edu,ltgarcia@admin.umass.edu)"
128.119.100.152 - - [18/Jul/2010:23:15:41 -0400] "GET /~yliao/pmwiki/index.php?n=Misc.Emacs HTTP/1.0" 200 2398 "-" "gsa-crawler (Enterprise; S5-EY25PTT6T2NAA; systems@nic.umass.edu,web@admin.umass.edu,ltgarcia@admin.umass.edu)"
128.119.100.152 - - [18/Jul/2010:23:16:24 -0400] "GET /~yliao/pmwiki/index.php?n=Misc.Gnuplot HTTP/1.0" 200 2824 "-" "gsa-crawler (Enterprise; S5-EY25PTT6T2NAA; systems@nic.umass.edu,web@admin.umass.edu,ltgarcia@admin.umass.edu)"
128.119.100.153 - - [18/Jul/2010:23:17:36 -0400] "GET / HTTP/1.0" 304 - "-" "gsa-crawler (Enterprise; T2-EG9QX8JZXNSJA; systems@nic.umass.edu,web@admin.umass.edu,ltgarcia@admin.umass.edu)"
173.165.60.19 - - [18/Jul/2010:23:17:52 -0400] "GET /mnilpub/papers/ICCCN2008.pdf HTTP/1.1" 200 185520 "-" "Mozilla/5.0 (Windows NT 5.1; en-US; rv:1.7.6) Gecko/20050319"
128.119.100.152 - - [18/Jul/2010:23:18:41 -0400] "GET /~yliao/pmwiki/index.php?n=Misc.Misc HTTP/1.0" 200 8630 "-" "gsa-crawler (Enterprise; S5-EY25PTT6T2NAA; systems@nic.umass.edu,web@admin.umass.edu,ltgarcia@admin.umass.edu)"
128.119.100.152 - - [18/Jul/2010:23:18:46 -0400] "GET /~yliao/pmwiki/index.php?n=Research.Project HTTP/1.0" 200 3844 "-" "gsa-crawler (Enterprise; S5-EY25PTT6T2NAA; systems@nic.umass.edu,web@admin.umass.edu,ltgarcia@admin.umass.edu)"
128.119.100.152 - - [18/Jul/2010:23:20:01 -0400] "GET /~yliao/pmwiki/index.php?n=Research.Research HTTP/1.0" 200 2679 "-" "gsa-crawler (Enterprise; S5-EY25PTT6T2NAA; systems@nic.umass.edu,web@admin.umass.edu,ltgarcia@admin.umass.edu)"
128.119.100.152 - - [18/Jul/2010:23:20:11 -0400] "GET /~yliao/pmwiki/index.php?n=Site.Search HTTP/1.0" 200 3029 "-" "gsa-crawler (Enterprise; S5-EY25PTT6T2NAA; systems@nic.umass.edu,web@admin.umass.edu,ltgarcia@admin.umass.edu)"
128.119.100.152 - - [18/Jul/2010:23:21:42 -0400] "GET /~yliao/pmwiki/index.php?n=Misc.CVS HTTP/1.0" 200 3293 "-" "gsa-crawler (Enterprise; S5-EY25PTT6T2NAA; systems@nic.umass.edu,web@admin.umass.edu,ltgarcia@admin.umass.edu)"
128.119.100.152 - - [18/Jul/2010:23:22:16 -0400] "GET /~yliao/pmwiki/index.php?n=Misc.Latex HTTP/1.0" 200 4458 "-" "gsa-crawler (Enterprise; S5-EY25PTT6T2NAA; systems@nic.umass.edu,web@admin.umass.edu,ltgarcia@admin.umass.edu)"
128.119.100.152 - - [18/Jul/2010:23:23:01 -0400] "GET /~yliao/pmwiki/index.php?n=Research.Software HTTP/1.0" 200 2568 "-" "gsa-crawler (Enterprise; S5-EY25PTT6T2NAA; systems@nic.umass.edu,web@admin.umass.edu,ltgarcia@admin.umass.edu)"
128.119.100.152 - - [18/Jul/2010:23:25:47 -0400] "GET /~yliao/pmwiki/index.php?n=Admin.Admin HTTP/1.0" 200 2276 "-" "gsa-crawler (Enterprise; S5-EY25PTT6T2NAA; systems@nic.umass.edu,web@admin.umass.edu,ltgarcia@admin.umass.edu)"
128.119.100.152 - - [18/Jul/2010:23:25:48 -0400] "GET /~yliao/pmwiki/index.php?n=Private.Private HTTP/1.0" 200 2277 "-" "gsa-crawler (Enterprise; S5-EY25PTT6T2NAA; systems@nic.umass.edu,web@admin.umass.edu,ltgarcia@admin.umass.edu)"
66.249.71.59 - - [18/Jul/2010:23:26:06 -0400] "GET /robots.txt HTTP/1.1" 404 321 "-" "Googlebot-Image/1.0"
66.249.71.59 - - [18/Jul/2010:23:26:06 -0400] "GET /~yliao/image/cartoon/6.gif HTTP/1.1" 304 - "-" "Googlebot-Image/1.0"
128.119.100.152 - - [18/Jul/2010:23:26:16 -0400] "GET /~yliao/pmwiki/index.php?n=Course.Course HTTP/1.0" 200 2725 "-" "gsa-crawler (Enterprise; S5-EY25PTT6T2NAA; systems@nic.umass.edu,web@admin.umass.edu,ltgarcia@admin.umass.edu)"
128.119.100.152 - - [18/Jul/2010:23:28:52 -0400] "GET /~yliao/pmwiki/index.php?n=Site.SideBar?action=edit HTTP/1.0" 200 2334 "-" "gsa-crawler (Enterprise; S5-EY25PTT6T2NAA; systems@nic.umass.edu,web@admin.umass.edu,ltgarcia@admin.umass.edu)"
128.119.100.152 - - [18/Jul/2010:23:28:52 -0400] "GET /~yliao/pmwiki/index.php?n=Misc.Language HTTP/1.0" 200 2152 "-" "gsa-crawler (Enterprise; S5-EY25PTT6T2NAA; systems@nic.umass.edu,web@admin.umass.edu,ltgarcia@admin.umass.edu)"
128.119.100.152 - - [18/Jul/2010:23:28:55 -0400] "GET /~yliao/pmwiki/index.php?n=Misc.Bash HTTP/1.0" 200 2617 "-" "gsa-crawler (Enterprise; S5-EY25PTT6T2NAA; systems@nic.umass.edu,web@admin.umass.edu,ltgarcia@admin.umass.edu)"
128.119.100.152 - - [18/Jul/2010:23:31:55 -0400] "GET /~yliao/pmwiki/index.php?n=Misc.Linux HTTP/1.0" 200 3621 "-" "gsa-crawler (Enterprise; S5-EY25PTT6T2NAA; systems@nic.umass.edu,web@admin.umass.edu,ltgarcia@admin.umass.edu)"
128.119.100.152 - - [18/Jul/2010:23:31:57 -0400] "GET /~yliao/pmwiki/index.php?n=Misc.Vim HTTP/1.0" 200 2862 "-" "gsa-crawler (Enterprise; S5-EY25PTT6T2NAA; systems@nic.umass.edu,web@admin.umass.edu,ltgarcia@admin.umass.edu)"
128.119.100.152 - - [18/Jul/2010:23:32:01 -0400] "GET /~yliao/pmwiki/index.php?n=Misc.Emacs HTTP/1.0" 200 2398 "-" "gsa-crawler (Enterprise; S5-EY25PTT6T2NAA; systems@nic.umass.edu,web@admin.umass.edu,ltgarcia@admin.umass.edu)"
128.119.100.153 - - [18/Jul/2010:23:32:12 -0400] "GET /robots.txt HTTP/1.0" 404 321 "-" "gsa-crawler (Enterprise; T2-EG9QX8JZXNSJA; systems@nic.umass.edu,web@admin.umass.edu,ltgarcia@admin.umass.edu)"
128.119.100.153 - - [18/Jul/2010:23:32:12 -0400] "GET / HTTP/1.0" 304 - "-" "gsa-crawler (Enterprise; T2-EG9QX8JZXNSJA; systems@nic.umass.edu,web@admin.umass.edu,ltgarcia@admin.umass.edu)"
128.119.100.153 - - [18/Jul/2010:23:32:19 -0400] "GET /mnilpub/papers/PID28496.pdf HTTP/1.0" 304 - "-" "gsa-crawler (Enterprise; T2-EG9QX8JZXNSJA; systems@nic.umass.edu,web@admin.umass.edu,ltgarcia@admin.umass.edu)"
128.119.100.153 - - [18/Jul/2010:23:32:21 -0400] "GET /~yliao/pmwiki/ HTTP/1.0" 200 2810 "-" "gsa-crawler (Enterprise; T2-EG9QX8JZXNSJA; systems@nic.umass.edu,web@admin.umass.edu,ltgarcia@admin.umass.edu)"
128.119.100.153 - - [18/Jul/2010:23:32:32 -0400] "GET /~yliao/pmwiki/index.php?n=Main.HomePage HTTP/1.0" 200 2810 "-" "gsa-crawler (Enterprise; T2-EG9QX8JZXNSJA; systems@nic.umass.edu,web@admin.umass.edu,ltgarcia@admin.umass.edu)"
128.119.100.153 - - [18/Jul/2010:23:32:32 -0400] "GET /~yliao/pmwiki/index.php HTTP/1.0" 200 2810 "-" "gsa-crawler (Enterprise; T2-EG9QX8JZXNSJA; systems@nic.umass.edu,web@admin.umass.edu,ltgarcia@admin.umass.edu)"
128.119.100.153 - - [18/Jul/2010:23:32:34 -0400] "GET /~yliao/pmwiki/index.php?n=Course.Course HTTP/1.0" 200 2725 "-" "gsa-crawler (Enterprise; T2-EG9QX8JZXNSJA; systems@nic.umass.edu,web@admin.umass.edu,ltgarcia@admin.umass.edu)"
95.108.244.251 - - [18/Jul/2010:23:34:36 -0400] "GET /download.htm HTTP/1.1" 404 321 "-" "Mozilla/5.0 (compatible; YandexBot/3.0; +http://yandex.com/bots)"
128.119.100.152 - - [18/Jul/2010:23:34:57 -0400] "GET /robots.txt HTTP/1.0" 404 321 "-" "gsa-crawler (Enterprise; S5-EY25PTT6T2NAA; systems@nic.umass.edu,web@admin.umass.edu,ltgarcia@admin.umass.edu)"
128.119.100.152 - - [18/Jul/2010:23:34:57 -0400] "GET /~yliao/pmwiki/index.php?n=Misc.Gnuplot HTTP/1.0" 200 2824 "-" "gsa-crawler (Enterprise; S5-EY25PTT6T2NAA; systems@nic.umass.edu,web@admin.umass.edu,ltgarcia@admin.umass.edu)"
128.119.100.152 - - [18/Jul/2010:23:35:00 -0400] "GET /~yliao/pmwiki/index.php?n=Misc.Misc HTTP/1.0" 200 8630 "-" "gsa-crawler (Enterprise; S5-EY25PTT6T2NAA; systems@nic.umass.edu,web@admin.umass.edu,ltgarcia@admin.umass.edu)"
128.119.100.152 - - [18/Jul/2010:23:35:12 -0400] "GET /~yliao/pmwiki/index.php?n=Research.Project HTTP/1.0" 200 3844 "-" "gsa-crawler (Enterprise; S5-EY25PTT6T2NAA; systems@nic.umass.edu,web@admin.umass.edu,ltgarcia@admin.umass.edu)"
128.119.100.152 - - [18/Jul/2010:23:37:52 -0400] "GET /~yliao/pmwiki/index.php?n=Research.Research HTTP/1.0" 200 2679 "-" "gsa-crawler (Enterprise; S5-EY25PTT6T2NAA; systems@nic.umass.edu,web@admin.umass.edu,ltgarcia@admin.umass.edu)"
128.119.100.152 - - [18/Jul/2010:23:38:02 -0400] "GET /~yliao/pmwiki/index.php?n=Site.Search HTTP/1.0" 200 3029 "-" "gsa-crawler (Enterprise; S5-EY25PTT6T2NAA; systems@nic.umass.edu,web@admin.umass.edu,ltgarcia@admin.umass.edu)"
128.119.100.152 - - [18/Jul/2010:23:38:03 -0400] "GET /~yliao/pmwiki/index.php?n=Misc.CVS HTTP/1.0" 200 3293 "-" "gsa-crawler (Enterprise; S5-EY25PTT6T2NAA; systems@nic.umass.edu,web@admin.umass.edu,ltgarcia@admin.umass.edu)"
128.119.100.152 - - [18/Jul/2010:23:38:07 -0400] "GET /~yliao/pmwiki/index.php?n=Misc.Latex HTTP/1.0" 200 4458 "-" "gsa-crawler (Enterprise; S5-EY25PTT6T2NAA; systems@nic.umass.edu,web@admin.umass.edu,ltgarcia@admin.umass.edu)"
128.119.100.152 - - [18/Jul/2010:23:38:18 -0400] "GET /~yliao/pmwiki/index.php?n=Research.Software HTTP/1.0" 200 2568 "-" "gsa-crawler (Enterprise; S5-EY25PTT6T2NAA; systems@nic.umass.edu,web@admin.umass.edu,ltgarcia@admin.umass.edu)"
67.195.113.245 - - [18/Jul/2010:23:40:16 -0400] "GET /~yliao/pmwiki/index.php?n=Private.RouteRepair HTTP/1.0" 200 2278 "-" "Mozilla/5.0 (compatible; Yahoo! Slurp/3.0; http://help.yahoo.com/help/us/ysearch/slurp)"
67.195.113.245 - - [18/Jul/2010:23:40:17 -0400] "GET /~yliao/pmwiki/pub/skins/monobook/monobook.css HTTP/1.0" 304 - "http://rio.ecs.umass.edu/~yliao/pmwiki/index.php?n=Private.RouteRepair" "Mozilla/5.0 (compatible; Yahoo! Slurp/3.0; http://help.yahoo.com/help/us/ysearch/slurp)"
128.119.100.152 - - [18/Jul/2010:23:40:59 -0400] "GET /~yliao/pmwiki/index.php?n=Admin.Admin HTTP/1.0" 200 2276 "-" "gsa-crawler (Enterprise; S5-EY25PTT6T2NAA; systems@nic.umass.edu,web@admin.umass.edu,ltgarcia@admin.umass.edu)"
128.119.100.152 - - [18/Jul/2010:23:41:12 -0400] "GET /~yliao/pmwiki/index.php?n=Private.Private HTTP/1.0" 200 2277 "-" "gsa-crawler (Enterprise; S5-EY25PTT6T2NAA; systems@nic.umass.edu,web@admin.umass.edu,ltgarcia@admin.umass.edu)"
128.119.100.152 - - [18/Jul/2010:23:41:28 -0400] "GET /~yliao/pmwiki/index.php?n=Course.Course HTTP/1.0" 200 2725 "-" "gsa-crawler (Enterprise; S5-EY25PTT6T2NAA; systems@nic.umass.edu,web@admin.umass.edu,ltgarcia@admin.umass.edu)"
128.119.100.153 - - [18/Jul/2010:23:42:20 -0400] "GET / HTTP/1.0" 304 - "-" "gsa-crawler (Enterprise; T2-EG9QX8JZXNSJA; systems@nic.umass.edu,web@admin.umass.edu,ltgarcia@admin.umass.edu)"
128.119.100.152 - - [18/Jul/2010:23:44:07 -0400] "GET /~yliao/pmwiki/index.php?n=Site.SideBar?action=edit HTTP/1.0" 200 2334 "-" "gsa-crawler (Enterprise; S5-EY25PTT6T2NAA; systems@nic.umass.edu,web@admin.umass.edu,ltgarcia@admin.umass.edu)"
128.119.100.152 - - [18/Jul/2010:23:44:10 -0400] "GET /~yliao/pmwiki/index.php?n=Misc.Language HTTP/1.0" 200 2152 "-" "gsa-crawler (Enterprise; S5-EY25PTT6T2NAA; systems@nic.umass.edu,web@admin.umass.edu,ltgarcia@admin.umass.edu)"
128.119.100.152 - - [18/Jul/2010:23:44:17 -0400] "GET /~yliao/pmwiki/index.php?n=Misc.Bash HTTP/1.0" 200 2617 "-" "gsa-crawler (Enterprise; S5-EY25PTT6T2NAA; systems@nic.umass.edu,web@admin.umass.edu,ltgarcia@admin.umass.edu)"
123.125.66.83 - - [18/Jul/2010:23:44:18 -0400] "GET / HTTP/1.1" 200 247 "-" "Baiduspider+(+http://www.baidu.com/search/spider.htm)"
128.119.100.152 - - [18/Jul/2010:23:44:19 -0400] "GET /~yliao/pmwiki/index.php?n=Misc.Linux HTTP/1.0" 200 3621 "-" "gsa-crawler (Enterprise; S5-EY25PTT6T2NAA; systems@nic.umass.edu,web@admin.umass.edu,ltgarcia@admin.umass.edu)"
220.181.7.128 - - [18/Jul/2010:23:44:36 -0400] "GET / HTTP/1.1" 200 247 "-" "Baiduspider+(+http://www.baidu.com/search/spider.htm)"
128.119.100.153 - - [18/Jul/2010:23:47:05 -0400] "GET /mnilpub/papers/PID28496.pdf HTTP/1.0" 304 - "-" "gsa-crawler (Enterprise; T2-EG9QX8JZXNSJA; systems@nic.umass.edu,web@admin.umass.edu,ltgarcia@admin.umass.edu)"
128.119.100.153 - - [18/Jul/2010:23:47:06 -0400] "GET /~yliao/pmwiki/ HTTP/1.0" 200 2810 "-" "gsa-crawler (Enterprise; T2-EG9QX8JZXNSJA; systems@nic.umass.edu,web@admin.umass.edu,ltgarcia@admin.umass.edu)"
128.119.100.152 - - [18/Jul/2010:23:47:06 -0400] "GET /~yliao/pmwiki/index.php?n=Misc.Vim HTTP/1.0" 200 2862 "-" "gsa-crawler (Enterprise; S5-EY25PTT6T2NAA; systems@nic.umass.edu,web@admin.umass.edu,ltgarcia@admin.umass.edu)"
128.119.100.152 - - [18/Jul/2010:23:47:13 -0400] "GET /~yliao/pmwiki/index.php?n=Misc.Emacs HTTP/1.0" 200 2398 "-" "gsa-crawler (Enterprise; S5-EY25PTT6T2NAA; systems@nic.umass.edu,web@admin.umass.edu,ltgarcia@admin.umass.edu)"
128.119.100.153 - - [18/Jul/2010:23:47:14 -0400] "GET /~yliao/pmwiki/index.php?n=Main.HomePage HTTP/1.0" 200 2810 "-" "gsa-crawler (Enterprise; T2-EG9QX8JZXNSJA; systems@nic.umass.edu,web@admin.umass.edu,ltgarcia@admin.umass.edu)"
128.119.100.153 - - [18/Jul/2010:23:47:15 -0400] "GET /~yliao/pmwiki/index.php HTTP/1.0" 200 2810 "-" "gsa-crawler (Enterprise; T2-EG9QX8JZXNSJA; systems@nic.umass.edu,web@admin.umass.edu,ltgarcia@admin.umass.edu)"
128.119.100.153 - - [18/Jul/2010:23:47:16 -0400] "GET /~yliao/pmwiki/index.php?n=Course.Course HTTP/1.0" 200 2725 "-" "gsa-crawler (Enterprise; T2-EG9QX8JZXNSJA; systems@nic.umass.edu,web@admin.umass.edu,ltgarcia@admin.umass.edu)"
128.119.100.152 - - [18/Jul/2010:23:47:18 -0400] "GET /~yliao/pmwiki/index.php?n=Misc.Gnuplot HTTP/1.0" 200 2824 "-" "gsa-crawler (Enterprise; S5-EY25PTT6T2NAA; systems@nic.umass.edu,web@admin.umass.edu,ltgarcia@admin.umass.edu)"
128.119.100.152 - - [18/Jul/2010:23:47:35 -0400] "GET /~yliao/pmwiki/index.php?n=Misc.Misc HTTP/1.0" 200 8630 "-" "gsa-crawler (Enterprise; S5-EY25PTT6T2NAA; systems@nic.umass.edu,web@admin.umass.edu,ltgarcia@admin.umass.edu)"
58.218.204.110 - - [18/Jul/2010:23:49:10 -0400] "GET http://proxy.adsweet.com/proxyheader.php HTTP/1.1" 404 420 "-" "Mozilla/4.0 (compatible; MSIE 6.0; Windows NT 5.1)"
128.119.100.152 - - [18/Jul/2010:23:49:58 -0400] "GET /~yliao/pmwiki/index.php?n=Research.Project HTTP/1.0" 200 3844 "-" "gsa-crawler (Enterprise; S5-EY25PTT6T2NAA; systems@nic.umass.edu,web@admin.umass.edu,ltgarcia@admin.umass.edu)"
128.119.100.152 - - [18/Jul/2010:23:50:12 -0400] "GET /~yliao/pmwiki/index.php?n=Research.Research HTTP/1.0" 200 2679 "-" "gsa-crawler (Enterprise; S5-EY25PTT6T2NAA; systems@nic.umass.edu,web@admin.umass.edu,ltgarcia@admin.umass.edu)"
128.119.100.152 - - [18/Jul/2010:23:50:19 -0400] "GET /~yliao/pmwiki/index.php?n=Site.Search HTTP/1.0" 200 3029 "-" "gsa-crawler (Enterprise; S5-EY25PTT6T2NAA; systems@nic.umass.edu,web@admin.umass.edu,ltgarcia@admin.umass.edu)"
128.119.100.152 - - [18/Jul/2010:23:50:27 -0400] "GET /mnilpub/papers/PID28496.pdf HTTP/1.0" 304 - "-" "gsa-crawler (Enterprise; S5-EY25PTT6T2NAA; systems@nic.umass.edu,web@admin.umass.edu,ltgarcia@admin.umass.edu)"
128.119.100.152 - - [18/Jul/2010:23:50:37 -0400] "GET /~yliao/pmwiki/index.php?n=Tool.Tools HTTP/1.0" 200 2681 "-" "gsa-crawler (Enterprise; S5-EY25PTT6T2NAA; systems@nic.umass.edu,web@admin.umass.edu,ltgarcia@admin.umass.edu)"
128.119.100.152 - - [18/Jul/2010:23:54:49 -0400] "GET /~yliao/pmwiki/index.php?n=Fun.Fun HTTP/1.0" 200 2455 "-" "gsa-crawler (Enterprise; S5-EY25PTT6T2NAA; systems@nic.umass.edu,web@admin.umass.edu,ltgarcia@admin.umass.edu)"
128.119.100.152 - - [18/Jul/2010:23:54:49 -0400] "GET /~yliao/pmwiki/index.php?n=Misc.CVS HTTP/1.0" 200 3293 "-" "gsa-crawler (Enterprise; S5-EY25PTT6T2NAA; systems@nic.umass.edu,web@admin.umass.edu,ltgarcia@admin.umass.edu)"
128.119.100.152 - - [18/Jul/2010:23:54:51 -0400] "GET /~yliao/pmwiki/index.php?n=Misc.Latex HTTP/1.0" 200 4458 "-" "gsa-crawler (Enterprise; S5-EY25PTT6T2NAA; systems@nic.umass.edu,web@admin.umass.edu,ltgarcia@admin.umass.edu)"
128.119.100.152 - - [18/Jul/2010:23:56:03 -0400] "GET /~yliao/pmwiki/index.php?n=Research.Software HTTP/1.0" 200 2568 "-" "gsa-crawler (Enterprise; S5-EY25PTT6T2NAA; systems@nic.umass.edu,web@admin.umass.edu,ltgarcia@admin.umass.edu)"
128.119.100.152 - - [18/Jul/2010:23:57:53 -0400] "GET /~yliao/pmwiki/index.php?n=Admin.Admin HTTP/1.0" 200 2276 "-" "gsa-crawler (Enterprise; S5-EY25PTT6T2NAA; systems@nic.umass.edu,web@admin.umass.edu,ltgarcia@admin.umass.edu)"
128.119.100.152 - - [18/Jul/2010:23:57:58 -0400] "GET /~yliao/pmwiki/index.php?n=Private.Private HTTP/1.0" 200 2277 "-" "gsa-crawler (Enterprise; S5-EY25PTT6T2NAA; systems@nic.umass.edu,web@admin.umass.edu,ltgarcia@admin.umass.edu)"
128.119.100.153 - - [18/Jul/2010:23:57:59 -0400] "GET /robots.txt HTTP/1.0" 404 321 "-" "gsa-crawler (Enterprise; T2-EG9QX8JZXNSJA; systems@nic.umass.edu,web@admin.umass.edu,ltgarcia@admin.umass.edu)"
128.119.100.153 - - [18/Jul/2010:23:57:59 -0400] "GET / HTTP/1.0" 304 - "-" "gsa-crawler (Enterprise; T2-EG9QX8JZXNSJA; systems@nic.umass.edu,web@admin.umass.edu,ltgarcia@admin.umass.edu)"
128.119.100.152 - - [19/Jul/2010:00:00:54 -0400] "GET /~yliao/pmwiki/index.php?n=Course.Course HTTP/1.0" 200 2725 "-" "gsa-crawler (Enterprise; S5-EY25PTT6T2NAA; systems@nic.umass.edu,web@admin.umass.edu,ltgarcia@admin.umass.edu)"
128.119.100.152 - - [19/Jul/2010:00:00:58 -0400] "GET /~yliao/pmwiki/index.php?n=Site.SideBar?action=edit HTTP/1.0" 200 2334 "-" "gsa-crawler (Enterprise; S5-EY25PTT6T2NAA; systems@nic.umass.edu,web@admin.umass.edu,ltgarcia@admin.umass.edu)"
128.119.100.152 - - [19/Jul/2010:00:00:59 -0400] "GET /~yliao/pmwiki/index.php?n=Misc.Language HTTP/1.0" 200 2152 "-" "gsa-crawler (Enterprise; S5-EY25PTT6T2NAA; systems@nic.umass.edu,web@admin.umass.edu,ltgarcia@admin.umass.edu)"
128.119.100.152 - - [19/Jul/2010:00:03:58 -0400] "GET /~yliao/pmwiki/index.php?n=Misc.Bash HTTP/1.0" 200 2617 "-" "gsa-crawler (Enterprise; S5-EY25PTT6T2NAA; systems@nic.umass.edu,web@admin.umass.edu,ltgarcia@admin.umass.edu)"
128.119.100.152 - - [19/Jul/2010:00:03:58 -0400] "GET /~yliao/pmwiki/index.php?n=Misc.Linux HTTP/1.0" 200 3621 "-" "gsa-crawler (Enterprise; S5-EY25PTT6T2NAA; systems@nic.umass.edu,web@admin.umass.edu,ltgarcia@admin.umass.edu)"
128.119.100.152 - - [19/Jul/2010:00:04:04 -0400] "GET /~yliao/pmwiki/index.php?n=Misc.Vim HTTP/1.0" 200 2862 "-" "gsa-crawler (Enterprise; S5-EY25PTT6T2NAA; systems@nic.umass.edu,web@admin.umass.edu,ltgarcia@admin.umass.edu)"
128.177.10.252 - - [19/Jul/2010:00:05:07 -0400] "GET /~yliao/pmwiki/index.php%3fn=Main.CurriculumVitae HTTP/1.1" 404 451 "http://search.yahoo.com/search?n=100&ei=UTF-8&va_vt=any&vo_vt=any&ve_vt=any&vp_vt=any&vd=m3&vst=0&vf=all&vc=us&vm=r&fl=1&vl=lang_en&fr=ush-&p=intitle%3A%22CV+OF%22+SOFTWARE+-intitle%3Aexample+-intitle%3Asample&vs=" "Mozilla/4.0 (compatible; MSIE 7.0; Windows NT 6.1; SV1; .NET CLR 2.0.50727)"
128.119.100.152 - - [19/Jul/2010:00:05:18 -0400] "GET /~yliao/pmwiki/index.php?n=Misc.Emacs HTTP/1.0" 200 2398 "-" "gsa-crawler (Enterprise; S5-EY25PTT6T2NAA; systems@nic.umass.edu,web@admin.umass.edu,ltgarcia@admin.umass.edu)"
207.188.30.116 - - [19/Jul/2010:00:05:51 -0400] "GET /nosuichfile.php HTTP/1.1" 404 322 "-" "Mozilla/5.0 (Windows; U; Windows NT 5.1; en-US; rv:1.9.2.6) Gecko/20100625 Firefox/3.6.6"
207.188.30.116 - - [19/Jul/2010:00:05:51 -0400] "GET /noxdir/nosuichfile.php HTTP/1.1" 404 326 "-" "Mozilla/5.0 (Windows; U; Windows NT 5.1; en-US; rv:1.9.2.6) Gecko/20100625 Firefox/3.6.6"
207.188.30.116 - - [19/Jul/2010:00:05:52 -0400] "GET /PMA/scripts/setup.php HTTP/1.1" 404 326 "-" "Mozilla/5.0 (Windows; U; Windows NT 5.1; en-US; rv:1.9.2.6) Gecko/20100625 Firefox/3.6.6"
207.188.30.116 - - [19/Jul/2010:00:05:52 -0400] "GET /PMA2005/scripts/setup.php HTTP/1.1" 404 329 "-" "Mozilla/5.0 (Windows; U; Windows NT 5.1; en-US; rv:1.9.2.6) Gecko/20100625 Firefox/3.6.6"
207.188.30.116 - - [19/Jul/2010:00:05:52 -0400] "GET /admin/mysql/scripts/setup.php HTTP/1.1" 404 331 "-" "Mozilla/5.0 (Windows; U; Windows NT 5.1; en-US; rv:1.9.2.6) Gecko/20100625 Firefox/3.6.6"
207.188.30.116 - - [19/Jul/2010:00:05:52 -0400] "GET /admin/phpmyadmin/scripts/setup.php HTTP/1.1" 404 331 "-" "Mozilla/5.0 (Windows; U; Windows NT 5.1; en-US; rv:1.9.2.6) Gecko/20100625 Firefox/3.6.6"
207.188.30.116 - - [19/Jul/2010:00:05:52 -0400] "GET /admin/pma/scripts/setup.php HTTP/1.1" 404 329 "-" "Mozilla/5.0 (Windows; U; Windows NT 5.1; en-US; rv:1.9.2.6) Gecko/20100625 Firefox/3.6.6"
207.188.30.116 - - [19/Jul/2010:00:05:52 -0400] "GET /admin/scripts/setup.php HTTP/1.1" 404 327 "-" "Mozilla/5.0 (Windows; U; Windows NT 5.1; en-US; rv:1.9.2.6) Gecko/20100625 Firefox/3.6.6"
207.188.30.116 - - [19/Jul/2010:00:05:52 -0400] "GET /db/scripts/setup.php HTTP/1.1" 404 325 "-" "Mozilla/5.0 (Windows; U; Windows NT 5.1; en-US; rv:1.9.2.6) Gecko/20100625 Firefox/3.6.6"
207.188.30.116 - - [19/Jul/2010:00:05:52 -0400] "GET /dbadmin/scripts/setup.php HTTP/1.1" 404 328 "-" "Mozilla/5.0 (Windows; U; Windows NT 5.1; en-US; rv:1.9.2.6) Gecko/20100625 Firefox/3.6.6"
207.188.30.116 - - [19/Jul/2010:00:05:52 -0400] "GET /myadmin/scripts/setup.php HTTP/1.1" 404 328 "-" "Mozilla/5.0 (Windows; U; Windows NT 5.1; en-US; rv:1.9.2.6) Gecko/20100625 Firefox/3.6.6"
207.188.30.116 - - [19/Jul/2010:00:05:52 -0400] "GET /mysql-admin/scripts/setup.php HTTP/1.1" 404 331 "-" "Mozilla/5.0 (Windows; U; Windows NT 5.1; en-US; rv:1.9.2.6) Gecko/20100625 Firefox/3.6.6"
207.188.30.116 - - [19/Jul/2010:00:05:53 -0400] "GET /mysql/scripts/setup.php HTTP/1.1" 404 327 "-" "Mozilla/5.0 (Windows; U; Windows NT 5.1; en-US; rv:1.9.2.6) Gecko/20100625 Firefox/3.6.6"
207.188.30.116 - - [19/Jul/2010:00:05:53 -0400] "GET /mysqladmin/scripts/setup.php HTTP/1.1" 404 330 "-" "Mozilla/5.0 (Windows; U; Windows NT 5.1; en-US; rv:1.9.2.6) Gecko/20100625 Firefox/3.6.6"
207.188.30.116 - - [19/Jul/2010:00:05:53 -0400] "GET /mysqlmanager/scripts/setup.php HTTP/1.1" 404 332 "-" "Mozilla/5.0 (Windows; U; Windows NT 5.1; en-US; rv:1.9.2.6) Gecko/20100625 Firefox/3.6.6"
207.188.30.116 - - [19/Jul/2010:00:05:53 -0400] "GET /p/m/a/scripts/setup.php HTTP/1.1" 404 326 "-" "Mozilla/5.0 (Windows; U; Windows NT 5.1; en-US; rv:1.9.2.6) Gecko/20100625 Firefox/3.6.6"
207.188.30.116 - - [19/Jul/2010:00:05:53 -0400] "GET /pHpMy/scripts/setup.php HTTP/1.1" 404 327 "-" "Mozilla/5.0 (Windows; U; Windows NT 5.1; en-US; rv:1.9.2.6) Gecko/20100625 Firefox/3.6.6"
207.188.30.116 - - [19/Jul/2010:00:05:53 -0400] "GET /pHpMyAdMiN/scripts/setup.php HTTP/1.1" 404 331 "-" "Mozilla/5.0 (Windows; U; Windows NT 5.1; en-US; rv:1.9.2.6) Gecko/20100625 Firefox/3.6.6"
207.188.30.116 - - [19/Jul/2010:00:05:53 -0400] "GET /php-my-admin/scripts/setup.php HTTP/1.1" 404 331 "-" "Mozilla/5.0 (Windows; U; Windows NT 5.1; en-US; rv:1.9.2.6) Gecko/20100625 Firefox/3.6.6"
207.188.30.116 - - [19/Jul/2010:00:05:53 -0400] "GET /php-myadmin/scripts/setup.php HTTP/1.1" 404 330 "-" "Mozilla/5.0 (Windows; U; Windows NT 5.1; en-US; rv:1.9.2.6) Gecko/20100625 Firefox/3.6.6"
207.188.30.116 - - [19/Jul/2010:00:05:53 -0400] "GET /phpMyA/scripts/setup.php HTTP/1.1" 404 327 "-" "Mozilla/5.0 (Windows; U; Windows NT 5.1; en-US; rv:1.9.2.6) Gecko/20100625 Firefox/3.6.6"
207.188.30.116 - - [19/Jul/2010:00:05:53 -0400] "GET /phpMyAdmi/scripts/setup.php HTTP/1.1" 404 329 "-" "Mozilla/5.0 (Windows; U; Windows NT 5.1; en-US; rv:1.9.2.6) Gecko/20100625 Firefox/3.6.6"
207.188.30.116 - - [19/Jul/2010:00:05:54 -0400] "GET /phpMyAdmin-2.10.0/scripts/setup.php HTTP/1.1" 404 333 "-" "Mozilla/5.0 (Windows; U; Windows NT 5.1; en-US; rv:1.9.2.6) Gecko/20100625 Firefox/3.6.6"
207.188.30.116 - - [19/Jul/2010:00:05:54 -0400] "GET /phpMyAdmin-2.11.1/scripts/setup.php HTTP/1.1" 404 335 "-" "Mozilla/5.0 (Windows; U; Windows NT 5.1; en-US; rv:1.9.2.6) Gecko/20100625 Firefox/3.6.6"
207.188.30.116 - - [19/Jul/2010:00:05:54 -0400] "GET /phpMyAdmin-2.11.10/scripts/setup.php HTTP/1.1" 404 335 "-" "Mozilla/5.0 (Windows; U; Windows NT 5.1; en-US; rv:1.9.2.6) Gecko/20100625 Firefox/3.6.6"
207.188.30.116 - - [19/Jul/2010:00:05:54 -0400] "GET /phpMyAdmin-2.11.2/scripts/setup.php HTTP/1.1" 404 335 "-" "Mozilla/5.0 (Windows; U; Windows NT 5.1; en-US; rv:1.9.2.6) Gecko/20100625 Firefox/3.6.6"
207.188.30.116 - - [19/Jul/2010:00:05:54 -0400] "GET /phpMyAdmin-2.11.3/scripts/setup.php HTTP/1.1" 404 335 "-" "Mozilla/5.0 (Windows; U; Windows NT 5.1; en-US; rv:1.9.2.6) Gecko/20100625 Firefox/3.6.6"
207.188.30.116 - - [19/Jul/2010:00:05:54 -0400] "GET /phpMyAdmin-2.11.4/scripts/setup.php HTTP/1.1" 404 335 "-" "Mozilla/5.0 (Windows; U; Windows NT 5.1; en-US; rv:1.9.2.6) Gecko/20100625 Firefox/3.6.6"
207.188.30.116 - - [19/Jul/2010:00:05:54 -0400] "GET /phpMyAdmin-2.11.5/scripts/setup.php HTTP/1.1" 404 335 "-" "Mozilla/5.0 (Windows; U; Windows NT 5.1; en-US; rv:1.9.2.6) Gecko/20100625 Firefox/3.6.6"
207.188.30.116 - - [19/Jul/2010:00:05:54 -0400] "GET /phpMyAdmin-2.11.6/scripts/setup.php HTTP/1.1" 404 335 "-" "Mozilla/5.0 (Windows; U; Windows NT 5.1; en-US; rv:1.9.2.6) Gecko/20100625 Firefox/3.6.6"
207.188.30.116 - - [19/Jul/2010:00:05:54 -0400] "GET /phpMyAdmin-2.11.7/scripts/setup.php HTTP/1.1" 404 335 "-" "Mozilla/5.0 (Windows; U; Windows NT 5.1; en-US; rv:1.9.2.6) Gecko/20100625 Firefox/3.6.6"
207.188.30.116 - - [19/Jul/2010:00:05:54 -0400] "GET /phpMyAdmin-2.11.8/scripts/setup.php HTTP/1.1" 404 335 "-" "Mozilla/5.0 (Windows; U; Windows NT 5.1; en-US; rv:1.9.2.6) Gecko/20100625 Firefox/3.6.6"
207.188.30.116 - - [19/Jul/2010:00:05:55 -0400] "GET /phpMyAdmin-2.11.9/scripts/setup.php HTTP/1.1" 404 335 "-" "Mozilla/5.0 (Windows; U; Windows NT 5.1; en-US; rv:1.9.2.6) Gecko/20100625 Firefox/3.6.6"
207.188.30.116 - - [19/Jul/2010:00:05:55 -0400] "GET /phpMyAdmin-2.2.3/scripts/setup.php HTTP/1.1" 404 333 "-" "Mozilla/5.0 (Windows; U; Windows NT 5.1; en-US; rv:1.9.2.6) Gecko/20100625 Firefox/3.6.6"
207.188.30.116 - - [19/Jul/2010:00:05:55 -0400] "GET /phpMyAdmin-2.2.6/scripts/setup.php HTTP/1.1" 404 332 "-" "Mozilla/5.0 (Windows; U; Windows NT 5.1; en-US; rv:1.9.2.6) Gecko/20100625 Firefox/3.6.6"
207.188.30.116 - - [19/Jul/2010:00:05:55 -0400] "GET /phpMyAdmin-2.3.0/scripts/setup.php HTTP/1.1" 404 332 "-" "Mozilla/5.0 (Windows; U; Windows NT 5.1; en-US; rv:1.9.2.6) Gecko/20100625 Firefox/3.6.6"
207.188.30.116 - - [19/Jul/2010:00:05:55 -0400] "GET /phpMyAdmin-2.3.1/scripts/setup.php HTTP/1.1" 404 333 "-" "Mozilla/5.0 (Windows; U; Windows NT 5.1; en-US; rv:1.9.2.6) Gecko/20100625 Firefox/3.6.6"
207.188.30.116 - - [19/Jul/2010:00:05:55 -0400] "GET /phpMyAdmin-2.3.2/scripts/setup.php HTTP/1.1" 404 334 "-" "Mozilla/5.0 (Windows; U; Windows NT 5.1; en-US; rv:1.9.2.6) Gecko/20100625 Firefox/3.6.6"
207.188.30.116 - - [19/Jul/2010:00:05:55 -0400] "GET /phpMyAdmin-2.3.3/scripts/setup.php HTTP/1.1" 404 334 "-" "Mozilla/5.0 (Windows; U; Windows NT 5.1; en-US; rv:1.9.2.6) Gecko/20100625 Firefox/3.6.6"
207.188.30.116 - - [19/Jul/2010:00:05:55 -0400] "GET /phpMyAdmin-2.3.4/scripts/setup.php HTTP/1.1" 404 333 "-" "Mozilla/5.0 (Windows; U; Windows NT 5.1; en-US; rv:1.9.2.6) Gecko/20100625 Firefox/3.6.6"
207.188.30.116 - - [19/Jul/2010:00:05:55 -0400] "GET /phpMyAdmin-2.3.5/scripts/setup.php HTTP/1.1" 404 334 "-" "Mozilla/5.0 (Windows; U; Windows NT 5.1; en-US; rv:1.9.2.6) Gecko/20100625 Firefox/3.6.6"
207.188.30.116 - - [19/Jul/2010:00:05:55 -0400] "GET /phpMyAdmin-2.3.6/scripts/setup.php HTTP/1.1" 404 334 "-" "Mozilla/5.0 (Windows; U; Windows NT 5.1; en-US; rv:1.9.2.6) Gecko/20100625 Firefox/3.6.6"
207.188.30.116 - - [19/Jul/2010:00:05:55 -0400] "GET /phpMyAdmin-2.3.7/scripts/setup.php HTTP/1.1" 404 334 "-" "Mozilla/5.0 (Windows; U; Windows NT 5.1; en-US; rv:1.9.2.6) Gecko/20100625 Firefox/3.6.6"
207.188.30.116 - - [19/Jul/2010:00:05:56 -0400] "GET /phpMyAdmin-2.3.8/scripts/setup.php HTTP/1.1" 404 334 "-" "Mozilla/5.0 (Windows; U; Windows NT 5.1; en-US; rv:1.9.2.6) Gecko/20100625 Firefox/3.6.6"
207.188.30.116 - - [19/Jul/2010:00:05:56 -0400] "GET /phpMyAdmin-2.3.9/scripts/setup.php HTTP/1.1" 404 333 "-" "Mozilla/5.0 (Windows; U; Windows NT 5.1; en-US; rv:1.9.2.6) Gecko/20100625 Firefox/3.6.6"
207.188.30.116 - - [19/Jul/2010:00:05:56 -0400] "GET /phpMyAdmin-2.4.0/scripts/setup.php HTTP/1.1" 404 333 "-" "Mozilla/5.0 (Windows; U; Windows NT 5.1; en-US; rv:1.9.2.6) Gecko/20100625 Firefox/3.6.6"
207.188.30.116 - - [19/Jul/2010:00:05:56 -0400] "GET /phpMyAdmin-2.4.1/scripts/setup.php HTTP/1.1" 404 333 "-" "Mozilla/5.0 (Windows; U; Windows NT 5.1; en-US; rv:1.9.2.6) Gecko/20100625 Firefox/3.6.6"
207.188.30.116 - - [19/Jul/2010:00:05:56 -0400] "GET /phpMyAdmin-2.4.2/scripts/setup.php HTTP/1.1" 404 333 "-" "Mozilla/5.0 (Windows; U; Windows NT 5.1; en-US; rv:1.9.2.6) Gecko/20100625 Firefox/3.6.6"
207.188.30.116 - - [19/Jul/2010:00:05:56 -0400] "GET /phpMyAdmin-2.4.3/scripts/setup.php HTTP/1.1" 404 334 "-" "Mozilla/5.0 (Windows; U; Windows NT 5.1; en-US; rv:1.9.2.6) Gecko/20100625 Firefox/3.6.6"
207.188.30.116 - - [19/Jul/2010:00:05:56 -0400] "GET /phpMyAdmin-2.4.4/scripts/setup.php HTTP/1.1" 404 334 "-" "Mozilla/5.0 (Windows; U; Windows NT 5.1; en-US; rv:1.9.2.6) Gecko/20100625 Firefox/3.6.6"
207.188.30.116 - - [19/Jul/2010:00:05:56 -0400] "GET /phpMyAdmin-2.4.5/scripts/setup.php HTTP/1.1" 404 334 "-" "Mozilla/5.0 (Windows; U; Windows NT 5.1; en-US; rv:1.9.2.6) Gecko/20100625 Firefox/3.6.6"
207.188.30.116 - - [19/Jul/2010:00:05:56 -0400] "GET /phpMyAdmin-2.4.6/scripts/setup.php HTTP/1.1" 404 333 "-" "Mozilla/5.0 (Windows; U; Windows NT 5.1; en-US; rv:1.9.2.6) Gecko/20100625 Firefox/3.6.6"
207.188.30.116 - - [19/Jul/2010:00:05:56 -0400] "GET /phpMyAdmin-2.4.7/scripts/setup.php HTTP/1.1" 404 334 "-" "Mozilla/5.0 (Windows; U; Windows NT 5.1; en-US; rv:1.9.2.6) Gecko/20100625 Firefox/3.6.6"
207.188.30.116 - - [19/Jul/2010:00:05:56 -0400] "GET /phpMyAdmin-2.4.8/scripts/setup.php HTTP/1.1" 404 333 "-" "Mozilla/5.0 (Windows; U; Windows NT 5.1; en-US; rv:1.9.2.6) Gecko/20100625 Firefox/3.6.6"
207.188.30.116 - - [19/Jul/2010:00:05:57 -0400] "GET /phpMyAdmin-2.4.9/scripts/setup.php HTTP/1.1" 404 334 "-" "Mozilla/5.0 (Windows; U; Windows NT 5.1; en-US; rv:1.9.2.6) Gecko/20100625 Firefox/3.6.6"
207.188.30.116 - - [19/Jul/2010:00:05:57 -0400] "GET /phpMyAdmin-2.5.0/scripts/setup.php HTTP/1.1" 404 333 "-" "Mozilla/5.0 (Windows; U; Windows NT 5.1; en-US; rv:1.9.2.6) Gecko/20100625 Firefox/3.6.6"
207.188.30.116 - - [19/Jul/2010:00:05:57 -0400] "GET /phpMyAdmin-2.5.1/scripts/setup.php HTTP/1.1" 404 334 "-" "Mozilla/5.0 (Windows; U; Windows NT 5.1; en-US; rv:1.9.2.6) Gecko/20100625 Firefox/3.6.6"
207.188.30.116 - - [19/Jul/2010:00:05:57 -0400] "GET /phpMyAdmin-2.5.2/scripts/setup.php HTTP/1.1" 404 333 "-" "Mozilla/5.0 (Windows; U; Windows NT 5.1; en-US; rv:1.9.2.6) Gecko/20100625 Firefox/3.6.6"
207.188.30.116 - - [19/Jul/2010:00:05:57 -0400] "GET /phpMyAdmin-2.5.3/scripts/setup.php HTTP/1.1" 404 334 "-" "Mozilla/5.0 (Windows; U; Windows NT 5.1; en-US; rv:1.9.2.6) Gecko/20100625 Firefox/3.6.6"
207.188.30.116 - - [19/Jul/2010:00:05:57 -0400] "GET /phpMyAdmin-2.5.4/scripts/setup.php HTTP/1.1" 404 333 "-" "Mozilla/5.0 (Windows; U; Windows NT 5.1; en-US; rv:1.9.2.6) Gecko/20100625 Firefox/3.6.6"
207.188.30.116 - - [19/Jul/2010:00:05:57 -0400] "GET /phpMyAdmin-2.5.5-pl1/scripts/setup.php HTTP/1.1" 404 336 "-" "Mozilla/5.0 (Windows; U; Windows NT 5.1; en-US; rv:1.9.2.6) Gecko/20100625 Firefox/3.6.6"
207.188.30.116 - - [19/Jul/2010:00:05:57 -0400] "GET /phpMyAdmin-2.5.5-rc1/scripts/setup.php HTTP/1.1" 404 336 "-" "Mozilla/5.0 (Windows; U; Windows NT 5.1; en-US; rv:1.9.2.6) Gecko/20100625 Firefox/3.6.6"
207.188.30.116 - - [19/Jul/2010:00:05:57 -0400] "GET /phpMyAdmin-2.5.5-rc2/scripts/setup.php HTTP/1.1" 404 336 "-" "Mozilla/5.0 (Windows; U; Windows NT 5.1; en-US; rv:1.9.2.6) Gecko/20100625 Firefox/3.6.6"
207.188.30.116 - - [19/Jul/2010:00:05:57 -0400] "GET /phpMyAdmin-2.5.5/scripts/setup.php HTTP/1.1" 404 333 "-" "Mozilla/5.0 (Windows; U; Windows NT 5.1; en-US; rv:1.9.2.6) Gecko/20100625 Firefox/3.6.6"
207.188.30.116 - - [19/Jul/2010:00:05:57 -0400] "GET /phpMyAdmin-2.5.6-rc1/scripts/setup.php HTTP/1.1" 404 336 "-" "Mozilla/5.0 (Windows; U; Windows NT 5.1; en-US; rv:1.9.2.6) Gecko/20100625 Firefox/3.6.6"
207.188.30.116 - - [19/Jul/2010:00:05:57 -0400] "GET /phpMyAdmin-2.5.6-rc2/scripts/setup.php HTTP/1.1" 404 336 "-" "Mozilla/5.0 (Windows; U; Windows NT 5.1; en-US; rv:1.9.2.6) Gecko/20100625 Firefox/3.6.6"
207.188.30.116 - - [19/Jul/2010:00:05:58 -0400] "GET /phpMyAdmin-2.5.6/scripts/setup.php HTTP/1.1" 404 334 "-" "Mozilla/5.0 (Windows; U; Windows NT 5.1; en-US; rv:1.9.2.6) Gecko/20100625 Firefox/3.6.6"
207.188.30.116 - - [19/Jul/2010:00:05:58 -0400] "GET /phpMyAdmin-2.5.7-pl1/scripts/setup.php HTTP/1.1" 404 337 "-" "Mozilla/5.0 (Windows; U; Windows NT 5.1; en-US; rv:1.9.2.6) Gecko/20100625 Firefox/3.6.6"
207.188.30.116 - - [19/Jul/2010:00:05:58 -0400] "GET /phpMyAdmin-2.5.7/scripts/setup.php HTTP/1.1" 404 334 "-" "Mozilla/5.0 (Windows; U; Windows NT 5.1; en-US; rv:1.9.2.6) Gecko/20100625 Firefox/3.6.6"
207.188.30.116 - - [19/Jul/2010:00:05:58 -0400] "GET /phpMyAdmin-2.5.8/scripts/setup.php HTTP/1.1" 404 334 "-" "Mozilla/5.0 (Windows; U; Windows NT 5.1; en-US; rv:1.9.2.6) Gecko/20100625 Firefox/3.6.6"
207.188.30.116 - - [19/Jul/2010:00:05:58 -0400] "GET /phpMyAdmin-2.5.9/scripts/setup.php HTTP/1.1" 404 334 "-" "Mozilla/5.0 (Windows; U; Windows NT 5.1; en-US; rv:1.9.2.6) Gecko/20100625 Firefox/3.6.6"
207.188.30.116 - - [19/Jul/2010:00:05:58 -0400] "GET /phpMyAdmin-2.6.0-alpha/scripts/setup.php HTTP/1.1" 404 338 "-" "Mozilla/5.0 (Windows; U; Windows NT 5.1; en-US; rv:1.9.2.6) Gecko/20100625 Firefox/3.6.6"
207.188.30.116 - - [19/Jul/2010:00:05:58 -0400] "GET /phpMyAdmin-2.6.0-alpha2/scripts/setup.php HTTP/1.1" 404 338 "-" "Mozilla/5.0 (Windows; U; Windows NT 5.1; en-US; rv:1.9.2.6) Gecko/20100625 Firefox/3.6.6"
207.188.30.116 - - [19/Jul/2010:00:05:58 -0400] "GET /phpMyAdmin-2.6.0-beta1/scripts/setup.php HTTP/1.1" 404 338 "-" "Mozilla/5.0 (Windows; U; Windows NT 5.1; en-US; rv:1.9.2.6) Gecko/20100625 Firefox/3.6.6"
207.188.30.116 - - [19/Jul/2010:00:05:58 -0400] "GET /phpMyAdmin-2.6.0-beta2/scripts/setup.php HTTP/1.1" 404 338 "-" "Mozilla/5.0 (Windows; U; Windows NT 5.1; en-US; rv:1.9.2.6) Gecko/20100625 Firefox/3.6.6"
207.188.30.116 - - [19/Jul/2010:00:05:58 -0400] "GET /phpMyAdmin-2.6.0-pl1/scripts/setup.php HTTP/1.1" 404 336 "-" "Mozilla/5.0 (Windows; U; Windows NT 5.1; en-US; rv:1.9.2.6) Gecko/20100625 Firefox/3.6.6"
207.188.30.116 - - [19/Jul/2010:00:05:59 -0400] "GET /phpMyAdmin-2.6.0-pl2/scripts/setup.php HTTP/1.1" 404 336 "-" "Mozilla/5.0 (Windows; U; Windows NT 5.1; en-US; rv:1.9.2.6) Gecko/20100625 Firefox/3.6.6"
207.188.30.116 - - [19/Jul/2010:00:05:59 -0400] "GET /phpMyAdmin-2.6.0-pl3/scripts/setup.php HTTP/1.1" 404 336 "-" "Mozilla/5.0 (Windows; U; Windows NT 5.1; en-US; rv:1.9.2.6) Gecko/20100625 Firefox/3.6.6"
207.188.30.116 - - [19/Jul/2010:00:05:59 -0400] "GET /phpMyAdmin-2.6.0-rc1/scripts/setup.php HTTP/1.1" 404 337 "-" "Mozilla/5.0 (Windows; U; Windows NT 5.1; en-US; rv:1.9.2.6) Gecko/20100625 Firefox/3.6.6"
207.188.30.116 - - [19/Jul/2010:00:05:59 -0400] "GET /phpMyAdmin-2.6.0-rc2/scripts/setup.php HTTP/1.1" 404 337 "-" "Mozilla/5.0 (Windows; U; Windows NT 5.1; en-US; rv:1.9.2.6) Gecko/20100625 Firefox/3.6.6"
207.188.30.116 - - [19/Jul/2010:00:05:59 -0400] "GET /phpMyAdmin-2.6.0-rc3/scripts/setup.php HTTP/1.1" 404 337 "-" "Mozilla/5.0 (Windows; U; Windows NT 5.1; en-US; rv:1.9.2.6) Gecko/20100625 Firefox/3.6.6"
207.188.30.116 - - [19/Jul/2010:00:05:59 -0400] "GET /phpMyAdmin-2.6.0/scripts/setup.php HTTP/1.1" 404 334 "-" "Mozilla/5.0 (Windows; U; Windows NT 5.1; en-US; rv:1.9.2.6) Gecko/20100625 Firefox/3.6.6"
207.188.30.116 - - [19/Jul/2010:00:05:59 -0400] "GET /phpMyAdmin-2.6.1-pl1/scripts/setup.php HTTP/1.1" 404 336 "-" "Mozilla/5.0 (Windows; U; Windows NT 5.1; en-US; rv:1.9.2.6) Gecko/20100625 Firefox/3.6.6"
207.188.30.116 - - [19/Jul/2010:00:05:59 -0400] "GET /phpMyAdmin-2.6.1-pl2/scripts/setup.php HTTP/1.1" 404 336 "-" "Mozilla/5.0 (Windows; U; Windows NT 5.1; en-US; rv:1.9.2.6) Gecko/20100625 Firefox/3.6.6"
207.188.30.116 - - [19/Jul/2010:00:05:59 -0400] "GET /phpMyAdmin-2.6.1-pl3/scripts/setup.php HTTP/1.1" 404 336 "-" "Mozilla/5.0 (Windows; U; Windows NT 5.1; en-US; rv:1.9.2.6) Gecko/20100625 Firefox/3.6.6"
207.188.30.116 - - [19/Jul/2010:00:05:59 -0400] "GET /phpMyAdmin-2.6.1-rc1/scripts/setup.php HTTP/1.1" 404 336 "-" "Mozilla/5.0 (Windows; U; Windows NT 5.1; en-US; rv:1.9.2.6) Gecko/20100625 Firefox/3.6.6"
207.188.30.116 - - [19/Jul/2010:00:05:59 -0400] "GET /phpMyAdmin-2.6.1-rc2/scripts/setup.php HTTP/1.1" 404 337 "-" "Mozilla/5.0 (Windows; U; Windows NT 5.1; en-US; rv:1.9.2.6) Gecko/20100625 Firefox/3.6.6"
207.188.30.116 - - [19/Jul/2010:00:05:59 -0400] "GET /phpMyAdmin-2.6.1/scripts/setup.php HTTP/1.1" 404 334 "-" "Mozilla/5.0 (Windows; U; Windows NT 5.1; en-US; rv:1.9.2.6) Gecko/20100625 Firefox/3.6.6"
