128.119.100.152 - - [18/Jul/2010:20:33:47 -0400] "GET /~yliao/pmwiki/index.php?n=Misc.Language HTTP/1.0" 200 2152 "-" "gsa-crawler (Enterprise; S5-EY25PTT6T2NAA; systems@nic.umass.edu,web@admin.umass.edu,ltgarcia@admin.umass.edu)"
128.119.100.152 - - [18/Jul/2010:20:34:13 -0400] "GET /~yliao/pmwiki/index.php?n=Misc.Bash HTTP/1.0" 200 2617 "-" "gsa-crawler (Enterprise; S5-EY25PTT6T2NAA; systems@nic.umass.edu,web@admin.umass.edu,ltgarcia@admin.umass.edu)"
69.147.114.105 - - [18/Jul/2010:20:36:09 -0400] "GET / HTTP/1.1" 200 247 "-" "-"
69.147.114.105 - - [18/Jul/2010:20:36:10 -0400] "GET /favicon.ico HTTP/1.1" 200 4710 "-" "-"
128.119.100.152 - - [18/Jul/2010:20:36:47 -0400] "GET /~yliao/pmwiki/index.php?n=Misc.Linux HTTP/1.0" 200 3621 "-" "gsa-crawler (Enterprise; S5-EY25PTT6T2NAA; systems@nic.umass.edu,web@admin.umass.edu,ltgarcia@admin.umass.edu)"
128.119.100.152 - - [18/Jul/2010:20:39:14 -0400] "GET /~yliao/pmwiki/index.php?n=Misc.Vim HTTP/1.0" 200 2862 "-" "gsa-crawler (Enterprise; S5-EY25PTT6T2NAA; systems@nic.umass.edu,web@admin.umass.edu,ltgarcia@admin.umass.edu)"
128.119.100.152 - - [18/Jul/2010:20:39:17 -0400] "GET /~yliao/pmwiki/index.php?n=Misc.Emacs HTTP/1.0" 200 2398 "-" "gsa-crawler (Enterprise; S5-EY25PTT6T2NAA; systems@nic.umass.edu,web@admin.umass.edu,ltgarcia@admin.umass.edu)"
128.119.100.152 - - [18/Jul/2010:20:39:26 -0400] "GET /~yliao/pmwiki/index.php?n=Misc.CVS HTTP/1.0" 200 3293 "-" "gsa-crawler (Enterprise; S5-EY25PTT6T2NAA; systems@nic.umass.edu,web@admin.umass.edu,ltgarcia@admin.umass.edu)"
128.119.100.152 - - [18/Jul/2010:20:39:29 -0400] "GET /~yliao/pmwiki/index.php?n=Misc.Latex HTTP/1.0" 200 4458 "-" "gsa-crawler (Enterprise; S5-EY25PTT6T2NAA; systems@nic.umass.edu,web@admin.umass.edu,ltgarcia@admin.umass.edu)"
220.181.7.61 - - [18/Jul/2010:20:40:23 -0400] "GET / HTTP/1.1" 200 247 "-" "Baiduspider+(+http://www.baidu.com/search/spider.htm)"
123.125.66.128 - - [18/Jul/2010:20:41:45 -0400] "GET / HTTP/1.1" 200 247 "-" "Baiduspider+(+http://www.baidu.com/search/spider.htm)"
128.119.100.152 - - [18/Jul/2010:20:42:17 -0400] "GET /~yliao/pmwiki/index.php?n=Research.Software HTTP/1.0" 200 2568 "-" "gsa-crawler (Enterprise; S5-EY25PTT6T2NAA; systems@nic.umass.edu,web@admin.umass.edu,ltgarcia@admin.umass.edu)"
128.119.100.152 - - [18/Jul/2010:20:42:28 -0400] "GET /~yliao/pmwiki/index.php?n=Admin.Admin HTTP/1.0" 200 2276 "-" "gsa-crawler (Enterprise; S5-EY25PTT6T2NAA; systems@nic.umass.edu,web@admin.umass.edu,ltgarcia@admin.umass.edu)"
128.119.100.152 - - [18/Jul/2010:20:42:33 -0400] "GET /~yliao/pmwiki/index.php?n=Private.Private HTTP/1.0" 200 2277 "-" "gsa-crawler (Enterprise; S5-EY25PTT6T2NAA; systems@nic.umass.edu,web@admin.umass.edu,ltgarcia@admin.umass.edu)"
128.119.100.153 - - [18/Jul/2010:20:42:46 -0400] "GET / HTTP/1.0" 304 - "-" "gsa-crawler (Enterprise; T2-EG9QX8JZXNSJA; systems@nic.umass.edu,web@admin.umass.edu,ltgarcia@admin.umass.edu)"
128.119.100.152 - - [18/Jul/2010:20:45:17 -0400] "GET /~yliao/pmwiki/index.php?n=Course.Course HTTP/1.0" 200 2725 "-" "gsa-crawler (Enterprise; S5-EY25PTT6T2NAA; systems@nic.umass.edu,web@admin.umass.edu,ltgarcia@admin.umass.edu)"
128.119.100.152 - - [18/Jul/2010:20:45:32 -0400] "GET /~yliao/pmwiki/index.php?n=Site.SideBar?action=edit HTTP/1.0" 200 2334 "-" "gsa-crawler (Enterprise; S5-EY25PTT6T2NAA; systems@nic.umass.edu,web@admin.umass.edu,ltgarcia@admin.umass.edu)"
128.119.100.152 - - [18/Jul/2010:20:46:52 -0400] "GET /~yliao/pmwiki/index.php?n=Misc.Language HTTP/1.0" 200 2152 "-" "gsa-crawler (Enterprise; S5-EY25PTT6T2NAA; systems@nic.umass.edu,web@admin.umass.edu,ltgarcia@admin.umass.edu)"
128.119.100.152 - - [18/Jul/2010:20:48:23 -0400] "GET /~yliao/pmwiki/index.php?n=Misc.Bash HTTP/1.0" 200 2617 "-" "gsa-crawler (Enterprise; S5-EY25PTT6T2NAA; systems@nic.umass.edu,web@admin.umass.edu,ltgarcia@admin.umass.edu)"
128.119.100.152 - - [18/Jul/2010:20:48:33 -0400] "GET /~yliao/pmwiki/index.php?n=Misc.Linux HTTP/1.0" 200 3621 "-" "gsa-crawler (Enterprise; S5-EY25PTT6T2NAA; systems@nic.umass.edu,web@admin.umass.edu,ltgarcia@admin.umass.edu)"
128.119.100.152 - - [18/Jul/2010:20:48:38 -0400] "GET /~yliao/pmwiki/index.php?n=Misc.Vim HTTP/1.0" 200 2862 "-" "gsa-crawler (Enterprise; S5-EY25PTT6T2NAA; systems@nic.umass.edu,web@admin.umass.edu,ltgarcia@admin.umass.edu)"
220.181.7.37 - - [18/Jul/2010:20:49:43 -0400] "GET / HTTP/1.1" 200 202 "-" "Baiduspider+(+http://www.baidu.com/search/spider.htm)"
220.181.7.54 - - [18/Jul/2010:20:49:44 -0400] "GET /html/ HTTP/1.1" 200 1360 "-" "Baiduspider+(+http://www.baidu.com/search/spider.htm)"
128.119.100.153 - - [18/Jul/2010:20:51:12 -0400] "GET /~yliao/pmwiki/index.php?n=Main.HomePage HTTP/1.0" 200 2810 "-" "gsa-crawler (Enterprise; T2-EG9QX8JZXNSJA; systems@nic.umass.edu,web@admin.umass.edu,ltgarcia@admin.umass.edu)"
128.119.100.153 - - [18/Jul/2010:20:51:13 -0400] "GET /~yliao/pmwiki/index.php HTTP/1.0" 200 2810 "-" "gsa-crawler (Enterprise; T2-EG9QX8JZXNSJA; systems@nic.umass.edu,web@admin.umass.edu,ltgarcia@admin.umass.edu)"
128.119.100.153 - - [18/Jul/2010:20:51:15 -0400] "GET /~yliao/pmwiki/index.php?n=Course.Course HTTP/1.0" 200 2725 "-" "gsa-crawler (Enterprise; T2-EG9QX8JZXNSJA; systems@nic.umass.edu,web@admin.umass.edu,ltgarcia@admin.umass.edu)"
128.119.100.153 - - [18/Jul/2010:20:51:18 -0400] "GET /mnilpub/papers/PID28496.pdf HTTP/1.0" 304 - "-" "gsa-crawler (Enterprise; T2-EG9QX8JZXNSJA; systems@nic.umass.edu,web@admin.umass.edu,ltgarcia@admin.umass.edu)"
128.119.100.153 - - [18/Jul/2010:20:51:18 -0400] "GET /robots.txt HTTP/1.0" 404 321 "-" "gsa-crawler (Enterprise; T2-EG9QX8JZXNSJA; systems@nic.umass.edu,web@admin.umass.edu,ltgarcia@admin.umass.edu)"
128.119.100.153 - - [18/Jul/2010:20:51:18 -0400] "GET /~yliao/pmwiki/ HTTP/1.0" 200 2810 "-" "gsa-crawler (Enterprise; T2-EG9QX8JZXNSJA; systems@nic.umass.edu,web@admin.umass.edu,ltgarcia@admin.umass.edu)"
128.119.100.152 - - [18/Jul/2010:20:51:28 -0400] "GET /~yliao/pmwiki/index.php?n=Misc.Emacs HTTP/1.0" 200 2398 "-" "gsa-crawler (Enterprise; S5-EY25PTT6T2NAA; systems@nic.umass.edu,web@admin.umass.edu,ltgarcia@admin.umass.edu)"
128.119.100.152 - - [18/Jul/2010:20:51:38 -0400] "GET /~yliao/pmwiki/index.php?n=Misc.CVS HTTP/1.0" 200 3293 "-" "gsa-crawler (Enterprise; S5-EY25PTT6T2NAA; systems@nic.umass.edu,web@admin.umass.edu,ltgarcia@admin.umass.edu)"
128.119.100.152 - - [18/Jul/2010:20:51:57 -0400] "GET /~yliao/pmwiki/index.php?n=Misc.Latex HTTP/1.0" 200 4458 "-" "gsa-crawler (Enterprise; S5-EY25PTT6T2NAA; systems@nic.umass.edu,web@admin.umass.edu,ltgarcia@admin.umass.edu)"
128.119.100.153 - - [18/Jul/2010:20:52:18 -0400] "GET / HTTP/1.0" 304 - "-" "gsa-crawler (Enterprise; T2-EG9QX8JZXNSJA; systems@nic.umass.edu,web@admin.umass.edu,ltgarcia@admin.umass.edu)"
124.115.0.168 - - [18/Jul/2010:20:54:29 -0400] "GET / HTTP/1.1" 200 202 "-" "Sosospider+(+http://help.soso.com/webspider.htm)"
124.115.0.168 - - [18/Jul/2010:20:54:29 -0400] "GET /html/ HTTP/1.1" 200 1360 "-" "Sosospider+(+http://help.soso.com/webspider.htm)"
128.119.100.152 - - [18/Jul/2010:20:55:08 -0400] "GET /~yliao/pmwiki/index.php?n=Research.Software HTTP/1.0" 200 2568 "-" "gsa-crawler (Enterprise; S5-EY25PTT6T2NAA; systems@nic.umass.edu,web@admin.umass.edu,ltgarcia@admin.umass.edu)"
128.119.100.152 - - [18/Jul/2010:20:55:09 -0400] "GET /~yliao/pmwiki/index.php?n=Admin.Admin HTTP/1.0" 200 2276 "-" "gsa-crawler (Enterprise; S5-EY25PTT6T2NAA; systems@nic.umass.edu,web@admin.umass.edu,ltgarcia@admin.umass.edu)"
128.119.100.152 - - [18/Jul/2010:20:55:13 -0400] "GET /~yliao/pmwiki/index.php?n=Private.Private HTTP/1.0" 200 2277 "-" "gsa-crawler (Enterprise; S5-EY25PTT6T2NAA; systems@nic.umass.edu,web@admin.umass.edu,ltgarcia@admin.umass.edu)"
128.119.100.152 - - [18/Jul/2010:20:57:24 -0400] "GET /~yliao/pmwiki/index.php?n=Course.Course HTTP/1.0" 200 2725 "-" "gsa-crawler (Enterprise; S5-EY25PTT6T2NAA; systems@nic.umass.edu,web@admin.umass.edu,ltgarcia@admin.umass.edu)"
128.119.100.152 - - [18/Jul/2010:20:58:14 -0400] "GET /~yliao/pmwiki/index.php?n=Site.SideBar?action=edit HTTP/1.0" 200 2334 "-" "gsa-crawler (Enterprise; S5-EY25PTT6T2NAA; systems@nic.umass.edu,web@admin.umass.edu,ltgarcia@admin.umass.edu)"
128.119.100.152 - - [18/Jul/2010:20:58:25 -0400] "GET /~yliao/pmwiki/index.php?n=Misc.Language HTTP/1.0" 200 2152 "-" "gsa-crawler (Enterprise; S5-EY25PTT6T2NAA; systems@nic.umass.edu,web@admin.umass.edu,ltgarcia@admin.umass.edu)"
128.119.100.152 - - [18/Jul/2010:21:01:08 -0400] "GET /~yliao/pmwiki/index.php?n=Misc.Bash HTTP/1.0" 200 2617 "-" "gsa-crawler (Enterprise; S5-EY25PTT6T2NAA; systems@nic.umass.edu,web@admin.umass.edu,ltgarcia@admin.umass.edu)"
128.119.100.152 - - [18/Jul/2010:21:01:26 -0400] "GET /robots.txt HTTP/1.0" 404 321 "-" "gsa-crawler (Enterprise; S5-EY25PTT6T2NAA; systems@nic.umass.edu,web@admin.umass.edu,ltgarcia@admin.umass.edu)"
128.119.100.152 - - [18/Jul/2010:21:01:26 -0400] "GET /~yliao/pmwiki/index.php?n=Misc.Linux HTTP/1.0" 200 3621 "-" "gsa-crawler (Enterprise; S5-EY25PTT6T2NAA; systems@nic.umass.edu,web@admin.umass.edu,ltgarcia@admin.umass.edu)"
128.119.100.152 - - [18/Jul/2010:21:01:29 -0400] "GET /~yliao/pmwiki/index.php?n=Misc.Vim HTTP/1.0" 200 2862 "-" "gsa-crawler (Enterprise; S5-EY25PTT6T2NAA; systems@nic.umass.edu,web@admin.umass.edu,ltgarcia@admin.umass.edu)"
128.119.100.152 - - [18/Jul/2010:21:01:32 -0400] "GET /~yliao/pmwiki/index.php?n=Misc.Emacs HTTP/1.0" 200 2398 "-" "gsa-crawler (Enterprise; S5-EY25PTT6T2NAA; systems@nic.umass.edu,web@admin.umass.edu,ltgarcia@admin.umass.edu)"
128.119.100.152 - - [18/Jul/2010:21:01:35 -0400] "GET /~yliao/pmwiki/index.php?n=Misc.CVS HTTP/1.0" 200 3293 "-" "gsa-crawler (Enterprise; S5-EY25PTT6T2NAA; systems@nic.umass.edu,web@admin.umass.edu,ltgarcia@admin.umass.edu)"
128.119.100.152 - - [18/Jul/2010:21:01:39 -0400] "GET /~yliao/pmwiki/index.php?n=Misc.Latex HTTP/1.0" 200 4458 "-" "gsa-crawler (Enterprise; S5-EY25PTT6T2NAA; systems@nic.umass.edu,web@admin.umass.edu,ltgarcia@admin.umass.edu)"
128.119.100.152 - - [18/Jul/2010:21:04:59 -0400] "GET /~yliao/pmwiki/index.php?n=Research.Software HTTP/1.0" 200 2568 "-" "gsa-crawler (Enterprise; S5-EY25PTT6T2NAA; systems@nic.umass.edu,web@admin.umass.edu,ltgarcia@admin.umass.edu)"
128.119.100.152 - - [18/Jul/2010:21:05:02 -0400] "GET /~yliao/pmwiki/index.php?n=Admin.Admin HTTP/1.0" 200 2276 "-" "gsa-crawler (Enterprise; S5-EY25PTT6T2NAA; systems@nic.umass.edu,web@admin.umass.edu,ltgarcia@admin.umass.edu)"
128.119.100.152 - - [18/Jul/2010:21:05:03 -0400] "GET /~yliao/pmwiki/index.php?n=Private.Private HTTP/1.0" 200 2277 "-" "gsa-crawler (Enterprise; S5-EY25PTT6T2NAA; systems@nic.umass.edu,web@admin.umass.edu,ltgarcia@admin.umass.edu)"
128.119.100.152 - - [18/Jul/2010:21:05:04 -0400] "GET /~yliao/pmwiki/index.php?n=Course.Course HTTP/1.0" 200 2725 "-" "gsa-crawler (Enterprise; S5-EY25PTT6T2NAA; systems@nic.umass.edu,web@admin.umass.edu,ltgarcia@admin.umass.edu)"
128.119.100.152 - - [18/Jul/2010:21:05:14 -0400] "GET /~yliao/pmwiki/index.php?n=Site.SideBar?action=edit HTTP/1.0" 200 2334 "-" "gsa-crawler (Enterprise; S5-EY25PTT6T2NAA; systems@nic.umass.edu,web@admin.umass.edu,ltgarcia@admin.umass.edu)"
128.119.100.153 - - [18/Jul/2010:21:06:29 -0400] "GET / HTTP/1.0" 304 - "-" "gsa-crawler (Enterprise; T2-EG9QX8JZXNSJA; systems@nic.umass.edu,web@admin.umass.edu,ltgarcia@admin.umass.edu)"
128.119.100.152 - - [18/Jul/2010:21:08:04 -0400] "GET /~yliao/pmwiki/index.php?n=Misc.Language HTTP/1.0" 200 2152 "-" "gsa-crawler (Enterprise; S5-EY25PTT6T2NAA; systems@nic.umass.edu,web@admin.umass.edu,ltgarcia@admin.umass.edu)"
128.119.100.152 - - [18/Jul/2010:21:08:07 -0400] "GET /~yliao/pmwiki/index.php?n=Misc.Bash HTTP/1.0" 200 2617 "-" "gsa-crawler (Enterprise; S5-EY25PTT6T2NAA; systems@nic.umass.edu,web@admin.umass.edu,ltgarcia@admin.umass.edu)"
128.119.100.152 - - [18/Jul/2010:21:08:19 -0400] "GET /~yliao/pmwiki/index.php?n=Misc.Linux HTTP/1.0" 200 3621 "-" "gsa-crawler (Enterprise; S5-EY25PTT6T2NAA; systems@nic.umass.edu,web@admin.umass.edu,ltgarcia@admin.umass.edu)"
128.119.100.152 - - [18/Jul/2010:21:08:21 -0400] "GET /~yliao/pmwiki/index.php?n=Misc.Vim HTTP/1.0" 200 2862 "-" "gsa-crawler (Enterprise; S5-EY25PTT6T2NAA; systems@nic.umass.edu,web@admin.umass.edu,ltgarcia@admin.umass.edu)"
58.218.204.110 - - [18/Jul/2010:21:09:23 -0400] "GET http://proxy.adsweet.com/proxyheader.php HTTP/1.1" 404 420 "-" "Mozilla/4.0 (compatible; MSIE 6.0; Windows NT 5.1)"
128.119.100.152 - - [18/Jul/2010:21:11:04 -0400] "GET /~yliao/pmwiki/index.php?n=Misc.Emacs HTTP/1.0" 200 2398 "-" "gsa-crawler (Enterprise; S5-EY25PTT6T2NAA; systems@nic.umass.edu,web@admin.umass.edu,ltgarcia@admin.umass.edu)"
128.119.100.152 - - [18/Jul/2010:21:11:05 -0400] "GET /~yliao/pmwiki/index.php?n=Misc.CVS HTTP/1.0" 200 3293 "-" "gsa-crawler (Enterprise; S5-EY25PTT6T2NAA; systems@nic.umass.edu,web@admin.umass.edu,ltgarcia@admin.umass.edu)"
128.119.100.153 - - [18/Jul/2010:21:11:05 -0400] "GET /mnilpub/papers/PID28496.pdf HTTP/1.0" 304 - "-" "gsa-crawler (Enterprise; T2-EG9QX8JZXNSJA; systems@nic.umass.edu,web@admin.umass.edu,ltgarcia@admin.umass.edu)"
128.119.100.153 - - [18/Jul/2010:21:11:08 -0400] "GET /~yliao/pmwiki/ HTTP/1.0" 200 2810 "-" "gsa-crawler (Enterprise; T2-EG9QX8JZXNSJA; systems@nic.umass.edu,web@admin.umass.edu,ltgarcia@admin.umass.edu)"
128.119.100.152 - - [18/Jul/2010:21:11:09 -0400] "GET /~yliao/pmwiki/index.php?n=Misc.Latex HTTP/1.0" 200 4458 "-" "gsa-crawler (Enterprise; S5-EY25PTT6T2NAA; systems@nic.umass.edu,web@admin.umass.edu,ltgarcia@admin.umass.edu)"
128.119.100.152 - - [18/Jul/2010:21:11:29 -0400] "GET /~yliao/pmwiki/index.php?n=Research.Software HTTP/1.0" 200 2568 "-" "gsa-crawler (Enterprise; S5-EY25PTT6T2NAA; systems@nic.umass.edu,web@admin.umass.edu,ltgarcia@admin.umass.edu)"
128.119.100.152 - - [18/Jul/2010:21:11:32 -0400] "GET /~yliao/pmwiki/index.php?n=Admin.Admin HTTP/1.0" 200 2276 "-" "gsa-crawler (Enterprise; S5-EY25PTT6T2NAA; systems@nic.umass.edu,web@admin.umass.edu,ltgarcia@admin.umass.edu)"
128.119.100.152 - - [18/Jul/2010:21:11:34 -0400] "GET /~yliao/pmwiki/index.php?n=Private.Private HTTP/1.0" 200 2277 "-" "gsa-crawler (Enterprise; S5-EY25PTT6T2NAA; systems@nic.umass.edu,web@admin.umass.edu,ltgarcia@admin.umass.edu)"
128.119.100.153 - - [18/Jul/2010:21:11:44 -0400] "GET /~yliao/pmwiki/index.php?n=Main.HomePage HTTP/1.0" 200 2810 "-" "gsa-crawler (Enterprise; T2-EG9QX8JZXNSJA; systems@nic.umass.edu,web@admin.umass.edu,ltgarcia@admin.umass.edu)"
128.119.100.153 - - [18/Jul/2010:21:11:44 -0400] "GET /~yliao/pmwiki/index.php HTTP/1.0" 200 2810 "-" "gsa-crawler (Enterprise; T2-EG9QX8JZXNSJA; systems@nic.umass.edu,web@admin.umass.edu,ltgarcia@admin.umass.edu)"
128.119.100.153 - - [18/Jul/2010:21:11:45 -0400] "GET /~yliao/pmwiki/index.php?n=Course.Course HTTP/1.0" 200 2725 "-" "gsa-crawler (Enterprise; T2-EG9QX8JZXNSJA; systems@nic.umass.edu,web@admin.umass.edu,ltgarcia@admin.umass.edu)"
66.249.71.59 - - [18/Jul/2010:21:11:50 -0400] "GET /~yliao/pmwiki/index.php?n=PmWiki.PathVariables HTTP/1.1" 200 5681 "-" "Mozilla/5.0 (compatible; Googlebot/2.1; +http://www.google.com/bot.html)"
128.119.100.152 - - [18/Jul/2010:21:14:07 -0400] "GET /~yliao/pmwiki/index.php?n=Course.Course HTTP/1.0" 200 2725 "-" "gsa-crawler (Enterprise; S5-EY25PTT6T2NAA; systems@nic.umass.edu,web@admin.umass.edu,ltgarcia@admin.umass.edu)"
128.119.100.152 - - [18/Jul/2010:21:14:11 -0400] "GET /~yliao/pmwiki/index.php?n=Site.SideBar?action=edit HTTP/1.0" 200 2334 "-" "gsa-crawler (Enterprise; S5-EY25PTT6T2NAA; systems@nic.umass.edu,web@admin.umass.edu,ltgarcia@admin.umass.edu)"
128.119.100.152 - - [18/Jul/2010:21:14:16 -0400] "GET /~yliao/pmwiki/index.php?n=Misc.Language HTTP/1.0" 200 2152 "-" "gsa-crawler (Enterprise; S5-EY25PTT6T2NAA; systems@nic.umass.edu,web@admin.umass.edu,ltgarcia@admin.umass.edu)"
207.46.194.97 - - [18/Jul/2010:21:14:24 -0400] "GET /robots.txt HTTP/1.1" 404 321 "-" "msnbot-media/1.1 (+http://search.msn.com/msnbot.htm)"
207.46.194.97 - - [18/Jul/2010:21:14:24 -0400] "GET /~yliao/pmwiki/uploads/Fun/Cartoon/7.gif HTTP/1.1" 200 4370 "-" "msnbot-media/1.1 (+http://search.msn.com/msnbot.htm)"
128.119.100.152 - - [18/Jul/2010:21:14:31 -0400] "GET /~yliao/pmwiki/index.php?n=Misc.Bash HTTP/1.0" 200 2617 "-" "gsa-crawler (Enterprise; S5-EY25PTT6T2NAA; systems@nic.umass.edu,web@admin.umass.edu,ltgarcia@admin.umass.edu)"
128.119.100.152 - - [18/Jul/2010:21:14:36 -0400] "GET /~yliao/pmwiki/index.php?n=Misc.Linux HTTP/1.0" 200 3621 "-" "gsa-crawler (Enterprise; S5-EY25PTT6T2NAA; systems@nic.umass.edu,web@admin.umass.edu,ltgarcia@admin.umass.edu)"
207.46.199.241 - - [18/Jul/2010:21:15:14 -0400] "GET /robots.txt HTTP/1.1" 404 321 "-" "msnbot-media/1.1 (+http://search.msn.com/msnbot.htm)"
207.46.199.241 - - [18/Jul/2010:21:15:14 -0400] "GET /~yliao/pmwiki/uploads/Fun/Cartoon/6.gif HTTP/1.1" 200 4864 "-" "msnbot-media/1.1 (+http://search.msn.com/msnbot.htm)"
128.119.100.153 - - [18/Jul/2010:21:17:02 -0400] "GET / HTTP/1.0" 304 - "-" "gsa-crawler (Enterprise; T2-EG9QX8JZXNSJA; systems@nic.umass.edu,web@admin.umass.edu,ltgarcia@admin.umass.edu)"
128.119.100.152 - - [18/Jul/2010:21:17:45 -0400] "GET /~yliao/pmwiki/index.php?n=Misc.Vim HTTP/1.0" 200 2862 "-" "gsa-crawler (Enterprise; S5-EY25PTT6T2NAA; systems@nic.umass.edu,web@admin.umass.edu,ltgarcia@admin.umass.edu)"
128.119.100.152 - - [18/Jul/2010:21:17:46 -0400] "GET /~yliao/pmwiki/index.php?n=Misc.Emacs HTTP/1.0" 200 2398 "-" "gsa-crawler (Enterprise; S5-EY25PTT6T2NAA; systems@nic.umass.edu,web@admin.umass.edu,ltgarcia@admin.umass.edu)"
128.119.100.152 - - [18/Jul/2010:21:17:47 -0400] "GET /~yliao/pmwiki/index.php?n=Misc.CVS HTTP/1.0" 200 3293 "-" "gsa-crawler (Enterprise; S5-EY25PTT6T2NAA; systems@nic.umass.edu,web@admin.umass.edu,ltgarcia@admin.umass.edu)"
128.119.100.152 - - [18/Jul/2010:21:17:52 -0400] "GET /~yliao/pmwiki/index.php?n=Misc.Latex HTTP/1.0" 200 4458 "-" "gsa-crawler (Enterprise; S5-EY25PTT6T2NAA; systems@nic.umass.edu,web@admin.umass.edu,ltgarcia@admin.umass.edu)"
128.119.100.152 - - [18/Jul/2010:21:20:50 -0400] "GET /~yliao/pmwiki/index.php?n=Research.Software HTTP/1.0" 200 2568 "-" "gsa-crawler (Enterprise; S5-EY25PTT6T2NAA; systems@nic.umass.edu,web@admin.umass.edu,ltgarcia@admin.umass.edu)"
128.119.100.152 - - [18/Jul/2010:21:20:51 -0400] "GET /~yliao/pmwiki/index.php?n=Admin.Admin HTTP/1.0" 200 2276 "-" "gsa-crawler (Enterprise; S5-EY25PTT6T2NAA; systems@nic.umass.edu,web@admin.umass.edu,ltgarcia@admin.umass.edu)"
128.119.100.152 - - [18/Jul/2010:21:20:54 -0400] "GET /~yliao/pmwiki/index.php?n=Private.Private HTTP/1.0" 200 2277 "-" "gsa-crawler (Enterprise; S5-EY25PTT6T2NAA; systems@nic.umass.edu,web@admin.umass.edu,ltgarcia@admin.umass.edu)"
128.119.100.152 - - [18/Jul/2010:21:20:57 -0400] "GET /~yliao/pmwiki/index.php?n=Course.Course HTTP/1.0" 200 2725 "-" "gsa-crawler (Enterprise; S5-EY25PTT6T2NAA; systems@nic.umass.edu,web@admin.umass.edu,ltgarcia@admin.umass.edu)"
128.119.100.153 - - [18/Jul/2010:21:22:37 -0400] "GET /mnilpub/papers/PID28496.pdf HTTP/1.0" 304 - "-" "gsa-crawler (Enterprise; T2-EG9QX8JZXNSJA; systems@nic.umass.edu,web@admin.umass.edu,ltgarcia@admin.umass.edu)"
128.119.100.152 - - [18/Jul/2010:21:23:52 -0400] "GET /~yliao/pmwiki/index.php?n=Site.SideBar?action=edit HTTP/1.0" 200 2334 "-" "gsa-crawler (Enterprise; S5-EY25PTT6T2NAA; systems@nic.umass.edu,web@admin.umass.edu,ltgarcia@admin.umass.edu)"
128.119.100.152 - - [18/Jul/2010:21:23:56 -0400] "GET /~yliao/pmwiki/index.php?n=Misc.Language HTTP/1.0" 200 2152 "-" "gsa-crawler (Enterprise; S5-EY25PTT6T2NAA; systems@nic.umass.edu,web@admin.umass.edu,ltgarcia@admin.umass.edu)"
128.119.100.152 - - [18/Jul/2010:21:23:59 -0400] "GET /~yliao/pmwiki/index.php?n=Misc.Bash HTTP/1.0" 200 2617 "-" "gsa-crawler (Enterprise; S5-EY25PTT6T2NAA; systems@nic.umass.edu,web@admin.umass.edu,ltgarcia@admin.umass.edu)"
128.119.100.152 - - [18/Jul/2010:21:24:10 -0400] "GET /~yliao/pmwiki/index.php?n=Misc.Linux HTTP/1.0" 200 3621 "-" "gsa-crawler (Enterprise; S5-EY25PTT6T2NAA; systems@nic.umass.edu,web@admin.umass.edu,ltgarcia@admin.umass.edu)"
128.119.100.152 - - [18/Jul/2010:21:24:10 -0400] "GET /~yliao/pmwiki/index.php?n=Misc.Vim HTTP/1.0" 200 2862 "-" "gsa-crawler (Enterprise; S5-EY25PTT6T2NAA; systems@nic.umass.edu,web@admin.umass.edu,ltgarcia@admin.umass.edu)"
128.119.100.152 - - [18/Jul/2010:21:27:01 -0400] "GET /~yliao/pmwiki/index.php?n=Misc.Emacs HTTP/1.0" 200 2398 "-" "gsa-crawler (Enterprise; S5-EY25PTT6T2NAA; systems@nic.umass.edu,web@admin.umass.edu,ltgarcia@admin.umass.edu)"
128.119.100.152 - - [18/Jul/2010:21:27:04 -0400] "GET /~yliao/pmwiki/index.php?n=Misc.CVS HTTP/1.0" 200 3293 "-" "gsa-crawler (Enterprise; S5-EY25PTT6T2NAA; systems@nic.umass.edu,web@admin.umass.edu,ltgarcia@admin.umass.edu)"
128.119.100.152 - - [18/Jul/2010:21:27:11 -0400] "GET /~yliao/pmwiki/index.php?n=Misc.Latex HTTP/1.0" 200 4458 "-" "gsa-crawler (Enterprise; S5-EY25PTT6T2NAA; systems@nic.umass.edu,web@admin.umass.edu,ltgarcia@admin.umass.edu)"
128.119.100.152 - - [18/Jul/2010:21:27:15 -0400] "GET /~yliao/pmwiki/index.php?n=Research.Software HTTP/1.0" 200 2568 "-" "gsa-crawler (Enterprise; S5-EY25PTT6T2NAA; systems@nic.umass.edu,web@admin.umass.edu,ltgarcia@admin.umass.edu)"
128.119.100.152 - - [18/Jul/2010:21:27:21 -0400] "GET /~yliao/pmwiki/index.php?n=Admin.Admin HTTP/1.0" 200 2276 "-" "gsa-crawler (Enterprise; S5-EY25PTT6T2NAA; systems@nic.umass.edu,web@admin.umass.edu,ltgarcia@admin.umass.edu)"
128.119.100.152 - - [18/Jul/2010:21:27:33 -0400] "GET /~yliao/pmwiki/index.php?n=Private.Private HTTP/1.0" 200 2277 "-" "gsa-crawler (Enterprise; S5-EY25PTT6T2NAA; systems@nic.umass.edu,web@admin.umass.edu,ltgarcia@admin.umass.edu)"
128.119.100.153 - - [18/Jul/2010:21:27:35 -0400] "GET /robots.txt HTTP/1.0" 404 321 "-" "gsa-crawler (Enterprise; T2-EG9QX8JZXNSJA; systems@nic.umass.edu,web@admin.umass.edu,ltgarcia@admin.umass.edu)"
128.119.100.153 - - [18/Jul/2010:21:27:35 -0400] "GET /~yliao/pmwiki/ HTTP/1.0" 200 2810 "-" "gsa-crawler (Enterprise; T2-EG9QX8JZXNSJA; systems@nic.umass.edu,web@admin.umass.edu,ltgarcia@admin.umass.edu)"
128.119.100.152 - - [18/Jul/2010:21:30:03 -0400] "GET /~yliao/pmwiki/index.php?n=Course.Course HTTP/1.0" 200 2725 "-" "gsa-crawler (Enterprise; S5-EY25PTT6T2NAA; systems@nic.umass.edu,web@admin.umass.edu,ltgarcia@admin.umass.edu)"
128.119.100.153 - - [18/Jul/2010:21:31:43 -0400] "GET / HTTP/1.0" 304 - "-" "gsa-crawler (Enterprise; T2-EG9QX8JZXNSJA; systems@nic.umass.edu,web@admin.umass.edu,ltgarcia@admin.umass.edu)"
128.119.100.153 - - [18/Jul/2010:21:32:32 -0400] "GET /~yliao/pmwiki/index.php?n=Main.HomePage HTTP/1.0" 200 2810 "-" "gsa-crawler (Enterprise; T2-EG9QX8JZXNSJA; systems@nic.umass.edu,web@admin.umass.edu,ltgarcia@admin.umass.edu)"
128.119.100.153 - - [18/Jul/2010:21:32:32 -0400] "GET /~yliao/pmwiki/index.php HTTP/1.0" 200 2810 "-" "gsa-crawler (Enterprise; T2-EG9QX8JZXNSJA; systems@nic.umass.edu,web@admin.umass.edu,ltgarcia@admin.umass.edu)"
128.119.100.153 - - [18/Jul/2010:21:32:32 -0400] "GET /~yliao/pmwiki/index.php?n=Course.Course HTTP/1.0" 200 2725 "-" "gsa-crawler (Enterprise; T2-EG9QX8JZXNSJA; systems@nic.umass.edu,web@admin.umass.edu,ltgarcia@admin.umass.edu)"
128.119.100.152 - - [18/Jul/2010:21:32:40 -0400] "GET /~yliao/pmwiki/index.php?n=Site.SideBar?action=edit HTTP/1.0" 200 2334 "-" "gsa-crawler (Enterprise; S5-EY25PTT6T2NAA; systems@nic.umass.edu,web@admin.umass.edu,ltgarcia@admin.umass.edu)"
128.119.100.152 - - [18/Jul/2010:21:32:41 -0400] "GET /~yliao/pmwiki/index.php?n=Misc.Language HTTP/1.0" 200 2152 "-" "gsa-crawler (Enterprise; S5-EY25PTT6T2NAA; systems@nic.umass.edu,web@admin.umass.edu,ltgarcia@admin.umass.edu)"
128.119.100.152 - - [18/Jul/2010:21:32:46 -0400] "GET /~yliao/pmwiki/index.php?n=Misc.Bash HTTP/1.0" 200 2617 "-" "gsa-crawler (Enterprise; S5-EY25PTT6T2NAA; systems@nic.umass.edu,web@admin.umass.edu,ltgarcia@admin.umass.edu)"
128.119.100.152 - - [18/Jul/2010:21:33:00 -0400] "GET /~yliao/pmwiki/index.php?n=Misc.Linux HTTP/1.0" 200 3621 "-" "gsa-crawler (Enterprise; S5-EY25PTT6T2NAA; systems@nic.umass.edu,web@admin.umass.edu,ltgarcia@admin.umass.edu)"
128.119.100.152 - - [18/Jul/2010:21:35:47 -0400] "GET /~yliao/pmwiki/index.php?n=Misc.Vim HTTP/1.0" 200 2862 "-" "gsa-crawler (Enterprise; S5-EY25PTT6T2NAA; systems@nic.umass.edu,web@admin.umass.edu,ltgarcia@admin.umass.edu)"
128.119.100.152 - - [18/Jul/2010:21:35:49 -0400] "GET /~yliao/pmwiki/index.php?n=Misc.Emacs HTTP/1.0" 200 2398 "-" "gsa-crawler (Enterprise; S5-EY25PTT6T2NAA; systems@nic.umass.edu,web@admin.umass.edu,ltgarcia@admin.umass.edu)"
128.119.100.152 - - [18/Jul/2010:21:35:50 -0400] "GET /~yliao/pmwiki/index.php?n=Misc.CVS HTTP/1.0" 200 3293 "-" "gsa-crawler (Enterprise; S5-EY25PTT6T2NAA; systems@nic.umass.edu,web@admin.umass.edu,ltgarcia@admin.umass.edu)"
128.119.100.152 - - [18/Jul/2010:21:36:02 -0400] "GET /~yliao/pmwiki/index.php?n=Misc.Latex HTTP/1.0" 200 4458 "-" "gsa-crawler (Enterprise; S5-EY25PTT6T2NAA; systems@nic.umass.edu,web@admin.umass.edu,ltgarcia@admin.umass.edu)"
128.119.100.152 - - [18/Jul/2010:21:38:52 -0400] "GET /~yliao/pmwiki/index.php?n=Research.Software HTTP/1.0" 200 2568 "-" "gsa-crawler (Enterprise; S5-EY25PTT6T2NAA; systems@nic.umass.edu,web@admin.umass.edu,ltgarcia@admin.umass.edu)"
128.119.100.152 - - [18/Jul/2010:21:38:54 -0400] "GET /~yliao/pmwiki/index.php?n=Admin.Admin HTTP/1.0" 200 2276 "-" "gsa-crawler (Enterprise; S5-EY25PTT6T2NAA; systems@nic.umass.edu,web@admin.umass.edu,ltgarcia@admin.umass.edu)"
128.119.100.152 - - [18/Jul/2010:21:38:55 -0400] "GET /~yliao/pmwiki/index.php?n=Private.Private HTTP/1.0" 200 2277 "-" "gsa-crawler (Enterprise; S5-EY25PTT6T2NAA; systems@nic.umass.edu,web@admin.umass.edu,ltgarcia@admin.umass.edu)"
128.119.100.152 - - [18/Jul/2010:21:39:08 -0400] "GET /~yliao/pmwiki/index.php?n=Course.Course HTTP/1.0" 200 2725 "-" "gsa-crawler (Enterprise; S5-EY25PTT6T2NAA; systems@nic.umass.edu,web@admin.umass.edu,ltgarcia@admin.umass.edu)"
207.46.13.95 - - [18/Jul/2010:21:41:07 -0400] "GET /robots.txt HTTP/1.1" 404 415 "-" "msnbot/2.0b (+http://search.msn.com/msnbot.htm)"
128.119.100.153 - - [18/Jul/2010:21:41:42 -0400] "GET /mnilpub/papers/PID28496.pdf HTTP/1.0" 304 - "-" "gsa-crawler (Enterprise; T2-EG9QX8JZXNSJA; systems@nic.umass.edu,web@admin.umass.edu,ltgarcia@admin.umass.edu)"
128.119.100.152 - - [18/Jul/2010:21:41:57 -0400] "GET /~yliao/pmwiki/index.php?n=Site.SideBar?action=edit HTTP/1.0" 200 2334 "-" "gsa-crawler (Enterprise; S5-EY25PTT6T2NAA; systems@nic.umass.edu,web@admin.umass.edu,ltgarcia@admin.umass.edu)"
128.119.100.153 - - [18/Jul/2010:21:42:00 -0400] "GET / HTTP/1.0" 304 - "-" "gsa-crawler (Enterprise; T2-EG9QX8JZXNSJA; systems@nic.umass.edu,web@admin.umass.edu,ltgarcia@admin.umass.edu)"
128.119.100.153 - - [18/Jul/2010:21:42:04 -0400] "GET /~yliao/pmwiki/ HTTP/1.0" 200 2810 "-" "gsa-crawler (Enterprise; T2-EG9QX8JZXNSJA; systems@nic.umass.edu,web@admin.umass.edu,ltgarcia@admin.umass.edu)"
128.119.100.152 - - [18/Jul/2010:21:42:08 -0400] "GET /~yliao/pmwiki/index.php?n=Misc.Language HTTP/1.0" 200 2152 "-" "gsa-crawler (Enterprise; S5-EY25PTT6T2NAA; systems@nic.umass.edu,web@admin.umass.edu,ltgarcia@admin.umass.edu)"
128.119.100.152 - - [18/Jul/2010:21:42:10 -0400] "GET /~yliao/pmwiki/index.php?n=Misc.Bash HTTP/1.0" 200 2617 "-" "gsa-crawler (Enterprise; S5-EY25PTT6T2NAA; systems@nic.umass.edu,web@admin.umass.edu,ltgarcia@admin.umass.edu)"
207.46.13.95 - - [18/Jul/2010:21:42:22 -0400] "GET /mnilpub/papers/infocom05-voip.pdf HTTP/1.1" 200 303652 "-" "msnbot/2.0b (+http://search.msn.com/msnbot.htm)"
128.119.100.152 - - [18/Jul/2010:21:44:52 -0400] "GET /~yliao/pmwiki/index.php?n=Misc.Linux HTTP/1.0" 200 3621 "-" "gsa-crawler (Enterprise; S5-EY25PTT6T2NAA; systems@nic.umass.edu,web@admin.umass.edu,ltgarcia@admin.umass.edu)"
128.119.100.152 - - [18/Jul/2010:21:45:02 -0400] "GET /~yliao/pmwiki/index.php?n=Misc.Vim HTTP/1.0" 200 2862 "-" "gsa-crawler (Enterprise; S5-EY25PTT6T2NAA; systems@nic.umass.edu,web@admin.umass.edu,ltgarcia@admin.umass.edu)"
128.119.100.152 - - [18/Jul/2010:21:45:13 -0400] "GET /~yliao/pmwiki/index.php?n=Misc.Emacs HTTP/1.0" 200 2398 "-" "gsa-crawler (Enterprise; S5-EY25PTT6T2NAA; systems@nic.umass.edu,web@admin.umass.edu,ltgarcia@admin.umass.edu)"
128.119.100.152 - - [18/Jul/2010:21:45:22 -0400] "GET /~yliao/pmwiki/index.php?n=Misc.CVS HTTP/1.0" 200 3293 "-" "gsa-crawler (Enterprise; S5-EY25PTT6T2NAA; systems@nic.umass.edu,web@admin.umass.edu,ltgarcia@admin.umass.edu)"
128.119.100.153 - - [18/Jul/2010:21:47:38 -0400] "GET /~yliao/pmwiki/index.php?n=Main.HomePage HTTP/1.0" 200 2810 "-" "gsa-crawler (Enterprise; T2-EG9QX8JZXNSJA; systems@nic.umass.edu,web@admin.umass.edu,ltgarcia@admin.umass.edu)"
128.119.100.153 - - [18/Jul/2010:21:47:38 -0400] "GET /~yliao/pmwiki/index.php HTTP/1.0" 200 2810 "-" "gsa-crawler (Enterprise; T2-EG9QX8JZXNSJA; systems@nic.umass.edu,web@admin.umass.edu,ltgarcia@admin.umass.edu)"
128.119.100.153 - - [18/Jul/2010:21:47:39 -0400] "GET /~yliao/pmwiki/index.php?n=Course.Course HTTP/1.0" 200 2725 "-" "gsa-crawler (Enterprise; T2-EG9QX8JZXNSJA; systems@nic.umass.edu,web@admin.umass.edu,ltgarcia@admin.umass.edu)"
128.119.100.152 - - [18/Jul/2010:21:48:03 -0400] "GET /~yliao/pmwiki/index.php?n=Misc.Latex HTTP/1.0" 200 4458 "-" "gsa-crawler (Enterprise; S5-EY25PTT6T2NAA; systems@nic.umass.edu,web@admin.umass.edu,ltgarcia@admin.umass.edu)"
128.119.100.152 - - [18/Jul/2010:21:49:32 -0400] "GET /~yliao/pmwiki/index.php?n=Research.Software HTTP/1.0" 200 2568 "-" "gsa-crawler (Enterprise; S5-EY25PTT6T2NAA; systems@nic.umass.edu,web@admin.umass.edu,ltgarcia@admin.umass.edu)"
128.119.100.152 - - [18/Jul/2010:21:49:34 -0400] "GET /~yliao/pmwiki/index.php?n=Admin.Admin HTTP/1.0" 200 2276 "-" "gsa-crawler (Enterprise; S5-EY25PTT6T2NAA; systems@nic.umass.edu,web@admin.umass.edu,ltgarcia@admin.umass.edu)"
128.119.100.152 - - [18/Jul/2010:21:51:02 -0400] "GET /robots.txt HTTP/1.0" 404 321 "-" "gsa-crawler (Enterprise; S5-EY25PTT6T2NAA; systems@nic.umass.edu,web@admin.umass.edu,ltgarcia@admin.umass.edu)"
128.119.100.152 - - [18/Jul/2010:21:51:02 -0400] "GET /~yliao/pmwiki/index.php?n=Private.Private HTTP/1.0" 200 2277 "-" "gsa-crawler (Enterprise; S5-EY25PTT6T2NAA; systems@nic.umass.edu,web@admin.umass.edu,ltgarcia@admin.umass.edu)"
128.119.100.152 - - [18/Jul/2010:21:52:33 -0400] "GET /~yliao/pmwiki/index.php?n=Course.Course HTTP/1.0" 200 2725 "-" "gsa-crawler (Enterprise; S5-EY25PTT6T2NAA; systems@nic.umass.edu,web@admin.umass.edu,ltgarcia@admin.umass.edu)"
128.119.100.152 - - [18/Jul/2010:21:52:38 -0400] "GET /~yliao/pmwiki/index.php?n=Site.SideBar?action=edit HTTP/1.0" 200 2334 "-" "gsa-crawler (Enterprise; S5-EY25PTT6T2NAA; systems@nic.umass.edu,web@admin.umass.edu,ltgarcia@admin.umass.edu)"
128.119.100.152 - - [18/Jul/2010:21:52:43 -0400] "GET /~yliao/pmwiki/index.php?n=Misc.Language HTTP/1.0" 200 2152 "-" "gsa-crawler (Enterprise; S5-EY25PTT6T2NAA; systems@nic.umass.edu,web@admin.umass.edu,ltgarcia@admin.umass.edu)"
128.119.100.152 - - [18/Jul/2010:21:54:14 -0400] "GET /~yliao/pmwiki/index.php?n=Misc.Bash HTTP/1.0" 200 2617 "-" "gsa-crawler (Enterprise; S5-EY25PTT6T2NAA; systems@nic.umass.edu,web@admin.umass.edu,ltgarcia@admin.umass.edu)"
128.119.100.152 - - [18/Jul/2010:21:55:43 -0400] "GET /~yliao/pmwiki/index.php?n=Misc.Linux HTTP/1.0" 200 3621 "-" "gsa-crawler (Enterprise; S5-EY25PTT6T2NAA; systems@nic.umass.edu,web@admin.umass.edu,ltgarcia@admin.umass.edu)"
65.55.51.69 - - [18/Jul/2010:21:56:02 -0400] "GET /robots.txt HTTP/1.1" 404 415 "-" "msnbot/2.0b (+http://search.msn.com/msnbot.htm)"
128.119.100.152 - - [18/Jul/2010:21:57:03 -0400] "GET /~yliao/pmwiki/index.php?n=Misc.Vim HTTP/1.0" 200 2862 "-" "gsa-crawler (Enterprise; S5-EY25PTT6T2NAA; systems@nic.umass.edu,web@admin.umass.edu,ltgarcia@admin.umass.edu)"
128.119.100.153 - - [18/Jul/2010:21:57:06 -0400] "GET / HTTP/1.0" 304 - "-" "gsa-crawler (Enterprise; T2-EG9QX8JZXNSJA; systems@nic.umass.edu,web@admin.umass.edu,ltgarcia@admin.umass.edu)"
128.119.100.153 - - [18/Jul/2010:21:57:58 -0400] "GET /robots.txt HTTP/1.0" 404 321 "-" "gsa-crawler (Enterprise; T2-EG9QX8JZXNSJA; systems@nic.umass.edu,web@admin.umass.edu,ltgarcia@admin.umass.edu)"
128.119.100.153 - - [18/Jul/2010:21:57:58 -0400] "GET /mnilpub/papers/PID28496.pdf HTTP/1.0" 304 - "-" "gsa-crawler (Enterprise; T2-EG9QX8JZXNSJA; systems@nic.umass.edu,web@admin.umass.edu,ltgarcia@admin.umass.edu)"
128.119.100.153 - - [18/Jul/2010:21:58:01 -0400] "GET /~yliao/pmwiki/ HTTP/1.0" 200 2810 "-" "gsa-crawler (Enterprise; T2-EG9QX8JZXNSJA; systems@nic.umass.edu,web@admin.umass.edu,ltgarcia@admin.umass.edu)"
128.119.100.152 - - [18/Jul/2010:21:58:38 -0400] "GET /~yliao/pmwiki/index.php?n=Misc.Emacs HTTP/1.0" 200 2398 "-" "gsa-crawler (Enterprise; S5-EY25PTT6T2NAA; systems@nic.umass.edu,web@admin.umass.edu,ltgarcia@admin.umass.edu)"
128.119.100.152 - - [18/Jul/2010:21:58:38 -0400] "GET /~yliao/pmwiki/index.php?n=Misc.CVS HTTP/1.0" 200 3293 "-" "gsa-crawler (Enterprise; S5-EY25PTT6T2NAA; systems@nic.umass.edu,web@admin.umass.edu,ltgarcia@admin.umass.edu)"
128.119.100.152 - - [18/Jul/2010:21:58:43 -0400] "GET /~yliao/pmwiki/index.php?n=Misc.Latex HTTP/1.0" 200 4458 "-" "gsa-crawler (Enterprise; S5-EY25PTT6T2NAA; systems@nic.umass.edu,web@admin.umass.edu,ltgarcia@admin.umass.edu)"
128.119.100.152 - - [18/Jul/2010:22:00:18 -0400] "GET /~yliao/pmwiki/index.php?n=Research.Software HTTP/1.0" 200 2568 "-" "gsa-crawler (Enterprise; S5-EY25PTT6T2NAA; systems@nic.umass.edu,web@admin.umass.edu,ltgarcia@admin.umass.edu)"
128.119.100.152 - - [18/Jul/2010:22:01:48 -0400] "GET /~yliao/pmwiki/index.php?n=Admin.Admin HTTP/1.0" 200 2276 "-" "gsa-crawler (Enterprise; S5-EY25PTT6T2NAA; systems@nic.umass.edu,web@admin.umass.edu,ltgarcia@admin.umass.edu)"
128.119.100.152 - - [18/Jul/2010:22:01:48 -0400] "GET /~yliao/pmwiki/index.php?n=Private.Private HTTP/1.0" 200 2277 "-" "gsa-crawler (Enterprise; S5-EY25PTT6T2NAA; systems@nic.umass.edu,web@admin.umass.edu,ltgarcia@admin.umass.edu)"
128.119.100.152 - - [18/Jul/2010:22:01:58 -0400] "GET /~yliao/pmwiki/index.php?n=Course.Course HTTP/1.0" 200 2725 "-" "gsa-crawler (Enterprise; S5-EY25PTT6T2NAA; systems@nic.umass.edu,web@admin.umass.edu,ltgarcia@admin.umass.edu)"
128.119.100.153 - - [18/Jul/2010:22:02:06 -0400] "GET /~yliao/pmwiki/index.php?n=Main.HomePage HTTP/1.0" 200 2810 "-" "gsa-crawler (Enterprise; T2-EG9QX8JZXNSJA; systems@nic.umass.edu,web@admin.umass.edu,ltgarcia@admin.umass.edu)"
128.119.100.153 - - [18/Jul/2010:22:02:06 -0400] "GET /~yliao/pmwiki/index.php HTTP/1.0" 200 2810 "-" "gsa-crawler (Enterprise; T2-EG9QX8JZXNSJA; systems@nic.umass.edu,web@admin.umass.edu,ltgarcia@admin.umass.edu)"
128.119.100.153 - - [18/Jul/2010:22:02:07 -0400] "GET /~yliao/pmwiki/index.php?n=Course.Course HTTP/1.0" 200 2725 "-" "gsa-crawler (Enterprise; T2-EG9QX8JZXNSJA; systems@nic.umass.edu,web@admin.umass.edu,ltgarcia@admin.umass.edu)"
128.119.100.152 - - [18/Jul/2010:22:03:23 -0400] "GET /~yliao/pmwiki/index.php?n=Site.SideBar?action=edit HTTP/1.0" 200 2334 "-" "gsa-crawler (Enterprise; S5-EY25PTT6T2NAA; systems@nic.umass.edu,web@admin.umass.edu,ltgarcia@admin.umass.edu)"
128.119.100.152 - - [18/Jul/2010:22:04:50 -0400] "GET /~yliao/pmwiki/index.php?n=Misc.Language HTTP/1.0" 200 2152 "-" "gsa-crawler (Enterprise; S5-EY25PTT6T2NAA; systems@nic.umass.edu,web@admin.umass.edu,ltgarcia@admin.umass.edu)"
220.181.7.44 - - [18/Jul/2010:22:04:50 -0400] "GET /robots.txt HTTP/1.1" 404 321 "-" "Baiduspider+(+http://www.baidu.com/search/spider.htm)"
128.119.100.152 - - [18/Jul/2010:22:06:41 -0400] "GET /~yliao/pmwiki/index.php?n=Misc.Bash HTTP/1.0" 200 2617 "-" "gsa-crawler (Enterprise; S5-EY25PTT6T2NAA; systems@nic.umass.edu,web@admin.umass.edu,ltgarcia@admin.umass.edu)"
128.119.100.152 - - [18/Jul/2010:22:06:52 -0400] "GET /~yliao/pmwiki/index.php?n=Misc.Linux HTTP/1.0" 200 3621 "-" "gsa-crawler (Enterprise; S5-EY25PTT6T2NAA; systems@nic.umass.edu,web@admin.umass.edu,ltgarcia@admin.umass.edu)"
128.119.100.152 - - [18/Jul/2010:22:06:53 -0400] "GET /~yliao/pmwiki/index.php?n=Misc.Vim HTTP/1.0" 200 2862 "-" "gsa-crawler (Enterprise; S5-EY25PTT6T2NAA; systems@nic.umass.edu,web@admin.umass.edu,ltgarcia@admin.umass.edu)"
67.195.113.245 - - [18/Jul/2010:22:06:58 -0400] "GET /mnilpub/papers/jxia-imc05.pdf HTTP/1.0" 200 170560 "-" "Mozilla/5.0 (compatible; Yahoo! Slurp/3.0; http://help.yahoo.com/help/us/ysearch/slurp)"
128.119.100.153 - - [18/Jul/2010:22:07:09 -0400] "GET / HTTP/1.0" 304 - "-" "gsa-crawler (Enterprise; T2-EG9QX8JZXNSJA; systems@nic.umass.edu,web@admin.umass.edu,ltgarcia@admin.umass.edu)"
128.119.100.152 - - [18/Jul/2010:22:07:46 -0400] "GET /~yliao/pmwiki/index.php?n=Misc.Emacs HTTP/1.0" 200 2398 "-" "gsa-crawler (Enterprise; S5-EY25PTT6T2NAA; systems@nic.umass.edu,web@admin.umass.edu,ltgarcia@admin.umass.edu)"
128.119.100.152 - - [18/Jul/2010:22:09:43 -0400] "GET /~yliao/pmwiki/index.php?n=Misc.Gnuplot HTTP/1.0" 200 2824 "-" "gsa-crawler (Enterprise; S5-EY25PTT6T2NAA; systems@nic.umass.edu,web@admin.umass.edu,ltgarcia@admin.umass.edu)"
128.119.100.152 - - [18/Jul/2010:22:10:46 -0400] "GET /~yliao/pmwiki/index.php?n=Misc.CVS HTTP/1.0" 200 3293 "-" "gsa-crawler (Enterprise; S5-EY25PTT6T2NAA; systems@nic.umass.edu,web@admin.umass.edu,ltgarcia@admin.umass.edu)"
207.46.199.179 - - [18/Jul/2010:22:11:06 -0400] "GET /robots.txt HTTP/1.1" 404 415 "-" "msnbot/2.0b (+http://search.msn.com/msnbot.htm)"
128.119.100.153 - - [18/Jul/2010:22:12:37 -0400] "GET /mnilpub/papers/PID28496.pdf HTTP/1.0" 304 - "-" "gsa-crawler (Enterprise; T2-EG9QX8JZXNSJA; systems@nic.umass.edu,web@admin.umass.edu,ltgarcia@admin.umass.edu)"
128.119.100.153 - - [18/Jul/2010:22:12:40 -0400] "GET /~yliao/pmwiki/ HTTP/1.0" 200 2810 "-" "gsa-crawler (Enterprise; T2-EG9QX8JZXNSJA; systems@nic.umass.edu,web@admin.umass.edu,ltgarcia@admin.umass.edu)"
128.119.100.152 - - [18/Jul/2010:22:12:41 -0400] "GET /~yliao/pmwiki/index.php?n=Misc.Latex HTTP/1.0" 200 4458 "-" "gsa-crawler (Enterprise; S5-EY25PTT6T2NAA; systems@nic.umass.edu,web@admin.umass.edu,ltgarcia@admin.umass.edu)"
128.119.100.152 - - [18/Jul/2010:22:12:56 -0400] "GET /~yliao/pmwiki/index.php?n=Research.Software HTTP/1.0" 200 2568 "-" "gsa-crawler (Enterprise; S5-EY25PTT6T2NAA; systems@nic.umass.edu,web@admin.umass.edu,ltgarcia@admin.umass.edu)"
128.119.100.152 - - [18/Jul/2010:22:13:06 -0400] "GET /~yliao/pmwiki/index.php?n=Admin.Admin HTTP/1.0" 200 2276 "-" "gsa-crawler (Enterprise; S5-EY25PTT6T2NAA; systems@nic.umass.edu,web@admin.umass.edu,ltgarcia@admin.umass.edu)"
128.119.100.152 - - [18/Jul/2010:22:13:07 -0400] "GET /~yliao/pmwiki/index.php?n=Private.Private HTTP/1.0" 200 2277 "-" "gsa-crawler (Enterprise; S5-EY25PTT6T2NAA; systems@nic.umass.edu,web@admin.umass.edu,ltgarcia@admin.umass.edu)"
128.119.100.152 - - [18/Jul/2010:22:13:51 -0400] "GET /~yliao/pmwiki/index.php?n=Course.Course HTTP/1.0" 200 2725 "-" "gsa-crawler (Enterprise; S5-EY25PTT6T2NAA; systems@nic.umass.edu,web@admin.umass.edu,ltgarcia@admin.umass.edu)"
128.119.100.152 - - [18/Jul/2010:22:16:01 -0400] "GET /~yliao/pmwiki/index.php?n=Site.SideBar?action=edit HTTP/1.0" 200 2334 "-" "gsa-crawler (Enterprise; S5-EY25PTT6T2NAA; systems@nic.umass.edu,web@admin.umass.edu,ltgarcia@admin.umass.edu)"
128.119.100.152 - - [18/Jul/2010:22:17:56 -0400] "GET /~yliao/pmwiki/index.php?n=Misc.Language HTTP/1.0" 200 2152 "-" "gsa-crawler (Enterprise; S5-EY25PTT6T2NAA; systems@nic.umass.edu,web@admin.umass.edu,ltgarcia@admin.umass.edu)"
128.119.100.152 - - [18/Jul/2010:22:17:57 -0400] "GET /~yliao/pmwiki/index.php?n=Misc.Bash HTTP/1.0" 200 2617 "-" "gsa-crawler (Enterprise; S5-EY25PTT6T2NAA; systems@nic.umass.edu,web@admin.umass.edu,ltgarcia@admin.umass.edu)"
128.119.100.152 - - [18/Jul/2010:22:18:19 -0400] "GET /~yliao/pmwiki/index.php?n=Misc.Linux HTTP/1.0" 200 3621 "-" "gsa-crawler (Enterprise; S5-EY25PTT6T2NAA; systems@nic.umass.edu,web@admin.umass.edu,ltgarcia@admin.umass.edu)"
60.20.188.188 - - [18/Jul/2010:22:18:43 -0400] "GET /~gao/paper/final.ppt HTTP/1.1" 404 329 "http://www-unix.ecs.umass.edu/~lgao/" "Mozilla/4.0 (compatible; MSIE 7.0; Windows NT 5.1; 360SE)"
60.20.188.188 - - [18/Jul/2010:22:18:44 -0400] "GET /~gao/paper/imc_final.pdf HTTP/1.1" 404 332 "http://www-unix.ecs.umass.edu/~lgao/" "Mozilla/4.0 (compatible; MSIE 7.0; Windows NT 5.1; 360SE)"
128.119.100.152 - - [18/Jul/2010:22:18:56 -0400] "GET /~yliao/pmwiki/index.php?n=Misc.Vim HTTP/1.0" 200 2862 "-" "gsa-crawler (Enterprise; S5-EY25PTT6T2NAA; systems@nic.umass.edu,web@admin.umass.edu,ltgarcia@admin.umass.edu)"
128.119.100.152 - - [18/Jul/2010:22:19:07 -0400] "GET /~yliao/pmwiki/index.php?n=Misc.Emacs HTTP/1.0" 200 2398 "-" "gsa-crawler (Enterprise; S5-EY25PTT6T2NAA; systems@nic.umass.edu,web@admin.umass.edu,ltgarcia@admin.umass.edu)"
128.119.100.153 - - [18/Jul/2010:22:20:59 -0400] "GET / HTTP/1.0" 304 - "-" "gsa-crawler (Enterprise; T2-EG9QX8JZXNSJA; systems@nic.umass.edu,web@admin.umass.edu,ltgarcia@admin.umass.edu)"
128.119.100.152 - - [18/Jul/2010:22:21:11 -0400] "GET /~yliao/pmwiki/index.php?n=Misc.Gnuplot HTTP/1.0" 200 2824 "-" "gsa-crawler (Enterprise; S5-EY25PTT6T2NAA; systems@nic.umass.edu,web@admin.umass.edu,ltgarcia@admin.umass.edu)"
128.119.100.153 - - [18/Jul/2010:22:21:15 -0400] "GET /~yliao/pmwiki/index.php?n=Main.HomePage HTTP/1.0" 200 2810 "-" "gsa-crawler (Enterprise; T2-EG9QX8JZXNSJA; systems@nic.umass.edu,web@admin.umass.edu,ltgarcia@admin.umass.edu)"
128.119.100.153 - - [18/Jul/2010:22:21:16 -0400] "GET /~yliao/pmwiki/index.php HTTP/1.0" 200 2810 "-" "gsa-crawler (Enterprise; T2-EG9QX8JZXNSJA; systems@nic.umass.edu,web@admin.umass.edu,ltgarcia@admin.umass.edu)"
128.119.100.153 - - [18/Jul/2010:22:21:17 -0400] "GET /~yliao/pmwiki/index.php?n=Course.Course HTTP/1.0" 200 2725 "-" "gsa-crawler (Enterprise; T2-EG9QX8JZXNSJA; systems@nic.umass.edu,web@admin.umass.edu,ltgarcia@admin.umass.edu)"
128.119.100.152 - - [18/Jul/2010:22:21:24 -0400] "GET /~yliao/pmwiki/index.php?n=Misc.Misc HTTP/1.0" 200 8630 "-" "gsa-crawler (Enterprise; S5-EY25PTT6T2NAA; systems@nic.umass.edu,web@admin.umass.edu,ltgarcia@admin.umass.edu)"
128.119.100.152 - - [18/Jul/2010:22:21:57 -0400] "GET /~yliao/pmwiki/index.php?n=Research.Project HTTP/1.0" 200 3844 "-" "gsa-crawler (Enterprise; S5-EY25PTT6T2NAA; systems@nic.umass.edu,web@admin.umass.edu,ltgarcia@admin.umass.edu)"
128.119.100.152 - - [18/Jul/2010:22:22:12 -0400] "GET /~yliao/pmwiki/index.php?n=Research.Research HTTP/1.0" 200 2679 "-" "gsa-crawler (Enterprise; S5-EY25PTT6T2NAA; systems@nic.umass.edu,web@admin.umass.edu,ltgarcia@admin.umass.edu)"
128.119.100.153 - - [18/Jul/2010:22:22:42 -0400] "GET /robots.txt HTTP/1.0" 404 321 "-" "gsa-crawler (Enterprise; T2-EG9QX8JZXNSJA; systems@nic.umass.edu,web@admin.umass.edu,ltgarcia@admin.umass.edu)"
128.119.100.153 - - [18/Jul/2010:22:22:42 -0400] "GET /mnilpub/papers/PID28496.pdf HTTP/1.0" 304 - "-" "gsa-crawler (Enterprise; T2-EG9QX8JZXNSJA; systems@nic.umass.edu,web@admin.umass.edu,ltgarcia@admin.umass.edu)"
128.119.100.153 - - [18/Jul/2010:22:22:43 -0400] "GET /~yliao/pmwiki/ HTTP/1.0" 200 2810 "-" "gsa-crawler (Enterprise; T2-EG9QX8JZXNSJA; systems@nic.umass.edu,web@admin.umass.edu,ltgarcia@admin.umass.edu)"
67.195.113.245 - - [18/Jul/2010:22:23:55 -0400] "GET /course/ece242Spring2003/exams/prerequisite/_vti_cnf/prerequisites-test-solution.htm HTTP/1.0" 404 366 "-" "Mozilla/5.0 (compatible; Yahoo! Slurp/3.0; http://help.yahoo.com/help/us/ysearch/slurp)"
128.119.100.152 - - [18/Jul/2010:22:24:12 -0400] "GET /~yliao/pmwiki/index.php?n=Site.Search HTTP/1.0" 200 3029 "-" "gsa-crawler (Enterprise; S5-EY25PTT6T2NAA; systems@nic.umass.edu,web@admin.umass.edu,ltgarcia@admin.umass.edu)"
128.119.100.152 - - [18/Jul/2010:22:24:27 -0400] "GET /~yliao/pmwiki/index.php?n=Misc.CVS HTTP/1.0" 200 3293 "-" "gsa-crawler (Enterprise; S5-EY25PTT6T2NAA; systems@nic.umass.edu,web@admin.umass.edu,ltgarcia@admin.umass.edu)"
128.119.100.152 - - [18/Jul/2010:22:24:56 -0400] "GET /~yliao/pmwiki/index.php?n=Misc.Latex HTTP/1.0" 200 4458 "-" "gsa-crawler (Enterprise; S5-EY25PTT6T2NAA; systems@nic.umass.edu,web@admin.umass.edu,ltgarcia@admin.umass.edu)"
128.119.100.152 - - [18/Jul/2010:22:25:12 -0400] "GET /~yliao/pmwiki/index.php?n=Research.Software HTTP/1.0" 200 2568 "-" "gsa-crawler (Enterprise; S5-EY25PTT6T2NAA; systems@nic.umass.edu,web@admin.umass.edu,ltgarcia@admin.umass.edu)"
128.119.100.152 - - [18/Jul/2010:22:27:20 -0400] "GET /~yliao/pmwiki/index.php?n=Admin.Admin HTTP/1.0" 200 2276 "-" "gsa-crawler (Enterprise; S5-EY25PTT6T2NAA; systems@nic.umass.edu,web@admin.umass.edu,ltgarcia@admin.umass.edu)"
128.119.100.152 - - [18/Jul/2010:22:27:35 -0400] "GET /~yliao/pmwiki/index.php?n=Private.Private HTTP/1.0" 200 2277 "-" "gsa-crawler (Enterprise; S5-EY25PTT6T2NAA; systems@nic.umass.edu,web@admin.umass.edu,ltgarcia@admin.umass.edu)"
128.119.100.152 - - [18/Jul/2010:22:28:16 -0400] "GET /~yliao/pmwiki/index.php?n=Course.Course HTTP/1.0" 200 2725 "-" "gsa-crawler (Enterprise; S5-EY25PTT6T2NAA; systems@nic.umass.edu,web@admin.umass.edu,ltgarcia@admin.umass.edu)"
128.119.100.152 - - [18/Jul/2010:22:30:26 -0400] "GET /~yliao/pmwiki/index.php?n=Site.SideBar?action=edit HTTP/1.0" 200 2334 "-" "gsa-crawler (Enterprise; S5-EY25PTT6T2NAA; systems@nic.umass.edu,web@admin.umass.edu,ltgarcia@admin.umass.edu)"
128.119.100.152 - - [18/Jul/2010:22:30:59 -0400] "GET /~yliao/pmwiki/index.php?n=Misc.Language HTTP/1.0" 200 2152 "-" "gsa-crawler (Enterprise; S5-EY25PTT6T2NAA; systems@nic.umass.edu,web@admin.umass.edu,ltgarcia@admin.umass.edu)"
128.119.100.152 - - [18/Jul/2010:22:31:07 -0400] "GET /~yliao/pmwiki/index.php?n=Misc.Bash HTTP/1.0" 200 2617 "-" "gsa-crawler (Enterprise; S5-EY25PTT6T2NAA; systems@nic.umass.edu,web@admin.umass.edu,ltgarcia@admin.umass.edu)"
128.119.100.153 - - [18/Jul/2010:22:32:47 -0400] "GET / HTTP/1.0" 304 - "-" "gsa-crawler (Enterprise; T2-EG9QX8JZXNSJA; systems@nic.umass.edu,web@admin.umass.edu,ltgarcia@admin.umass.edu)"
128.119.100.152 - - [18/Jul/2010:22:33:12 -0400] "GET /~yliao/pmwiki/index.php?n=Misc.Linux HTTP/1.0" 200 3621 "-" "gsa-crawler (Enterprise; S5-EY25PTT6T2NAA; systems@nic.umass.edu,web@admin.umass.edu,ltgarcia@admin.umass.edu)"
128.119.100.152 - - [18/Jul/2010:22:33:37 -0400] "GET /~yliao/pmwiki/index.php?n=Misc.Vim HTTP/1.0" 200 2862 "-" "gsa-crawler (Enterprise; S5-EY25PTT6T2NAA; systems@nic.umass.edu,web@admin.umass.edu,ltgarcia@admin.umass.edu)"
128.119.100.152 - - [18/Jul/2010:22:34:02 -0400] "GET /~yliao/pmwiki/index.php?n=Misc.Emacs HTTP/1.0" 200 2398 "-" "gsa-crawler (Enterprise; S5-EY25PTT6T2NAA; systems@nic.umass.edu,web@admin.umass.edu,ltgarcia@admin.umass.edu)"
66.235.124.13 - - [18/Jul/2010:22:35:27 -0400] "GET /robots.txt HTTP/1.1" 404 415 "-" "Mozilla/5.0 (compatible; Ask Jeeves/Teoma; +http://about.ask.com/en/docs/about/webmasters.shtml)"
66.235.124.13 - - [18/Jul/2010:22:35:27 -0400] "GET /%7Eyliao HTTP/1.1" 301 330 "-" "Mozilla/5.0 (compatible; Ask Jeeves/Teoma; +http://about.ask.com/en/docs/about/webmasters.shtml)"
66.235.124.13 - - [18/Jul/2010:22:35:27 -0400] "GET /%7Eyliao/ HTTP/1.1" 200 217 "-" "Mozilla/5.0 (compatible; Ask Jeeves/Teoma; +http://about.ask.com/en/docs/about/webmasters.shtml)"
66.235.124.13 - - [18/Jul/2010:22:35:27 -0400] "GET /%7Eyliao/pmwiki HTTP/1.1" 301 336 "-" "Mozilla/5.0 (compatible; Ask Jeeves/Teoma; +http://about.ask.com/en/docs/about/webmasters.shtml)"
66.235.124.13 - - [18/Jul/2010:22:35:28 -0400] "GET /%7Eyliao/pmwiki/ HTTP/1.1" 200 2810 "-" "Mozilla/5.0 (compatible; Ask Jeeves/Teoma; +http://about.ask.com/en/docs/about/webmasters.shtml)"
128.119.100.152 - - [18/Jul/2010:22:36:12 -0400] "GET /~yliao/pmwiki/index.php?n=Misc.Gnuplot HTTP/1.0" 200 2824 "-" "gsa-crawler (Enterprise; S5-EY25PTT6T2NAA; systems@nic.umass.edu,web@admin.umass.edu,ltgarcia@admin.umass.edu)"
128.119.100.152 - - [18/Jul/2010:22:36:25 -0400] "GET /~yliao/pmwiki/index.php?n=Misc.Misc HTTP/1.0" 200 8630 "-" "gsa-crawler (Enterprise; S5-EY25PTT6T2NAA; systems@nic.umass.edu,web@admin.umass.edu,ltgarcia@admin.umass.edu)"
128.119.100.152 - - [18/Jul/2010:22:37:02 -0400] "GET /~yliao/pmwiki/index.php?n=Research.Project HTTP/1.0" 200 3844 "-" "gsa-crawler (Enterprise; S5-EY25PTT6T2NAA; systems@nic.umass.edu,web@admin.umass.edu,ltgarcia@admin.umass.edu)"
128.119.100.152 - - [18/Jul/2010:22:37:07 -0400] "GET /~yliao/pmwiki/index.php?n=Research.Research HTTP/1.0" 200 2679 "-" "gsa-crawler (Enterprise; S5-EY25PTT6T2NAA; systems@nic.umass.edu,web@admin.umass.edu,ltgarcia@admin.umass.edu)"
128.119.100.153 - - [18/Jul/2010:22:38:00 -0400] "GET /mnilpub/papers/PID28496.pdf HTTP/1.0" 304 - "-" "gsa-crawler (Enterprise; T2-EG9QX8JZXNSJA; systems@nic.umass.edu,web@admin.umass.edu,ltgarcia@admin.umass.edu)"
128.119.100.153 - - [18/Jul/2010:22:38:03 -0400] "GET /~yliao/pmwiki/ HTTP/1.0" 200 2810 "-" "gsa-crawler (Enterprise; T2-EG9QX8JZXNSJA; systems@nic.umass.edu,web@admin.umass.edu,ltgarcia@admin.umass.edu)"
128.119.100.153 - - [18/Jul/2010:22:38:07 -0400] "GET /~yliao/pmwiki/index.php?n=Main.HomePage HTTP/1.0" 200 2810 "-" "gsa-crawler (Enterprise; T2-EG9QX8JZXNSJA; systems@nic.umass.edu,web@admin.umass.edu,ltgarcia@admin.umass.edu)"
128.119.100.153 - - [18/Jul/2010:22:38:07 -0400] "GET /~yliao/pmwiki/index.php HTTP/1.0" 200 2810 "-" "gsa-crawler (Enterprise; T2-EG9QX8JZXNSJA; systems@nic.umass.edu,web@admin.umass.edu,ltgarcia@admin.umass.edu)"
128.119.100.153 - - [18/Jul/2010:22:38:07 -0400] "GET /~yliao/pmwiki/index.php?n=Course.Course HTTP/1.0" 200 2725 "-" "gsa-crawler (Enterprise; T2-EG9QX8JZXNSJA; systems@nic.umass.edu,web@admin.umass.edu,ltgarcia@admin.umass.edu)"
128.119.100.152 - - [18/Jul/2010:22:39:27 -0400] "GET /~yliao/pmwiki/index.php?n=Site.Search HTTP/1.0" 200 3029 "-" "gsa-crawler (Enterprise; S5-EY25PTT6T2NAA; systems@nic.umass.edu,web@admin.umass.edu,ltgarcia@admin.umass.edu)"
128.119.100.152 - - [18/Jul/2010:22:39:29 -0400] "GET /~yliao/pmwiki/index.php?n=Misc.CVS HTTP/1.0" 200 3293 "-" "gsa-crawler (Enterprise; S5-EY25PTT6T2NAA; systems@nic.umass.edu,web@admin.umass.edu,ltgarcia@admin.umass.edu)"
