193.33.240.254 - - [18/Jul/2010:15:05:32 -0400] "GET /pma/scripts/setup.php HTTP/1.1" 404 326 "-" "Mozilla/5.0 (Windows; U; Windows NT 5.1; en-US; rv:1.9.2.6) Gecko/20100625 Firefox/3.6.6"
193.33.240.254 - - [18/Jul/2010:15:05:32 -0400] "GET /pma2005/scripts/setup.php HTTP/1.1" 404 328 "-" "Mozilla/5.0 (Windows; U; Windows NT 5.1; en-US; rv:1.9.2.6) Gecko/20100625 Firefox/3.6.6"
193.33.240.254 - - [18/Jul/2010:15:05:33 -0400] "GET /scripts/setup.php HTTP/1.1" 404 322 "-" "Mozilla/5.0 (Windows; U; Windows NT 5.1; en-US; rv:1.9.2.6) Gecko/20100625 Firefox/3.6.6"
193.33.240.254 - - [18/Jul/2010:15:05:33 -0400] "GET /sqladmin/scripts/setup.php HTTP/1.1" 404 329 "-" "Mozilla/5.0 (Windows; U; Windows NT 5.1; en-US; rv:1.9.2.6) Gecko/20100625 Firefox/3.6.6"
193.33.240.254 - - [18/Jul/2010:15:05:33 -0400] "GET /sqlmanager/scripts/setup.php HTTP/1.1" 404 331 "-" "Mozilla/5.0 (Windows; U; Windows NT 5.1; en-US; rv:1.9.2.6) Gecko/20100625 Firefox/3.6.6"
193.33.240.254 - - [18/Jul/2010:15:05:33 -0400] "GET /sqlweb/scripts/setup.php HTTP/1.1" 404 328 "-" "Mozilla/5.0 (Windows; U; Windows NT 5.1; en-US; rv:1.9.2.6) Gecko/20100625 Firefox/3.6.6"
193.33.240.254 - - [18/Jul/2010:15:05:33 -0400] "GET /vhcs2/tools/pma/scripts/setup.php HTTP/1.1" 404 333 "-" "Mozilla/5.0 (Windows; U; Windows NT 5.1; en-US; rv:1.9.2.6) Gecko/20100625 Firefox/3.6.6"
193.33.240.254 - - [18/Jul/2010:15:05:34 -0400] "GET /web/phpMyAdmin/scripts/setup.php HTTP/1.1" 404 333 "-" "Mozilla/5.0 (Windows; U; Windows NT 5.1; en-US; rv:1.9.2.6) Gecko/20100625 Firefox/3.6.6"
193.33.240.254 - - [18/Jul/2010:15:05:34 -0400] "GET /webadmin/scripts/setup.php HTTP/1.1" 404 329 "-" "Mozilla/5.0 (Windows; U; Windows NT 5.1; en-US; rv:1.9.2.6) Gecko/20100625 Firefox/3.6.6"
193.33.240.254 - - [18/Jul/2010:15:05:34 -0400] "GET /webdb/scripts/setup.php HTTP/1.1" 404 327 "-" "Mozilla/5.0 (Windows; U; Windows NT 5.1; en-US; rv:1.9.2.6) Gecko/20100625 Firefox/3.6.6"
193.33.240.254 - - [18/Jul/2010:15:05:34 -0400] "GET /websql/scripts/setup.php HTTP/1.1" 404 328 "-" "Mozilla/5.0 (Windows; U; Windows NT 5.1; en-US; rv:1.9.2.6) Gecko/20100625 Firefox/3.6.6"
128.119.100.153 - - [18/Jul/2010:15:07:52 -0400] "GET / HTTP/1.0" 304 - "-" "gsa-crawler (Enterprise; T2-EG9QX8JZXNSJA; systems@nic.umass.edu,web@admin.umass.edu,ltgarcia@admin.umass.edu)"
128.119.100.153 - - [18/Jul/2010:15:12:37 -0400] "GET /mnilpub/papers/PID28496.pdf HTTP/1.0" 304 - "-" "gsa-crawler (Enterprise; T2-EG9QX8JZXNSJA; systems@nic.umass.edu,web@admin.umass.edu,ltgarcia@admin.umass.edu)"
128.119.100.153 - - [18/Jul/2010:15:12:41 -0400] "GET /~yliao/pmwiki/ HTTP/1.0" 200 2810 "-" "gsa-crawler (Enterprise; T2-EG9QX8JZXNSJA; systems@nic.umass.edu,web@admin.umass.edu,ltgarcia@admin.umass.edu)"
128.119.100.153 - - [18/Jul/2010:15:13:09 -0400] "GET /robots.txt HTTP/1.0" 404 321 "-" "gsa-crawler (Enterprise; T2-EG9QX8JZXNSJA; systems@nic.umass.edu,web@admin.umass.edu,ltgarcia@admin.umass.edu)"
128.119.100.153 - - [18/Jul/2010:15:13:09 -0400] "GET /~yliao/pmwiki/index.php?n=Main.HomePage HTTP/1.0" 200 2810 "-" "gsa-crawler (Enterprise; T2-EG9QX8JZXNSJA; systems@nic.umass.edu,web@admin.umass.edu,ltgarcia@admin.umass.edu)"
128.119.100.153 - - [18/Jul/2010:15:13:09 -0400] "GET /~yliao/pmwiki/index.php HTTP/1.0" 200 2810 "-" "gsa-crawler (Enterprise; T2-EG9QX8JZXNSJA; systems@nic.umass.edu,web@admin.umass.edu,ltgarcia@admin.umass.edu)"
128.119.100.153 - - [18/Jul/2010:15:13:10 -0400] "GET /~yliao/pmwiki/index.php?n=Course.Course HTTP/1.0" 200 2725 "-" "gsa-crawler (Enterprise; T2-EG9QX8JZXNSJA; systems@nic.umass.edu,web@admin.umass.edu,ltgarcia@admin.umass.edu)"
128.119.100.153 - - [18/Jul/2010:15:17:02 -0400] "GET / HTTP/1.0" 304 - "-" "gsa-crawler (Enterprise; T2-EG9QX8JZXNSJA; systems@nic.umass.edu,web@admin.umass.edu,ltgarcia@admin.umass.edu)"
67.195.113.245 - - [18/Jul/2010:15:24:47 -0400] "GET /~yliao/pmwiki/index.php?n=Misc.Language HTTP/1.0" 200 2152 "-" "Mozilla/5.0 (compatible; Yahoo! Slurp/3.0; http://help.yahoo.com/help/us/ysearch/slurp)"
67.195.113.245 - - [18/Jul/2010:15:24:49 -0400] "GET /~yliao/pmwiki/pub/skins/monobook/monobook.css HTTP/1.0" 304 - "http://rio.ecs.umass.edu/~yliao/pmwiki/index.php?n=Misc.Language" "Mozilla/5.0 (compatible; Yahoo! Slurp/3.0; http://help.yahoo.com/help/us/ysearch/slurp)"
67.195.113.245 - - [18/Jul/2010:15:26:13 -0400] "GET /mnilpub/papers/jxia-JCS-wormdetection.bibtex HTTP/1.0" 200 327 "-" "Mozilla/5.0 (compatible; Yahoo! Slurp/3.0; http://help.yahoo.com/help/us/ysearch/slurp)"
128.119.100.153 - - [18/Jul/2010:15:26:45 -0400] "GET / HTTP/1.0" 304 - "-" "gsa-crawler (Enterprise; T2-EG9QX8JZXNSJA; systems@nic.umass.edu,web@admin.umass.edu,ltgarcia@admin.umass.edu)"
128.119.100.153 - - [18/Jul/2010:15:27:11 -0400] "GET /mnilpub/papers/PID28496.pdf HTTP/1.0" 304 - "-" "gsa-crawler (Enterprise; T2-EG9QX8JZXNSJA; systems@nic.umass.edu,web@admin.umass.edu,ltgarcia@admin.umass.edu)"
128.119.100.153 - - [18/Jul/2010:15:27:15 -0400] "GET /~yliao/pmwiki/ HTTP/1.0" 200 2810 "-" "gsa-crawler (Enterprise; T2-EG9QX8JZXNSJA; systems@nic.umass.edu,web@admin.umass.edu,ltgarcia@admin.umass.edu)"
220.181.7.116 - - [18/Jul/2010:15:30:52 -0400] "GET / HTTP/1.1" 200 247 "-" "Baiduspider+(+http://www.baidu.com/search/spider.htm)"
123.125.66.65 - - [18/Jul/2010:15:31:29 -0400] "GET / HTTP/1.1" 200 247 "-" "Baiduspider+(+http://www.baidu.com/search/spider.htm)"
128.119.100.153 - - [18/Jul/2010:15:31:41 -0400] "GET /~yliao/pmwiki/index.php?n=Main.HomePage HTTP/1.0" 200 2810 "-" "gsa-crawler (Enterprise; T2-EG9QX8JZXNSJA; systems@nic.umass.edu,web@admin.umass.edu,ltgarcia@admin.umass.edu)"
128.119.100.153 - - [18/Jul/2010:15:31:42 -0400] "GET /~yliao/pmwiki/index.php HTTP/1.0" 200 2810 "-" "gsa-crawler (Enterprise; T2-EG9QX8JZXNSJA; systems@nic.umass.edu,web@admin.umass.edu,ltgarcia@admin.umass.edu)"
128.119.100.153 - - [18/Jul/2010:15:31:42 -0400] "GET /~yliao/pmwiki/index.php?n=Course.Course HTTP/1.0" 200 2725 "-" "gsa-crawler (Enterprise; T2-EG9QX8JZXNSJA; systems@nic.umass.edu,web@admin.umass.edu,ltgarcia@admin.umass.edu)"
74.222.3.202 - - [18/Jul/2010:15:32:31 -0400] "GET /robots.txt HTTP/1.0" 404 415 "http://rio.ecs.umass.edu/robots.txt" "Mozilla/4.0 (compatible; MSIE 6.0; Windows NT 5.1; SV1; .NET CLR 2.0.50727)"
74.222.3.202 - - [18/Jul/2010:15:32:31 -0400] "GET / HTTP/1.0" 200 247 "http://rio.ecs.umass.edu/" "Mozilla/4.0 (compatible; MSIE 6.0; Windows NT 5.1; SV1; .NET CLR 2.0.50727)"
74.222.3.202 - - [18/Jul/2010:15:32:37 -0400] "GET /html/ HTTP/1.0" 200 3922 "http://rio.ecs.umass.edu/html/" "Mozilla/4.0 (compatible; MSIE 6.0; Windows NT 5.1; SV1; .NET CLR 2.0.50727)"
128.119.100.153 - - [18/Jul/2010:15:37:45 -0400] "GET / HTTP/1.0" 304 - "-" "gsa-crawler (Enterprise; T2-EG9QX8JZXNSJA; systems@nic.umass.edu,web@admin.umass.edu,ltgarcia@admin.umass.edu)"
66.249.71.59 - - [18/Jul/2010:15:40:34 -0400] "GET /~yliao/pmwiki/index.php?n=PmWiki.SecurityVariables HTTP/1.1" 200 3774 "-" "Mozilla/5.0 (compatible; Googlebot/2.1; +http://www.google.com/bot.html)"
128.119.100.153 - - [18/Jul/2010:15:41:43 -0400] "GET /robots.txt HTTP/1.0" 404 321 "-" "gsa-crawler (Enterprise; T2-EG9QX8JZXNSJA; systems@nic.umass.edu,web@admin.umass.edu,ltgarcia@admin.umass.edu)"
128.119.100.153 - - [18/Jul/2010:15:41:43 -0400] "GET /mnilpub/papers/PID28496.pdf HTTP/1.0" 304 - "-" "gsa-crawler (Enterprise; T2-EG9QX8JZXNSJA; systems@nic.umass.edu,web@admin.umass.edu,ltgarcia@admin.umass.edu)"
128.119.100.153 - - [18/Jul/2010:15:41:47 -0400] "GET /~yliao/pmwiki/ HTTP/1.0" 200 2810 "-" "gsa-crawler (Enterprise; T2-EG9QX8JZXNSJA; systems@nic.umass.edu,web@admin.umass.edu,ltgarcia@admin.umass.edu)"
128.119.100.153 - - [18/Jul/2010:15:51:25 -0400] "GET / HTTP/1.0" 304 - "-" "gsa-crawler (Enterprise; T2-EG9QX8JZXNSJA; systems@nic.umass.edu,web@admin.umass.edu,ltgarcia@admin.umass.edu)"
128.119.100.153 - - [18/Jul/2010:15:51:49 -0400] "GET /~yliao/pmwiki/index.php?n=Main.HomePage HTTP/1.0" 200 2810 "-" "gsa-crawler (Enterprise; T2-EG9QX8JZXNSJA; systems@nic.umass.edu,web@admin.umass.edu,ltgarcia@admin.umass.edu)"
128.119.100.153 - - [18/Jul/2010:15:51:50 -0400] "GET /~yliao/pmwiki/index.php HTTP/1.0" 200 2810 "-" "gsa-crawler (Enterprise; T2-EG9QX8JZXNSJA; systems@nic.umass.edu,web@admin.umass.edu,ltgarcia@admin.umass.edu)"
128.119.100.153 - - [18/Jul/2010:15:51:51 -0400] "GET /~yliao/pmwiki/index.php?n=Course.Course HTTP/1.0" 200 2725 "-" "gsa-crawler (Enterprise; T2-EG9QX8JZXNSJA; systems@nic.umass.edu,web@admin.umass.edu,ltgarcia@admin.umass.edu)"
128.119.100.153 - - [18/Jul/2010:15:57:01 -0400] "GET /mnilpub/papers/PID28496.pdf HTTP/1.0" 304 - "-" "gsa-crawler (Enterprise; T2-EG9QX8JZXNSJA; systems@nic.umass.edu,web@admin.umass.edu,ltgarcia@admin.umass.edu)"
128.119.100.153 - - [18/Jul/2010:15:57:04 -0400] "GET /~yliao/pmwiki/ HTTP/1.0" 200 2810 "-" "gsa-crawler (Enterprise; T2-EG9QX8JZXNSJA; systems@nic.umass.edu,web@admin.umass.edu,ltgarcia@admin.umass.edu)"
128.119.100.153 - - [18/Jul/2010:16:02:33 -0400] "GET / HTTP/1.0" 304 - "-" "gsa-crawler (Enterprise; T2-EG9QX8JZXNSJA; systems@nic.umass.edu,web@admin.umass.edu,ltgarcia@admin.umass.edu)"
128.119.100.153 - - [18/Jul/2010:16:07:04 -0400] "GET /~yliao/pmwiki/index.php?n=Main.HomePage HTTP/1.0" 200 2810 "-" "gsa-crawler (Enterprise; T2-EG9QX8JZXNSJA; systems@nic.umass.edu,web@admin.umass.edu,ltgarcia@admin.umass.edu)"
128.119.100.153 - - [18/Jul/2010:16:07:05 -0400] "GET /~yliao/pmwiki/index.php HTTP/1.0" 200 2810 "-" "gsa-crawler (Enterprise; T2-EG9QX8JZXNSJA; systems@nic.umass.edu,web@admin.umass.edu,ltgarcia@admin.umass.edu)"
128.119.100.153 - - [18/Jul/2010:16:07:05 -0400] "GET /~yliao/pmwiki/index.php?n=Course.Course HTTP/1.0" 200 2725 "-" "gsa-crawler (Enterprise; T2-EG9QX8JZXNSJA; systems@nic.umass.edu,web@admin.umass.edu,ltgarcia@admin.umass.edu)"
128.119.100.153 - - [18/Jul/2010:16:18:00 -0400] "GET /robots.txt HTTP/1.0" 404 321 "-" "gsa-crawler (Enterprise; T2-EG9QX8JZXNSJA; systems@nic.umass.edu,web@admin.umass.edu,ltgarcia@admin.umass.edu)"
128.119.100.153 - - [18/Jul/2010:16:18:00 -0400] "GET / HTTP/1.0" 304 - "-" "gsa-crawler (Enterprise; T2-EG9QX8JZXNSJA; systems@nic.umass.edu,web@admin.umass.edu,ltgarcia@admin.umass.edu)"
128.119.100.153 - - [18/Jul/2010:16:18:38 -0400] "GET /mnilpub/papers/PID28496.pdf HTTP/1.0" 304 - "-" "gsa-crawler (Enterprise; T2-EG9QX8JZXNSJA; systems@nic.umass.edu,web@admin.umass.edu,ltgarcia@admin.umass.edu)"
128.119.100.153 - - [18/Jul/2010:16:18:41 -0400] "GET /~yliao/pmwiki/ HTTP/1.0" 200 2810 "-" "gsa-crawler (Enterprise; T2-EG9QX8JZXNSJA; systems@nic.umass.edu,web@admin.umass.edu,ltgarcia@admin.umass.edu)"
128.119.100.153 - - [18/Jul/2010:16:27:03 -0400] "GET /~yliao/pmwiki/index.php?n=Main.HomePage HTTP/1.0" 200 2810 "-" "gsa-crawler (Enterprise; T2-EG9QX8JZXNSJA; systems@nic.umass.edu,web@admin.umass.edu,ltgarcia@admin.umass.edu)"
128.119.100.153 - - [18/Jul/2010:16:27:03 -0400] "GET /~yliao/pmwiki/index.php HTTP/1.0" 200 2810 "-" "gsa-crawler (Enterprise; T2-EG9QX8JZXNSJA; systems@nic.umass.edu,web@admin.umass.edu,ltgarcia@admin.umass.edu)"
128.119.100.153 - - [18/Jul/2010:16:27:07 -0400] "GET /~yliao/pmwiki/index.php?n=Course.Course HTTP/1.0" 200 2725 "-" "gsa-crawler (Enterprise; T2-EG9QX8JZXNSJA; systems@nic.umass.edu,web@admin.umass.edu,ltgarcia@admin.umass.edu)"
128.119.100.153 - - [18/Jul/2010:16:27:17 -0400] "GET / HTTP/1.0" 304 - "-" "gsa-crawler (Enterprise; T2-EG9QX8JZXNSJA; systems@nic.umass.edu,web@admin.umass.edu,ltgarcia@admin.umass.edu)"
128.119.100.153 - - [18/Jul/2010:16:28:11 -0400] "GET /mnilpub/papers/PID28496.pdf HTTP/1.0" 304 - "-" "gsa-crawler (Enterprise; T2-EG9QX8JZXNSJA; systems@nic.umass.edu,web@admin.umass.edu,ltgarcia@admin.umass.edu)"
220.181.7.71 - - [18/Jul/2010:16:31:01 -0400] "GET / HTTP/1.1" 200 247 "-" "Baiduspider+(+http://www.baidu.com/search/spider.htm)"
123.125.66.69 - - [18/Jul/2010:16:31:44 -0400] "GET / HTTP/1.1" 200 247 "-" "Baiduspider+(+http://www.baidu.com/search/spider.htm)"
128.119.100.153 - - [18/Jul/2010:16:38:23 -0400] "GET /~yliao/pmwiki/ HTTP/1.0" 200 2810 "-" "gsa-crawler (Enterprise; T2-EG9QX8JZXNSJA; systems@nic.umass.edu,web@admin.umass.edu,ltgarcia@admin.umass.edu)"
128.119.100.153 - - [18/Jul/2010:16:41:06 -0400] "GET / HTTP/1.0" 304 - "-" "gsa-crawler (Enterprise; T2-EG9QX8JZXNSJA; systems@nic.umass.edu,web@admin.umass.edu,ltgarcia@admin.umass.edu)"
67.195.113.245 - - [18/Jul/2010:16:43:29 -0400] "GET /course/ece242Spring2003/exams/_vti_cnf/sample_exam2.htm HTTP/1.0" 404 351 "-" "Mozilla/5.0 (compatible; Yahoo! Slurp/3.0; http://help.yahoo.com/help/us/ysearch/slurp)"
128.119.100.153 - - [18/Jul/2010:16:47:11 -0400] "GET /mnilpub/papers/PID28496.pdf HTTP/1.0" 304 - "-" "gsa-crawler (Enterprise; T2-EG9QX8JZXNSJA; systems@nic.umass.edu,web@admin.umass.edu,ltgarcia@admin.umass.edu)"
128.119.100.153 - - [18/Jul/2010:16:47:14 -0400] "GET /~yliao/pmwiki/index.php?n=Main.HomePage HTTP/1.0" 200 2810 "-" "gsa-crawler (Enterprise; T2-EG9QX8JZXNSJA; systems@nic.umass.edu,web@admin.umass.edu,ltgarcia@admin.umass.edu)"
128.119.100.153 - - [18/Jul/2010:16:47:14 -0400] "GET /~yliao/pmwiki/index.php HTTP/1.0" 200 2810 "-" "gsa-crawler (Enterprise; T2-EG9QX8JZXNSJA; systems@nic.umass.edu,web@admin.umass.edu,ltgarcia@admin.umass.edu)"
128.119.100.153 - - [18/Jul/2010:16:47:15 -0400] "GET /robots.txt HTTP/1.0" 404 321 "-" "gsa-crawler (Enterprise; T2-EG9QX8JZXNSJA; systems@nic.umass.edu,web@admin.umass.edu,ltgarcia@admin.umass.edu)"
128.119.100.153 - - [18/Jul/2010:16:47:15 -0400] "GET /~yliao/pmwiki/index.php?n=Course.Course HTTP/1.0" 200 2725 "-" "gsa-crawler (Enterprise; T2-EG9QX8JZXNSJA; systems@nic.umass.edu,web@admin.umass.edu,ltgarcia@admin.umass.edu)"
207.46.195.223 - - [18/Jul/2010:16:48:36 -0400] "GET /robots.txt HTTP/1.1" 404 415 "-" "msnbot/2.0b (+http://search.msn.com/msnbot.htm)"
67.195.113.245 - - [18/Jul/2010:16:49:15 -0400] "GET /~yliao/pmwiki/index.php?n=Misc.Bash HTTP/1.0" 200 2617 "-" "Mozilla/5.0 (compatible; Yahoo! Slurp/3.0; http://help.yahoo.com/help/us/ysearch/slurp)"
207.46.195.223 - - [18/Jul/2010:16:49:52 -0400] "GET /mnilpub/papers/jxia-globecom04-slides.pdf HTTP/1.1" 200 1889688 "-" "msnbot/2.0b (+http://search.msn.com/msnbot.htm)"
128.119.100.153 - - [18/Jul/2010:16:51:29 -0400] "GET / HTTP/1.0" 304 - "-" "gsa-crawler (Enterprise; T2-EG9QX8JZXNSJA; systems@nic.umass.edu,web@admin.umass.edu,ltgarcia@admin.umass.edu)"
128.119.100.153 - - [18/Jul/2010:16:51:49 -0400] "GET /~yliao/pmwiki/ HTTP/1.0" 200 2810 "-" "gsa-crawler (Enterprise; T2-EG9QX8JZXNSJA; systems@nic.umass.edu,web@admin.umass.edu,ltgarcia@admin.umass.edu)"
67.195.113.245 - - [18/Jul/2010:16:56:14 -0400] "GET /~yliao/html/paper/vnet-nsdi09-poster.pdf HTTP/1.0" 200 47047 "-" "Mozilla/5.0 (compatible; Yahoo! Slurp/3.0; http://help.yahoo.com/help/us/ysearch/slurp)"
128.119.100.153 - - [18/Jul/2010:17:02:27 -0400] "GET / HTTP/1.0" 304 - "-" "gsa-crawler (Enterprise; T2-EG9QX8JZXNSJA; systems@nic.umass.edu,web@admin.umass.edu,ltgarcia@admin.umass.edu)"
128.119.100.153 - - [18/Jul/2010:17:02:54 -0400] "GET /mnilpub/papers/PID28496.pdf HTTP/1.0" 304 - "-" "gsa-crawler (Enterprise; T2-EG9QX8JZXNSJA; systems@nic.umass.edu,web@admin.umass.edu,ltgarcia@admin.umass.edu)"
128.119.100.153 - - [18/Jul/2010:17:07:00 -0400] "GET /~yliao/pmwiki/index.php?n=Main.HomePage HTTP/1.0" 200 2810 "-" "gsa-crawler (Enterprise; T2-EG9QX8JZXNSJA; systems@nic.umass.edu,web@admin.umass.edu,ltgarcia@admin.umass.edu)"
128.119.100.153 - - [18/Jul/2010:17:07:01 -0400] "GET /~yliao/pmwiki/index.php HTTP/1.0" 200 2810 "-" "gsa-crawler (Enterprise; T2-EG9QX8JZXNSJA; systems@nic.umass.edu,web@admin.umass.edu,ltgarcia@admin.umass.edu)"
128.119.100.153 - - [18/Jul/2010:17:07:03 -0400] "GET /~yliao/pmwiki/index.php?n=Course.Course HTTP/1.0" 200 2725 "-" "gsa-crawler (Enterprise; T2-EG9QX8JZXNSJA; systems@nic.umass.edu,web@admin.umass.edu,ltgarcia@admin.umass.edu)"
128.119.100.153 - - [18/Jul/2010:17:07:13 -0400] "GET /~yliao/pmwiki/ HTTP/1.0" 200 2810 "-" "gsa-crawler (Enterprise; T2-EG9QX8JZXNSJA; systems@nic.umass.edu,web@admin.umass.edu,ltgarcia@admin.umass.edu)"
207.46.195.242 - - [18/Jul/2010:17:10:52 -0400] "GET /mnilpub/papers/jxia-imc05.pdf HTTP/1.1" 200 170560 "-" "msnbot/2.0b (+http://search.msn.com/msnbot.htm)"
128.119.100.153 - - [18/Jul/2010:17:12:02 -0400] "GET / HTTP/1.0" 304 - "-" "gsa-crawler (Enterprise; T2-EG9QX8JZXNSJA; systems@nic.umass.edu,web@admin.umass.edu,ltgarcia@admin.umass.edu)"
207.46.199.180 - - [18/Jul/2010:17:13:33 -0400] "GET /robots.txt HTTP/1.1" 404 415 "-" "msnbot/2.0b (+http://search.msn.com/msnbot.htm)"
128.119.100.153 - - [18/Jul/2010:17:22:43 -0400] "GET /robots.txt HTTP/1.0" 404 321 "-" "gsa-crawler (Enterprise; T2-EG9QX8JZXNSJA; systems@nic.umass.edu,web@admin.umass.edu,ltgarcia@admin.umass.edu)"
128.119.100.153 - - [18/Jul/2010:17:22:43 -0400] "GET /mnilpub/papers/PID28496.pdf HTTP/1.0" 304 - "-" "gsa-crawler (Enterprise; T2-EG9QX8JZXNSJA; systems@nic.umass.edu,web@admin.umass.edu,ltgarcia@admin.umass.edu)"
128.119.100.153 - - [18/Jul/2010:17:27:11 -0400] "GET / HTTP/1.0" 304 - "-" "gsa-crawler (Enterprise; T2-EG9QX8JZXNSJA; systems@nic.umass.edu,web@admin.umass.edu,ltgarcia@admin.umass.edu)"
128.119.100.153 - - [18/Jul/2010:17:27:38 -0400] "GET /~yliao/pmwiki/ HTTP/1.0" 200 2810 "-" "gsa-crawler (Enterprise; T2-EG9QX8JZXNSJA; systems@nic.umass.edu,web@admin.umass.edu,ltgarcia@admin.umass.edu)"
128.119.100.153 - - [18/Jul/2010:17:28:01 -0400] "GET /~yliao/pmwiki/index.php?n=Main.HomePage HTTP/1.0" 200 2810 "-" "gsa-crawler (Enterprise; T2-EG9QX8JZXNSJA; systems@nic.umass.edu,web@admin.umass.edu,ltgarcia@admin.umass.edu)"
128.119.100.153 - - [18/Jul/2010:17:28:01 -0400] "GET /~yliao/pmwiki/index.php HTTP/1.0" 200 2810 "-" "gsa-crawler (Enterprise; T2-EG9QX8JZXNSJA; systems@nic.umass.edu,web@admin.umass.edu,ltgarcia@admin.umass.edu)"
128.119.100.153 - - [18/Jul/2010:17:28:02 -0400] "GET /~yliao/pmwiki/index.php?n=Course.Course HTTP/1.0" 200 2725 "-" "gsa-crawler (Enterprise; T2-EG9QX8JZXNSJA; systems@nic.umass.edu,web@admin.umass.edu,ltgarcia@admin.umass.edu)"
207.46.199.182 - - [18/Jul/2010:17:33:50 -0400] "GET /robots.txt HTTP/1.1" 404 415 "-" "msnbot/2.0b (+http://search.msn.com/msnbot.htm)"
128.119.100.153 - - [18/Jul/2010:17:37:40 -0400] "GET / HTTP/1.0" 304 - "-" "gsa-crawler (Enterprise; T2-EG9QX8JZXNSJA; systems@nic.umass.edu,web@admin.umass.edu,ltgarcia@admin.umass.edu)"
128.119.100.153 - - [18/Jul/2010:17:38:07 -0400] "GET /mnilpub/papers/PID28496.pdf HTTP/1.0" 304 - "-" "gsa-crawler (Enterprise; T2-EG9QX8JZXNSJA; systems@nic.umass.edu,web@admin.umass.edu,ltgarcia@admin.umass.edu)"
128.119.100.153 - - [18/Jul/2010:17:42:06 -0400] "GET /~yliao/pmwiki/ HTTP/1.0" 200 2810 "-" "gsa-crawler (Enterprise; T2-EG9QX8JZXNSJA; systems@nic.umass.edu,web@admin.umass.edu,ltgarcia@admin.umass.edu)"
128.119.100.153 - - [18/Jul/2010:17:42:22 -0400] "GET /~yliao/pmwiki/index.php?n=Main.HomePage HTTP/1.0" 200 2810 "-" "gsa-crawler (Enterprise; T2-EG9QX8JZXNSJA; systems@nic.umass.edu,web@admin.umass.edu,ltgarcia@admin.umass.edu)"
128.119.100.153 - - [18/Jul/2010:17:42:23 -0400] "GET /~yliao/pmwiki/index.php HTTP/1.0" 200 2810 "-" "gsa-crawler (Enterprise; T2-EG9QX8JZXNSJA; systems@nic.umass.edu,web@admin.umass.edu,ltgarcia@admin.umass.edu)"
128.119.100.153 - - [18/Jul/2010:17:42:24 -0400] "GET /~yliao/pmwiki/index.php?n=Course.Course HTTP/1.0" 200 2725 "-" "gsa-crawler (Enterprise; T2-EG9QX8JZXNSJA; systems@nic.umass.edu,web@admin.umass.edu,ltgarcia@admin.umass.edu)"
67.195.113.245 - - [18/Jul/2010:17:49:36 -0400] "GET /robots.txt HTTP/1.0" 404 321 "-" "Mozilla/5.0 (compatible; Yahoo! Slurp; http://help.yahoo.com/help/us/ysearch/slurp)"
67.195.113.245 - - [18/Jul/2010:17:49:36 -0400] "GET /~yliao/pmwiki/index.php?n=Research.Links HTTP/1.0" 200 2256 "-" "Mozilla/5.0 (compatible; Yahoo! Slurp/3.0; http://help.yahoo.com/help/us/ysearch/slurp)"
67.195.113.245 - - [18/Jul/2010:17:49:40 -0400] "GET /~yliao/pmwiki/pub/skins/monobook/monobook.css HTTP/1.0" 304 - "http://rio.ecs.umass.edu/~yliao/pmwiki/index.php?n=Research.Links" "Mozilla/5.0 (compatible; Yahoo! Slurp/3.0; http://help.yahoo.com/help/us/ysearch/slurp)"
207.46.204.192 - - [18/Jul/2010:17:50:52 -0400] "GET /mnilpub/papers/tfei-GI2006.pdf HTTP/1.1" 200 229709 "-" "msnbot/2.0b (+http://search.msn.com/msnbot.htm)"
128.119.100.153 - - [18/Jul/2010:17:51:32 -0400] "GET /robots.txt HTTP/1.0" 404 321 "-" "gsa-crawler (Enterprise; T2-EG9QX8JZXNSJA; systems@nic.umass.edu,web@admin.umass.edu,ltgarcia@admin.umass.edu)"
128.119.100.153 - - [18/Jul/2010:17:51:32 -0400] "GET / HTTP/1.0" 304 - "-" "gsa-crawler (Enterprise; T2-EG9QX8JZXNSJA; systems@nic.umass.edu,web@admin.umass.edu,ltgarcia@admin.umass.edu)"
220.181.7.93 - - [18/Jul/2010:17:51:45 -0400] "GET / HTTP/1.1" 200 247 "-" "Baiduspider+(+http://www.baidu.com/search/spider.htm)"
123.125.66.89 - - [18/Jul/2010:17:52:27 -0400] "GET / HTTP/1.1" 200 247 "-" "Baiduspider+(+http://www.baidu.com/search/spider.htm)"
128.119.100.153 - - [18/Jul/2010:17:56:45 -0400] "GET /mnilpub/papers/PID28496.pdf HTTP/1.0" 304 - "-" "gsa-crawler (Enterprise; T2-EG9QX8JZXNSJA; systems@nic.umass.edu,web@admin.umass.edu,ltgarcia@admin.umass.edu)"
128.119.100.153 - - [18/Jul/2010:17:57:06 -0400] "GET /~yliao/pmwiki/ HTTP/1.0" 200 2810 "-" "gsa-crawler (Enterprise; T2-EG9QX8JZXNSJA; systems@nic.umass.edu,web@admin.umass.edu,ltgarcia@admin.umass.edu)"
128.119.100.153 - - [18/Jul/2010:17:57:18 -0400] "GET /~yliao/pmwiki/index.php?n=Main.HomePage HTTP/1.0" 200 2810 "-" "gsa-crawler (Enterprise; T2-EG9QX8JZXNSJA; systems@nic.umass.edu,web@admin.umass.edu,ltgarcia@admin.umass.edu)"
128.119.100.153 - - [18/Jul/2010:17:57:18 -0400] "GET /~yliao/pmwiki/index.php HTTP/1.0" 200 2810 "-" "gsa-crawler (Enterprise; T2-EG9QX8JZXNSJA; systems@nic.umass.edu,web@admin.umass.edu,ltgarcia@admin.umass.edu)"
128.119.100.153 - - [18/Jul/2010:17:57:20 -0400] "GET /~yliao/pmwiki/index.php?n=Course.Course HTTP/1.0" 200 2725 "-" "gsa-crawler (Enterprise; T2-EG9QX8JZXNSJA; systems@nic.umass.edu,web@admin.umass.edu,ltgarcia@admin.umass.edu)"
128.119.100.153 - - [18/Jul/2010:18:01:54 -0400] "GET / HTTP/1.0" 304 - "-" "gsa-crawler (Enterprise; T2-EG9QX8JZXNSJA; systems@nic.umass.edu,web@admin.umass.edu,ltgarcia@admin.umass.edu)"
128.119.100.153 - - [18/Jul/2010:18:11:30 -0400] "GET / HTTP/1.0" 304 - "-" "gsa-crawler (Enterprise; T2-EG9QX8JZXNSJA; systems@nic.umass.edu,web@admin.umass.edu,ltgarcia@admin.umass.edu)"
128.119.100.153 - - [18/Jul/2010:18:11:31 -0400] "GET /mnilpub/papers/PID28496.pdf HTTP/1.0" 304 - "-" "gsa-crawler (Enterprise; T2-EG9QX8JZXNSJA; systems@nic.umass.edu,web@admin.umass.edu,ltgarcia@admin.umass.edu)"
128.119.100.153 - - [18/Jul/2010:18:11:44 -0400] "GET /~yliao/pmwiki/ HTTP/1.0" 200 2810 "-" "gsa-crawler (Enterprise; T2-EG9QX8JZXNSJA; systems@nic.umass.edu,web@admin.umass.edu,ltgarcia@admin.umass.edu)"
128.119.100.153 - - [18/Jul/2010:18:16:34 -0400] "GET /~yliao/pmwiki/index.php?n=Main.HomePage HTTP/1.0" 200 2810 "-" "gsa-crawler (Enterprise; T2-EG9QX8JZXNSJA; systems@nic.umass.edu,web@admin.umass.edu,ltgarcia@admin.umass.edu)"
128.119.100.153 - - [18/Jul/2010:18:16:39 -0400] "GET /~yliao/pmwiki/index.php HTTP/1.0" 200 2810 "-" "gsa-crawler (Enterprise; T2-EG9QX8JZXNSJA; systems@nic.umass.edu,web@admin.umass.edu,ltgarcia@admin.umass.edu)"
128.119.100.153 - - [18/Jul/2010:18:16:41 -0400] "GET /~yliao/pmwiki/index.php?n=Course.Course HTTP/1.0" 200 2725 "-" "gsa-crawler (Enterprise; T2-EG9QX8JZXNSJA; systems@nic.umass.edu,web@admin.umass.edu,ltgarcia@admin.umass.edu)"
207.46.13.84 - - [18/Jul/2010:18:22:53 -0400] "GET /mailman/admin/ece122_list HTTP/1.1" 404 331 "-" "msnbot/2.0b (+http://search.msn.com/msnbot.htm)"
128.119.100.152 - - [18/Jul/2010:18:25:52 -0400] "GET /robots.txt HTTP/1.0" 404 321 "-" "gsa-crawler (Enterprise; S5-EY25PTT6T2NAA; systems@nic.umass.edu,web@admin.umass.edu,ltgarcia@admin.umass.edu)"
128.119.100.152 - - [18/Jul/2010:18:25:52 -0400] "GET /~yliao/pmwiki/index.php?n=Misc.Linux HTTP/1.0" 200 3621 "-" "gsa-crawler (Enterprise; S5-EY25PTT6T2NAA; systems@nic.umass.edu,web@admin.umass.edu,ltgarcia@admin.umass.edu)"
128.119.100.153 - - [18/Jul/2010:18:26:45 -0400] "GET /robots.txt HTTP/1.0" 404 321 "-" "gsa-crawler (Enterprise; T2-EG9QX8JZXNSJA; systems@nic.umass.edu,web@admin.umass.edu,ltgarcia@admin.umass.edu)"
128.119.100.153 - - [18/Jul/2010:18:26:45 -0400] "GET / HTTP/1.0" 304 - "-" "gsa-crawler (Enterprise; T2-EG9QX8JZXNSJA; systems@nic.umass.edu,web@admin.umass.edu,ltgarcia@admin.umass.edu)"
128.119.100.153 - - [18/Jul/2010:18:27:37 -0400] "GET /mnilpub/papers/PID28496.pdf HTTP/1.0" 304 - "-" "gsa-crawler (Enterprise; T2-EG9QX8JZXNSJA; systems@nic.umass.edu,web@admin.umass.edu,ltgarcia@admin.umass.edu)"
128.119.100.153 - - [18/Jul/2010:18:27:41 -0400] "GET /~yliao/pmwiki/ HTTP/1.0" 200 2810 "-" "gsa-crawler (Enterprise; T2-EG9QX8JZXNSJA; systems@nic.umass.edu,web@admin.umass.edu,ltgarcia@admin.umass.edu)"
128.119.100.153 - - [18/Jul/2010:18:32:07 -0400] "GET /~yliao/pmwiki/index.php?n=Main.HomePage HTTP/1.0" 200 2810 "-" "gsa-crawler (Enterprise; T2-EG9QX8JZXNSJA; systems@nic.umass.edu,web@admin.umass.edu,ltgarcia@admin.umass.edu)"
128.119.100.153 - - [18/Jul/2010:18:32:07 -0400] "GET /~yliao/pmwiki/index.php HTTP/1.0" 200 2810 "-" "gsa-crawler (Enterprise; T2-EG9QX8JZXNSJA; systems@nic.umass.edu,web@admin.umass.edu,ltgarcia@admin.umass.edu)"
128.119.100.153 - - [18/Jul/2010:18:32:08 -0400] "GET /~yliao/pmwiki/index.php?n=Course.Course HTTP/1.0" 200 2725 "-" "gsa-crawler (Enterprise; T2-EG9QX8JZXNSJA; systems@nic.umass.edu,web@admin.umass.edu,ltgarcia@admin.umass.edu)"
128.119.100.152 - - [18/Jul/2010:18:32:36 -0400] "GET /~yliao/pmwiki/index.php?n=Misc.Vim HTTP/1.0" 200 2862 "-" "gsa-crawler (Enterprise; S5-EY25PTT6T2NAA; systems@nic.umass.edu,web@admin.umass.edu,ltgarcia@admin.umass.edu)"
128.119.100.152 - - [18/Jul/2010:18:35:47 -0400] "GET /~yliao/pmwiki/index.php?n=Misc.Emacs HTTP/1.0" 200 2398 "-" "gsa-crawler (Enterprise; S5-EY25PTT6T2NAA; systems@nic.umass.edu,web@admin.umass.edu,ltgarcia@admin.umass.edu)"
128.119.100.152 - - [18/Jul/2010:18:38:07 -0400] "GET /~yliao/pmwiki/index.php?n=Misc.Language HTTP/1.0" 200 2152 "-" "gsa-crawler (Enterprise; S5-EY25PTT6T2NAA; systems@nic.umass.edu,web@admin.umass.edu,ltgarcia@admin.umass.edu)"
128.119.100.152 - - [18/Jul/2010:18:39:53 -0400] "GET /~yliao/pmwiki/index.php?n=Misc.Bash HTTP/1.0" 200 2617 "-" "gsa-crawler (Enterprise; S5-EY25PTT6T2NAA; systems@nic.umass.edu,web@admin.umass.edu,ltgarcia@admin.umass.edu)"
128.119.100.152 - - [18/Jul/2010:18:40:44 -0400] "GET /~yliao/pmwiki/index.php?n=Misc.Linux HTTP/1.0" 200 3621 "-" "gsa-crawler (Enterprise; S5-EY25PTT6T2NAA; systems@nic.umass.edu,web@admin.umass.edu,ltgarcia@admin.umass.edu)"
128.119.100.152 - - [18/Jul/2010:18:41:47 -0400] "GET /~yliao/pmwiki/index.php?n=Misc.Vim HTTP/1.0" 200 2862 "-" "gsa-crawler (Enterprise; S5-EY25PTT6T2NAA; systems@nic.umass.edu,web@admin.umass.edu,ltgarcia@admin.umass.edu)"
128.119.100.153 - - [18/Jul/2010:18:41:50 -0400] "GET / HTTP/1.0" 304 - "-" "gsa-crawler (Enterprise; T2-EG9QX8JZXNSJA; systems@nic.umass.edu,web@admin.umass.edu,ltgarcia@admin.umass.edu)"
128.119.100.152 - - [18/Jul/2010:18:43:32 -0400] "GET /~yliao/pmwiki/index.php?n=Misc.Emacs HTTP/1.0" 200 2398 "-" "gsa-crawler (Enterprise; S5-EY25PTT6T2NAA; systems@nic.umass.edu,web@admin.umass.edu,ltgarcia@admin.umass.edu)"
128.119.100.152 - - [18/Jul/2010:18:43:47 -0400] "GET /~yliao/pmwiki/index.php?n=Misc.Language HTTP/1.0" 200 2152 "-" "gsa-crawler (Enterprise; S5-EY25PTT6T2NAA; systems@nic.umass.edu,web@admin.umass.edu,ltgarcia@admin.umass.edu)"
128.119.100.152 - - [18/Jul/2010:18:44:41 -0400] "GET /~yliao/pmwiki/index.php?n=Misc.Bash HTTP/1.0" 200 2617 "-" "gsa-crawler (Enterprise; S5-EY25PTT6T2NAA; systems@nic.umass.edu,web@admin.umass.edu,ltgarcia@admin.umass.edu)"
128.119.100.152 - - [18/Jul/2010:18:45:24 -0400] "GET /~yliao/pmwiki/index.php?n=Misc.Linux HTTP/1.0" 200 3621 "-" "gsa-crawler (Enterprise; S5-EY25PTT6T2NAA; systems@nic.umass.edu,web@admin.umass.edu,ltgarcia@admin.umass.edu)"
128.119.100.152 - - [18/Jul/2010:18:45:57 -0400] "GET /~yliao/pmwiki/index.php?n=Misc.Vim HTTP/1.0" 200 2862 "-" "gsa-crawler (Enterprise; S5-EY25PTT6T2NAA; systems@nic.umass.edu,web@admin.umass.edu,ltgarcia@admin.umass.edu)"
128.119.100.152 - - [18/Jul/2010:18:46:41 -0400] "GET /~yliao/pmwiki/index.php?n=Misc.Emacs HTTP/1.0" 200 2398 "-" "gsa-crawler (Enterprise; S5-EY25PTT6T2NAA; systems@nic.umass.edu,web@admin.umass.edu,ltgarcia@admin.umass.edu)"
128.119.100.153 - - [18/Jul/2010:18:47:11 -0400] "GET /mnilpub/papers/PID28496.pdf HTTP/1.0" 304 - "-" "gsa-crawler (Enterprise; T2-EG9QX8JZXNSJA; systems@nic.umass.edu,web@admin.umass.edu,ltgarcia@admin.umass.edu)"
128.119.100.153 - - [18/Jul/2010:18:47:14 -0400] "GET /~yliao/pmwiki/ HTTP/1.0" 200 2810 "-" "gsa-crawler (Enterprise; T2-EG9QX8JZXNSJA; systems@nic.umass.edu,web@admin.umass.edu,ltgarcia@admin.umass.edu)"
128.119.100.152 - - [18/Jul/2010:18:47:44 -0400] "GET /~yliao/pmwiki/index.php?n=Misc.Language HTTP/1.0" 200 2152 "-" "gsa-crawler (Enterprise; S5-EY25PTT6T2NAA; systems@nic.umass.edu,web@admin.umass.edu,ltgarcia@admin.umass.edu)"
128.119.100.152 - - [18/Jul/2010:18:48:12 -0400] "GET /~yliao/pmwiki/index.php?n=Misc.Bash HTTP/1.0" 200 2617 "-" "gsa-crawler (Enterprise; S5-EY25PTT6T2NAA; systems@nic.umass.edu,web@admin.umass.edu,ltgarcia@admin.umass.edu)"
123.125.66.127 - - [18/Jul/2010:18:49:06 -0400] "GET / HTTP/1.1" 200 247 "-" "Baiduspider+(+http://www.baidu.com/search/spider.htm)"
128.119.100.152 - - [18/Jul/2010:18:49:12 -0400] "GET /~yliao/pmwiki/index.php?n=Misc.Linux HTTP/1.0" 200 3621 "-" "gsa-crawler (Enterprise; S5-EY25PTT6T2NAA; systems@nic.umass.edu,web@admin.umass.edu,ltgarcia@admin.umass.edu)"
220.181.7.116 - - [18/Jul/2010:18:49:41 -0400] "GET / HTTP/1.1" 200 247 "-" "Baiduspider+(+http://www.baidu.com/search/spider.htm)"
128.119.100.152 - - [18/Jul/2010:18:50:12 -0400] "GET /~yliao/pmwiki/index.php?n=Misc.Vim HTTP/1.0" 200 2862 "-" "gsa-crawler (Enterprise; S5-EY25PTT6T2NAA; systems@nic.umass.edu,web@admin.umass.edu,ltgarcia@admin.umass.edu)"
128.119.100.152 - - [18/Jul/2010:18:51:09 -0400] "GET /~yliao/pmwiki/index.php?n=Misc.Emacs HTTP/1.0" 200 2398 "-" "gsa-crawler (Enterprise; S5-EY25PTT6T2NAA; systems@nic.umass.edu,web@admin.umass.edu,ltgarcia@admin.umass.edu)"
128.119.100.153 - - [18/Jul/2010:18:52:45 -0400] "GET /~yliao/pmwiki/index.php?n=Main.HomePage HTTP/1.0" 200 2810 "-" "gsa-crawler (Enterprise; T2-EG9QX8JZXNSJA; systems@nic.umass.edu,web@admin.umass.edu,ltgarcia@admin.umass.edu)"
128.119.100.153 - - [18/Jul/2010:18:52:46 -0400] "GET /~yliao/pmwiki/index.php HTTP/1.0" 200 2810 "-" "gsa-crawler (Enterprise; T2-EG9QX8JZXNSJA; systems@nic.umass.edu,web@admin.umass.edu,ltgarcia@admin.umass.edu)"
128.119.100.153 - - [18/Jul/2010:18:52:46 -0400] "GET /robots.txt HTTP/1.0" 404 321 "-" "gsa-crawler (Enterprise; T2-EG9QX8JZXNSJA; systems@nic.umass.edu,web@admin.umass.edu,ltgarcia@admin.umass.edu)"
128.119.100.153 - - [18/Jul/2010:18:52:46 -0400] "GET /~yliao/pmwiki/index.php?n=Course.Course HTTP/1.0" 200 2725 "-" "gsa-crawler (Enterprise; T2-EG9QX8JZXNSJA; systems@nic.umass.edu,web@admin.umass.edu,ltgarcia@admin.umass.edu)"
128.119.100.153 - - [18/Jul/2010:18:52:57 -0400] "GET / HTTP/1.0" 304 - "-" "gsa-crawler (Enterprise; T2-EG9QX8JZXNSJA; systems@nic.umass.edu,web@admin.umass.edu,ltgarcia@admin.umass.edu)"
128.119.100.152 - - [18/Jul/2010:18:53:16 -0400] "GET /~yliao/pmwiki/index.php?n=Misc.Language HTTP/1.0" 200 2152 "-" "gsa-crawler (Enterprise; S5-EY25PTT6T2NAA; systems@nic.umass.edu,web@admin.umass.edu,ltgarcia@admin.umass.edu)"
128.119.100.152 - - [18/Jul/2010:18:53:40 -0400] "GET /~yliao/pmwiki/index.php?n=Misc.Bash HTTP/1.0" 200 2617 "-" "gsa-crawler (Enterprise; S5-EY25PTT6T2NAA; systems@nic.umass.edu,web@admin.umass.edu,ltgarcia@admin.umass.edu)"
128.119.100.152 - - [18/Jul/2010:18:54:27 -0400] "GET /~yliao/pmwiki/index.php?n=Misc.Linux HTTP/1.0" 200 3621 "-" "gsa-crawler (Enterprise; S5-EY25PTT6T2NAA; systems@nic.umass.edu,web@admin.umass.edu,ltgarcia@admin.umass.edu)"
207.46.199.220 - - [18/Jul/2010:18:57:02 -0400] "GET /robots.txt HTTP/1.1" 404 321 "-" "msnbot-media/1.1 (+http://search.msn.com/msnbot.htm)"
207.46.199.220 - - [18/Jul/2010:18:57:02 -0400] "GET /~yliao/pmwiki/uploads/Fun/Cartoon/5.gif HTTP/1.1" 200 4676 "-" "msnbot-media/1.1 (+http://search.msn.com/msnbot.htm)"
128.119.100.152 - - [18/Jul/2010:18:57:39 -0400] "GET /~yliao/pmwiki/index.php?n=Misc.Vim HTTP/1.0" 200 2862 "-" "gsa-crawler (Enterprise; S5-EY25PTT6T2NAA; systems@nic.umass.edu,web@admin.umass.edu,ltgarcia@admin.umass.edu)"
128.119.100.152 - - [18/Jul/2010:18:57:40 -0400] "GET /~yliao/pmwiki/index.php?n=Misc.Emacs HTTP/1.0" 200 2398 "-" "gsa-crawler (Enterprise; S5-EY25PTT6T2NAA; systems@nic.umass.edu,web@admin.umass.edu,ltgarcia@admin.umass.edu)"
128.119.100.152 - - [18/Jul/2010:18:57:42 -0400] "GET /~yliao/pmwiki/index.php?n=Misc.Language HTTP/1.0" 200 2152 "-" "gsa-crawler (Enterprise; S5-EY25PTT6T2NAA; systems@nic.umass.edu,web@admin.umass.edu,ltgarcia@admin.umass.edu)"
128.119.100.152 - - [18/Jul/2010:18:57:47 -0400] "GET /~yliao/pmwiki/index.php?n=Misc.Bash HTTP/1.0" 200 2617 "-" "gsa-crawler (Enterprise; S5-EY25PTT6T2NAA; systems@nic.umass.edu,web@admin.umass.edu,ltgarcia@admin.umass.edu)"
128.119.100.152 - - [18/Jul/2010:19:00:47 -0400] "GET /~yliao/pmwiki/index.php?n=Misc.Linux HTTP/1.0" 200 3621 "-" "gsa-crawler (Enterprise; S5-EY25PTT6T2NAA; systems@nic.umass.edu,web@admin.umass.edu,ltgarcia@admin.umass.edu)"
128.119.100.152 - - [18/Jul/2010:19:00:49 -0400] "GET /~yliao/pmwiki/index.php?n=Misc.Vim HTTP/1.0" 200 2862 "-" "gsa-crawler (Enterprise; S5-EY25PTT6T2NAA; systems@nic.umass.edu,web@admin.umass.edu,ltgarcia@admin.umass.edu)"
128.119.100.152 - - [18/Jul/2010:19:00:52 -0400] "GET /~yliao/pmwiki/index.php?n=Misc.Emacs HTTP/1.0" 200 2398 "-" "gsa-crawler (Enterprise; S5-EY25PTT6T2NAA; systems@nic.umass.edu,web@admin.umass.edu,ltgarcia@admin.umass.edu)"
128.119.100.152 - - [18/Jul/2010:19:03:52 -0400] "GET /~yliao/pmwiki/index.php?n=Misc.Language HTTP/1.0" 200 2152 "-" "gsa-crawler (Enterprise; S5-EY25PTT6T2NAA; systems@nic.umass.edu,web@admin.umass.edu,ltgarcia@admin.umass.edu)"
128.119.100.152 - - [18/Jul/2010:19:03:53 -0400] "GET /~yliao/pmwiki/index.php?n=Misc.Bash HTTP/1.0" 200 2617 "-" "gsa-crawler (Enterprise; S5-EY25PTT6T2NAA; systems@nic.umass.edu,web@admin.umass.edu,ltgarcia@admin.umass.edu)"
128.119.100.152 - - [18/Jul/2010:19:03:57 -0400] "GET /~yliao/pmwiki/index.php?n=Misc.Linux HTTP/1.0" 200 3621 "-" "gsa-crawler (Enterprise; S5-EY25PTT6T2NAA; systems@nic.umass.edu,web@admin.umass.edu,ltgarcia@admin.umass.edu)"
66.249.71.59 - - [18/Jul/2010:19:06:50 -0400] "GET /~gao/ece665_08/slides/BFS.ppt HTTP/1.1" 404 336 "-" "Mozilla/5.0 (compatible; Googlebot/2.1; +http://www.google.com/bot.html)"
128.119.100.152 - - [18/Jul/2010:19:06:53 -0400] "GET /~yliao/pmwiki/index.php?n=Misc.Vim HTTP/1.0" 200 2862 "-" "gsa-crawler (Enterprise; S5-EY25PTT6T2NAA; systems@nic.umass.edu,web@admin.umass.edu,ltgarcia@admin.umass.edu)"
128.119.100.152 - - [18/Jul/2010:19:06:59 -0400] "GET /~yliao/pmwiki/index.php?n=Misc.Emacs HTTP/1.0" 200 2398 "-" "gsa-crawler (Enterprise; S5-EY25PTT6T2NAA; systems@nic.umass.edu,web@admin.umass.edu,ltgarcia@admin.umass.edu)"
128.119.100.153 - - [18/Jul/2010:19:06:59 -0400] "GET / HTTP/1.0" 304 - "-" "gsa-crawler (Enterprise; T2-EG9QX8JZXNSJA; systems@nic.umass.edu,web@admin.umass.edu,ltgarcia@admin.umass.edu)"
128.119.100.152 - - [18/Jul/2010:19:07:03 -0400] "GET /~yliao/pmwiki/index.php?n=Misc.Language HTTP/1.0" 200 2152 "-" "gsa-crawler (Enterprise; S5-EY25PTT6T2NAA; systems@nic.umass.edu,web@admin.umass.edu,ltgarcia@admin.umass.edu)"
128.119.100.153 - - [18/Jul/2010:19:07:31 -0400] "GET /mnilpub/papers/PID28496.pdf HTTP/1.0" 304 - "-" "gsa-crawler (Enterprise; T2-EG9QX8JZXNSJA; systems@nic.umass.edu,web@admin.umass.edu,ltgarcia@admin.umass.edu)"
128.119.100.153 - - [18/Jul/2010:19:07:32 -0400] "GET /~yliao/pmwiki/ HTTP/1.0" 200 2810 "-" "gsa-crawler (Enterprise; T2-EG9QX8JZXNSJA; systems@nic.umass.edu,web@admin.umass.edu,ltgarcia@admin.umass.edu)"
128.119.100.152 - - [18/Jul/2010:19:09:57 -0400] "GET /~yliao/pmwiki/index.php?n=Misc.Bash HTTP/1.0" 200 2617 "-" "gsa-crawler (Enterprise; S5-EY25PTT6T2NAA; systems@nic.umass.edu,web@admin.umass.edu,ltgarcia@admin.umass.edu)"
128.119.100.152 - - [18/Jul/2010:19:10:02 -0400] "GET /~yliao/pmwiki/index.php?n=Misc.Linux HTTP/1.0" 200 3621 "-" "gsa-crawler (Enterprise; S5-EY25PTT6T2NAA; systems@nic.umass.edu,web@admin.umass.edu,ltgarcia@admin.umass.edu)"
128.119.100.152 - - [18/Jul/2010:19:10:07 -0400] "GET /~yliao/pmwiki/index.php?n=Misc.Vim HTTP/1.0" 200 2862 "-" "gsa-crawler (Enterprise; S5-EY25PTT6T2NAA; systems@nic.umass.edu,web@admin.umass.edu,ltgarcia@admin.umass.edu)"
128.119.100.152 - - [18/Jul/2010:19:10:07 -0400] "GET /~yliao/pmwiki/index.php?n=Misc.Emacs HTTP/1.0" 200 2398 "-" "gsa-crawler (Enterprise; S5-EY25PTT6T2NAA; systems@nic.umass.edu,web@admin.umass.edu,ltgarcia@admin.umass.edu)"
128.119.100.153 - - [18/Jul/2010:19:11:45 -0400] "GET /~yliao/pmwiki/index.php?n=Main.HomePage HTTP/1.0" 200 2810 "-" "gsa-crawler (Enterprise; T2-EG9QX8JZXNSJA; systems@nic.umass.edu,web@admin.umass.edu,ltgarcia@admin.umass.edu)"
128.119.100.153 - - [18/Jul/2010:19:11:45 -0400] "GET /~yliao/pmwiki/index.php HTTP/1.0" 200 2810 "-" "gsa-crawler (Enterprise; T2-EG9QX8JZXNSJA; systems@nic.umass.edu,web@admin.umass.edu,ltgarcia@admin.umass.edu)"
128.119.100.153 - - [18/Jul/2010:19:11:45 -0400] "GET /~yliao/pmwiki/index.php?n=Course.Course HTTP/1.0" 200 2725 "-" "gsa-crawler (Enterprise; T2-EG9QX8JZXNSJA; systems@nic.umass.edu,web@admin.umass.edu,ltgarcia@admin.umass.edu)"
128.119.100.152 - - [18/Jul/2010:19:12:57 -0400] "GET /~yliao/pmwiki/index.php?n=Misc.Language HTTP/1.0" 200 2152 "-" "gsa-crawler (Enterprise; S5-EY25PTT6T2NAA; systems@nic.umass.edu,web@admin.umass.edu,ltgarcia@admin.umass.edu)"
128.119.100.152 - - [18/Jul/2010:19:13:07 -0400] "GET /~yliao/pmwiki/index.php?n=Misc.Bash HTTP/1.0" 200 2617 "-" "gsa-crawler (Enterprise; S5-EY25PTT6T2NAA; systems@nic.umass.edu,web@admin.umass.edu,ltgarcia@admin.umass.edu)"
128.119.100.152 - - [18/Jul/2010:19:13:12 -0400] "GET /~yliao/pmwiki/index.php?n=Misc.Linux HTTP/1.0" 200 3621 "-" "gsa-crawler (Enterprise; S5-EY25PTT6T2NAA; systems@nic.umass.edu,web@admin.umass.edu,ltgarcia@admin.umass.edu)"
128.119.100.152 - - [18/Jul/2010:19:15:54 -0400] "GET /~yliao/pmwiki/index.php?n=Misc.Vim HTTP/1.0" 200 2862 "-" "gsa-crawler (Enterprise; S5-EY25PTT6T2NAA; systems@nic.umass.edu,web@admin.umass.edu,ltgarcia@admin.umass.edu)"
128.119.100.153 - - [18/Jul/2010:19:16:35 -0400] "GET / HTTP/1.0" 304 - "-" "gsa-crawler (Enterprise; T2-EG9QX8JZXNSJA; systems@nic.umass.edu,web@admin.umass.edu,ltgarcia@admin.umass.edu)"
128.119.100.153 - - [18/Jul/2010:19:17:27 -0400] "GET /mnilpub/papers/PID28496.pdf HTTP/1.0" 304 - "-" "gsa-crawler (Enterprise; T2-EG9QX8JZXNSJA; systems@nic.umass.edu,web@admin.umass.edu,ltgarcia@admin.umass.edu)"
128.119.100.153 - - [18/Jul/2010:19:17:28 -0400] "GET /~yliao/pmwiki/ HTTP/1.0" 200 2810 "-" "gsa-crawler (Enterprise; T2-EG9QX8JZXNSJA; systems@nic.umass.edu,web@admin.umass.edu,ltgarcia@admin.umass.edu)"
128.119.100.152 - - [18/Jul/2010:19:17:37 -0400] "GET /robots.txt HTTP/1.0" 404 321 "-" "gsa-crawler (Enterprise; S5-EY25PTT6T2NAA; systems@nic.umass.edu,web@admin.umass.edu,ltgarcia@admin.umass.edu)"
128.119.100.152 - - [18/Jul/2010:19:17:37 -0400] "GET /~yliao/pmwiki/index.php?n=Misc.Emacs HTTP/1.0" 200 2398 "-" "gsa-crawler (Enterprise; S5-EY25PTT6T2NAA; systems@nic.umass.edu,web@admin.umass.edu,ltgarcia@admin.umass.edu)"
128.119.100.152 - - [18/Jul/2010:19:17:39 -0400] "GET /~yliao/pmwiki/index.php?n=Misc.CVS HTTP/1.0" 200 3293 "-" "gsa-crawler (Enterprise; S5-EY25PTT6T2NAA; systems@nic.umass.edu,web@admin.umass.edu,ltgarcia@admin.umass.edu)"
128.119.100.152 - - [18/Jul/2010:19:19:08 -0400] "GET /~yliao/pmwiki/index.php?n=Misc.Latex HTTP/1.0" 200 4458 "-" "gsa-crawler (Enterprise; S5-EY25PTT6T2NAA; systems@nic.umass.edu,web@admin.umass.edu,ltgarcia@admin.umass.edu)"
128.119.100.152 - - [18/Jul/2010:19:20:43 -0400] "GET /~yliao/pmwiki/index.php?n=Research.Software HTTP/1.0" 200 2568 "-" "gsa-crawler (Enterprise; S5-EY25PTT6T2NAA; systems@nic.umass.edu,web@admin.umass.edu,ltgarcia@admin.umass.edu)"
128.119.100.152 - - [18/Jul/2010:19:22:13 -0400] "GET /~yliao/pmwiki/index.php?n=Private.Private HTTP/1.0" 200 2277 "-" "gsa-crawler (Enterprise; S5-EY25PTT6T2NAA; systems@nic.umass.edu,web@admin.umass.edu,ltgarcia@admin.umass.edu)"
128.119.100.152 - - [18/Jul/2010:19:22:21 -0400] "GET /~yliao/pmwiki/index.php?n=Admin.Admin HTTP/1.0" 200 2276 "-" "gsa-crawler (Enterprise; S5-EY25PTT6T2NAA; systems@nic.umass.edu,web@admin.umass.edu,ltgarcia@admin.umass.edu)"
128.119.100.152 - - [18/Jul/2010:19:23:48 -0400] "GET /~yliao/pmwiki/index.php?n=Course.Course HTTP/1.0" 200 2725 "-" "gsa-crawler (Enterprise; S5-EY25PTT6T2NAA; systems@nic.umass.edu,web@admin.umass.edu,ltgarcia@admin.umass.edu)"
128.119.100.152 - - [18/Jul/2010:19:23:53 -0400] "GET /~yliao/pmwiki/index.php?n=Site.SideBar?action=edit HTTP/1.0" 200 2334 "-" "gsa-crawler (Enterprise; S5-EY25PTT6T2NAA; systems@nic.umass.edu,web@admin.umass.edu,ltgarcia@admin.umass.edu)"
128.119.100.152 - - [18/Jul/2010:19:25:18 -0400] "GET /~yliao/pmwiki/index.php?n=Misc.Language HTTP/1.0" 200 2152 "-" "gsa-crawler (Enterprise; S5-EY25PTT6T2NAA; systems@nic.umass.edu,web@admin.umass.edu,ltgarcia@admin.umass.edu)"
128.119.100.152 - - [18/Jul/2010:19:26:53 -0400] "GET /~yliao/pmwiki/index.php?n=Misc.Bash HTTP/1.0" 200 2617 "-" "gsa-crawler (Enterprise; S5-EY25PTT6T2NAA; systems@nic.umass.edu,web@admin.umass.edu,ltgarcia@admin.umass.edu)"
128.119.100.152 - - [18/Jul/2010:19:28:15 -0400] "GET /~yliao/pmwiki/index.php?n=Misc.Linux HTTP/1.0" 200 3621 "-" "gsa-crawler (Enterprise; S5-EY25PTT6T2NAA; systems@nic.umass.edu,web@admin.umass.edu,ltgarcia@admin.umass.edu)"
128.119.100.152 - - [18/Jul/2010:19:28:23 -0400] "GET /~yliao/pmwiki/index.php?n=Misc.Vim HTTP/1.0" 200 2862 "-" "gsa-crawler (Enterprise; S5-EY25PTT6T2NAA; systems@nic.umass.edu,web@admin.umass.edu,ltgarcia@admin.umass.edu)"
128.119.100.152 - - [18/Jul/2010:19:29:55 -0400] "GET /~yliao/pmwiki/index.php?n=Misc.Emacs HTTP/1.0" 200 2398 "-" "gsa-crawler (Enterprise; S5-EY25PTT6T2NAA; systems@nic.umass.edu,web@admin.umass.edu,ltgarcia@admin.umass.edu)"
128.119.100.152 - - [18/Jul/2010:19:29:59 -0400] "GET /~yliao/pmwiki/index.php?n=Misc.CVS HTTP/1.0" 200 3293 "-" "gsa-crawler (Enterprise; S5-EY25PTT6T2NAA; systems@nic.umass.edu,web@admin.umass.edu,ltgarcia@admin.umass.edu)"
128.119.100.152 - - [18/Jul/2010:19:31:23 -0400] "GET /~yliao/pmwiki/index.php?n=Misc.Latex HTTP/1.0" 200 4458 "-" "gsa-crawler (Enterprise; S5-EY25PTT6T2NAA; systems@nic.umass.edu,web@admin.umass.edu,ltgarcia@admin.umass.edu)"
128.119.100.153 - - [18/Jul/2010:19:31:49 -0400] "GET /robots.txt HTTP/1.0" 404 321 "-" "gsa-crawler (Enterprise; T2-EG9QX8JZXNSJA; systems@nic.umass.edu,web@admin.umass.edu,ltgarcia@admin.umass.edu)"
128.119.100.153 - - [18/Jul/2010:19:31:49 -0400] "GET / HTTP/1.0" 304 - "-" "gsa-crawler (Enterprise; T2-EG9QX8JZXNSJA; systems@nic.umass.edu,web@admin.umass.edu,ltgarcia@admin.umass.edu)"
67.195.113.245 - - [18/Jul/2010:19:31:53 -0400] "GET /~yliao/pmwiki/index.php?n=Misc.Linux HTTP/1.0" 200 3621 "-" "Mozilla/5.0 (compatible; Yahoo! Slurp/3.0; http://help.yahoo.com/help/us/ysearch/slurp)"
128.119.100.153 - - [18/Jul/2010:19:32:44 -0400] "GET /~yliao/pmwiki/index.php?n=Main.HomePage HTTP/1.0" 200 2810 "-" "gsa-crawler (Enterprise; T2-EG9QX8JZXNSJA; systems@nic.umass.edu,web@admin.umass.edu,ltgarcia@admin.umass.edu)"
128.119.100.153 - - [18/Jul/2010:19:32:44 -0400] "GET /~yliao/pmwiki/index.php HTTP/1.0" 200 2810 "-" "gsa-crawler (Enterprise; T2-EG9QX8JZXNSJA; systems@nic.umass.edu,web@admin.umass.edu,ltgarcia@admin.umass.edu)"
128.119.100.153 - - [18/Jul/2010:19:32:45 -0400] "GET /~yliao/pmwiki/index.php?n=Course.Course HTTP/1.0" 200 2725 "-" "gsa-crawler (Enterprise; T2-EG9QX8JZXNSJA; systems@nic.umass.edu,web@admin.umass.edu,ltgarcia@admin.umass.edu)"
128.119.100.152 - - [18/Jul/2010:19:32:48 -0400] "GET /~yliao/pmwiki/index.php?n=Research.Software HTTP/1.0" 200 2568 "-" "gsa-crawler (Enterprise; S5-EY25PTT6T2NAA; systems@nic.umass.edu,web@admin.umass.edu,ltgarcia@admin.umass.edu)"
128.119.100.152 - - [18/Jul/2010:19:32:58 -0400] "GET /~yliao/pmwiki/index.php?n=Admin.Admin HTTP/1.0" 200 2276 "-" "gsa-crawler (Enterprise; S5-EY25PTT6T2NAA; systems@nic.umass.edu,web@admin.umass.edu,ltgarcia@admin.umass.edu)"
128.119.100.152 - - [18/Jul/2010:19:33:07 -0400] "GET /~yliao/pmwiki/index.php?n=Private.Private HTTP/1.0" 200 2277 "-" "gsa-crawler (Enterprise; S5-EY25PTT6T2NAA; systems@nic.umass.edu,web@admin.umass.edu,ltgarcia@admin.umass.edu)"
128.119.100.152 - - [18/Jul/2010:19:34:48 -0400] "GET /~yliao/pmwiki/index.php?n=Course.Course HTTP/1.0" 200 2725 "-" "gsa-crawler (Enterprise; S5-EY25PTT6T2NAA; systems@nic.umass.edu,web@admin.umass.edu,ltgarcia@admin.umass.edu)"
67.195.113.245 - - [18/Jul/2010:19:35:10 -0400] "GET /course/ece242Spring2003/applet/bookflip/_vti_cnf/bookflip.html HTTP/1.0" 404 352 "-" "Mozilla/5.0 (compatible; Yahoo! Slurp/3.0; http://help.yahoo.com/help/us/ysearch/slurp)"
128.119.100.152 - - [18/Jul/2010:19:35:59 -0400] "GET /~yliao/pmwiki/index.php?n=Site.SideBar?action=edit HTTP/1.0" 200 2334 "-" "gsa-crawler (Enterprise; S5-EY25PTT6T2NAA; systems@nic.umass.edu,web@admin.umass.edu,ltgarcia@admin.umass.edu)"
128.119.100.152 - - [18/Jul/2010:19:36:08 -0400] "GET /~yliao/pmwiki/index.php?n=Misc.Language HTTP/1.0" 200 2152 "-" "gsa-crawler (Enterprise; S5-EY25PTT6T2NAA; systems@nic.umass.edu,web@admin.umass.edu,ltgarcia@admin.umass.edu)"
128.119.100.153 - - [18/Jul/2010:19:36:53 -0400] "GET /mnilpub/papers/PID28496.pdf HTTP/1.0" 304 - "-" "gsa-crawler (Enterprise; T2-EG9QX8JZXNSJA; systems@nic.umass.edu,web@admin.umass.edu,ltgarcia@admin.umass.edu)"
128.119.100.153 - - [18/Jul/2010:19:36:54 -0400] "GET /~yliao/pmwiki/ HTTP/1.0" 200 2810 "-" "gsa-crawler (Enterprise; T2-EG9QX8JZXNSJA; systems@nic.umass.edu,web@admin.umass.edu,ltgarcia@admin.umass.edu)"
128.119.100.152 - - [18/Jul/2010:19:37:24 -0400] "GET /~yliao/pmwiki/index.php?n=Misc.Bash HTTP/1.0" 200 2617 "-" "gsa-crawler (Enterprise; S5-EY25PTT6T2NAA; systems@nic.umass.edu,web@admin.umass.edu,ltgarcia@admin.umass.edu)"
128.119.100.152 - - [18/Jul/2010:19:37:49 -0400] "GET /~yliao/pmwiki/index.php?n=Misc.Linux HTTP/1.0" 200 3621 "-" "gsa-crawler (Enterprise; S5-EY25PTT6T2NAA; systems@nic.umass.edu,web@admin.umass.edu,ltgarcia@admin.umass.edu)"
128.119.100.152 - - [18/Jul/2010:19:39:09 -0400] "GET /~yliao/pmwiki/index.php?n=Misc.Vim HTTP/1.0" 200 2862 "-" "gsa-crawler (Enterprise; S5-EY25PTT6T2NAA; systems@nic.umass.edu,web@admin.umass.edu,ltgarcia@admin.umass.edu)"
128.119.100.152 - - [18/Jul/2010:19:40:24 -0400] "GET /~yliao/pmwiki/index.php?n=Misc.Emacs HTTP/1.0" 200 2398 "-" "gsa-crawler (Enterprise; S5-EY25PTT6T2NAA; systems@nic.umass.edu,web@admin.umass.edu,ltgarcia@admin.umass.edu)"
128.119.100.152 - - [18/Jul/2010:19:40:39 -0400] "GET /~yliao/pmwiki/index.php?n=Misc.CVS HTTP/1.0" 200 3293 "-" "gsa-crawler (Enterprise; S5-EY25PTT6T2NAA; systems@nic.umass.edu,web@admin.umass.edu,ltgarcia@admin.umass.edu)"
128.119.100.152 - - [18/Jul/2010:19:42:04 -0400] "GET /~yliao/pmwiki/index.php?n=Misc.Latex HTTP/1.0" 200 4458 "-" "gsa-crawler (Enterprise; S5-EY25PTT6T2NAA; systems@nic.umass.edu,web@admin.umass.edu,ltgarcia@admin.umass.edu)"
128.119.100.152 - - [18/Jul/2010:19:43:30 -0400] "GET /~yliao/pmwiki/index.php?n=Research.Software HTTP/1.0" 200 2568 "-" "gsa-crawler (Enterprise; S5-EY25PTT6T2NAA; systems@nic.umass.edu,web@admin.umass.edu,ltgarcia@admin.umass.edu)"
128.119.100.152 - - [18/Jul/2010:19:43:31 -0400] "GET /~yliao/pmwiki/index.php?n=Admin.Admin HTTP/1.0" 200 2276 "-" "gsa-crawler (Enterprise; S5-EY25PTT6T2NAA; systems@nic.umass.edu,web@admin.umass.edu,ltgarcia@admin.umass.edu)"
128.119.100.152 - - [18/Jul/2010:19:43:44 -0400] "GET /~yliao/pmwiki/index.php?n=Private.Private HTTP/1.0" 200 2277 "-" "gsa-crawler (Enterprise; S5-EY25PTT6T2NAA; systems@nic.umass.edu,web@admin.umass.edu,ltgarcia@admin.umass.edu)"
123.125.66.127 - - [18/Jul/2010:19:44:25 -0400] "GET / HTTP/1.1" 200 247 "-" "Baiduspider+(+http://www.baidu.com/search/spider.htm)"
220.181.7.79 - - [18/Jul/2010:19:45:05 -0400] "GET / HTTP/1.1" 200 247 "-" "Baiduspider+(+http://www.baidu.com/search/spider.htm)"
128.119.100.152 - - [18/Jul/2010:19:45:09 -0400] "GET /~yliao/pmwiki/index.php?n=Course.Course HTTP/1.0" 200 2725 "-" "gsa-crawler (Enterprise; S5-EY25PTT6T2NAA; systems@nic.umass.edu,web@admin.umass.edu,ltgarcia@admin.umass.edu)"
128.119.100.152 - - [18/Jul/2010:19:46:34 -0400] "GET /~yliao/pmwiki/index.php?n=Site.SideBar?action=edit HTTP/1.0" 200 2334 "-" "gsa-crawler (Enterprise; S5-EY25PTT6T2NAA; systems@nic.umass.edu,web@admin.umass.edu,ltgarcia@admin.umass.edu)"
128.119.100.152 - - [18/Jul/2010:19:46:49 -0400] "GET /~yliao/pmwiki/index.php?n=Misc.Language HTTP/1.0" 200 2152 "-" "gsa-crawler (Enterprise; S5-EY25PTT6T2NAA; systems@nic.umass.edu,web@admin.umass.edu,ltgarcia@admin.umass.edu)"
128.119.100.152 - - [18/Jul/2010:19:46:51 -0400] "GET /~yliao/pmwiki/index.php?n=Misc.Bash HTTP/1.0" 200 2617 "-" "gsa-crawler (Enterprise; S5-EY25PTT6T2NAA; systems@nic.umass.edu,web@admin.umass.edu,ltgarcia@admin.umass.edu)"
128.119.100.153 - - [18/Jul/2010:19:47:17 -0400] "GET / HTTP/1.0" 304 - "-" "gsa-crawler (Enterprise; T2-EG9QX8JZXNSJA; systems@nic.umass.edu,web@admin.umass.edu,ltgarcia@admin.umass.edu)"
128.119.100.152 - - [18/Jul/2010:19:49:39 -0400] "GET /~yliao/pmwiki/index.php?n=Misc.Linux HTTP/1.0" 200 3621 "-" "gsa-crawler (Enterprise; S5-EY25PTT6T2NAA; systems@nic.umass.edu,web@admin.umass.edu,ltgarcia@admin.umass.edu)"
