128.119.100.153 - - [19/Jul/2010:07:06:30 -0400] "GET /~yliao/pmwiki/index.php?n=Course.Course HTTP/1.0" 200 2725 "-" "gsa-crawler (Enterprise; T2-EG9QX8JZXNSJA; systems@nic.umass.edu,web@admin.umass.edu,ltgarcia@admin.umass.edu)"
128.119.100.153 - - [19/Jul/2010:07:11:20 -0400] "GET / HTTP/1.0" 304 - "-" "gsa-crawler (Enterprise; T2-EG9QX8JZXNSJA; systems@nic.umass.edu,web@admin.umass.edu,ltgarcia@admin.umass.edu)"
128.119.100.153 - - [19/Jul/2010:07:11:29 -0400] "GET /mnilpub/papers/PID28496.pdf HTTP/1.0" 304 - "-" "gsa-crawler (Enterprise; T2-EG9QX8JZXNSJA; systems@nic.umass.edu,web@admin.umass.edu,ltgarcia@admin.umass.edu)"
128.119.100.153 - - [19/Jul/2010:07:11:32 -0400] "GET /~yliao/pmwiki/ HTTP/1.0" 200 2810 "-" "gsa-crawler (Enterprise; T2-EG9QX8JZXNSJA; systems@nic.umass.edu,web@admin.umass.edu,ltgarcia@admin.umass.edu)"
128.119.100.153 - - [19/Jul/2010:07:17:40 -0400] "GET /~yliao/pmwiki/index.php?n=Main.HomePage HTTP/1.0" 200 2810 "-" "gsa-crawler (Enterprise; T2-EG9QX8JZXNSJA; systems@nic.umass.edu,web@admin.umass.edu,ltgarcia@admin.umass.edu)"
128.119.100.153 - - [19/Jul/2010:07:17:40 -0400] "GET /~yliao/pmwiki/index.php HTTP/1.0" 200 2810 "-" "gsa-crawler (Enterprise; T2-EG9QX8JZXNSJA; systems@nic.umass.edu,web@admin.umass.edu,ltgarcia@admin.umass.edu)"
128.119.100.153 - - [19/Jul/2010:07:17:41 -0400] "GET /~yliao/pmwiki/index.php?n=Course.Course HTTP/1.0" 200 2725 "-" "gsa-crawler (Enterprise; T2-EG9QX8JZXNSJA; systems@nic.umass.edu,web@admin.umass.edu,ltgarcia@admin.umass.edu)"
128.119.100.153 - - [19/Jul/2010:07:27:43 -0400] "GET /robots.txt HTTP/1.0" 404 321 "-" "gsa-crawler (Enterprise; T2-EG9QX8JZXNSJA; systems@nic.umass.edu,web@admin.umass.edu,ltgarcia@admin.umass.edu)"
128.119.100.153 - - [19/Jul/2010:07:27:43 -0400] "GET / HTTP/1.0" 304 - "-" "gsa-crawler (Enterprise; T2-EG9QX8JZXNSJA; systems@nic.umass.edu,web@admin.umass.edu,ltgarcia@admin.umass.edu)"
128.119.100.153 - - [19/Jul/2010:07:28:22 -0400] "GET /mnilpub/papers/PID28496.pdf HTTP/1.0" 304 - "-" "gsa-crawler (Enterprise; T2-EG9QX8JZXNSJA; systems@nic.umass.edu,web@admin.umass.edu,ltgarcia@admin.umass.edu)"
128.119.100.153 - - [19/Jul/2010:07:28:25 -0400] "GET /~yliao/pmwiki/ HTTP/1.0" 200 2810 "-" "gsa-crawler (Enterprise; T2-EG9QX8JZXNSJA; systems@nic.umass.edu,web@admin.umass.edu,ltgarcia@admin.umass.edu)"
128.119.100.153 - - [19/Jul/2010:07:37:23 -0400] "GET /~yliao/pmwiki/index.php?n=Main.HomePage HTTP/1.0" 200 2810 "-" "gsa-crawler (Enterprise; T2-EG9QX8JZXNSJA; systems@nic.umass.edu,web@admin.umass.edu,ltgarcia@admin.umass.edu)"
128.119.100.153 - - [19/Jul/2010:07:37:23 -0400] "GET /~yliao/pmwiki/index.php HTTP/1.0" 200 2810 "-" "gsa-crawler (Enterprise; T2-EG9QX8JZXNSJA; systems@nic.umass.edu,web@admin.umass.edu,ltgarcia@admin.umass.edu)"
128.119.100.153 - - [19/Jul/2010:07:37:25 -0400] "GET /~yliao/pmwiki/index.php?n=Course.Course HTTP/1.0" 200 2725 "-" "gsa-crawler (Enterprise; T2-EG9QX8JZXNSJA; systems@nic.umass.edu,web@admin.umass.edu,ltgarcia@admin.umass.edu)"
128.119.100.153 - - [19/Jul/2010:07:37:40 -0400] "GET / HTTP/1.0" 304 - "-" "gsa-crawler (Enterprise; T2-EG9QX8JZXNSJA; systems@nic.umass.edu,web@admin.umass.edu,ltgarcia@admin.umass.edu)"
128.119.100.153 - - [19/Jul/2010:07:41:31 -0400] "GET /mnilpub/papers/PID28496.pdf HTTP/1.0" 304 - "-" "gsa-crawler (Enterprise; T2-EG9QX8JZXNSJA; systems@nic.umass.edu,web@admin.umass.edu,ltgarcia@admin.umass.edu)"
128.119.100.153 - - [19/Jul/2010:07:41:34 -0400] "GET /~yliao/pmwiki/ HTTP/1.0" 200 2810 "-" "gsa-crawler (Enterprise; T2-EG9QX8JZXNSJA; systems@nic.umass.edu,web@admin.umass.edu,ltgarcia@admin.umass.edu)"
128.119.100.153 - - [19/Jul/2010:07:46:00 -0400] "GET / HTTP/1.0" 304 - "-" "gsa-crawler (Enterprise; T2-EG9QX8JZXNSJA; systems@nic.umass.edu,web@admin.umass.edu,ltgarcia@admin.umass.edu)"
67.110.143.50 - - [19/Jul/2010:07:47:12 -0400] "GET /robots.txt HTTP/1.1" 404 321 "-" "FAST Enterprise Crawler 6 / Scirus scirus-crawler@fast.no; http://www.scirus.com/srsapp/contactus/"
67.110.143.50 - - [19/Jul/2010:07:47:12 -0400] "GET /mnilpub/papers/transient.pdf HTTP/1.1" 304 - "-" "FAST Enterprise Crawler 6 / Scirus scirus-crawler@fast.no; http://www.scirus.com/srsapp/contactus/"
128.119.100.153 - - [19/Jul/2010:07:47:37 -0400] "GET /~yliao/pmwiki/index.php?n=Main.HomePage HTTP/1.0" 200 2810 "-" "gsa-crawler (Enterprise; T2-EG9QX8JZXNSJA; systems@nic.umass.edu,web@admin.umass.edu,ltgarcia@admin.umass.edu)"
128.119.100.153 - - [19/Jul/2010:07:47:38 -0400] "GET /~yliao/pmwiki/index.php HTTP/1.0" 200 2810 "-" "gsa-crawler (Enterprise; T2-EG9QX8JZXNSJA; systems@nic.umass.edu,web@admin.umass.edu,ltgarcia@admin.umass.edu)"
128.119.100.153 - - [19/Jul/2010:07:47:39 -0400] "GET /~yliao/pmwiki/index.php?n=Course.Course HTTP/1.0" 200 2725 "-" "gsa-crawler (Enterprise; T2-EG9QX8JZXNSJA; systems@nic.umass.edu,web@admin.umass.edu,ltgarcia@admin.umass.edu)"
67.110.143.50 - - [19/Jul/2010:07:48:12 -0400] "GET /mnilpub/papers/mhBeacon.pdf HTTP/1.1" 304 - "-" "FAST Enterprise Crawler 6 / Scirus scirus-crawler@fast.no; http://www.scirus.com/srsapp/contactus/"
123.125.66.76 - - [19/Jul/2010:07:48:18 -0400] "GET / HTTP/1.1" 200 247 "-" "Baiduspider+(+http://www.baidu.com/search/spider.htm)"
67.110.143.50 - - [19/Jul/2010:07:49:12 -0400] "GET /mnilpub/papers/fwang-transient3.pdf HTTP/1.1" 304 - "-" "FAST Enterprise Crawler 6 / Scirus scirus-crawler@fast.no; http://www.scirus.com/srsapp/contactus/"
220.181.7.61 - - [19/Jul/2010:07:49:20 -0400] "GET / HTTP/1.1" 200 247 "-" "Baiduspider+(+http://www.baidu.com/search/spider.htm)"
67.110.143.50 - - [19/Jul/2010:07:50:13 -0400] "GET /mnilpub/papers/icnp05_tech.pdf HTTP/1.1" 304 - "-" "FAST Enterprise Crawler 6 / Scirus scirus-crawler@fast.no; http://www.scirus.com/srsapp/contactus/"
67.110.143.50 - - [19/Jul/2010:07:51:13 -0400] "GET /mnilpub/papers/infocom05-voip.pdf HTTP/1.1" 304 - "-" "FAST Enterprise Crawler 6 / Scirus scirus-crawler@fast.no; http://www.scirus.com/srsapp/contactus/"
67.110.143.50 - - [19/Jul/2010:07:52:13 -0400] "GET /mnilpub/papers/p48-namboodiri.pdf HTTP/1.1" 304 - "-" "FAST Enterprise Crawler 6 / Scirus scirus-crawler@fast.no; http://www.scirus.com/srsapp/contactus/"
67.110.143.50 - - [19/Jul/2010:07:53:13 -0400] "GET /mnilpub/papers/jxia-techreport.pdf HTTP/1.1" 304 - "-" "FAST Enterprise Crawler 6 / Scirus scirus-crawler@fast.no; http://www.scirus.com/srsapp/contactus/"
67.110.143.50 - - [19/Jul/2010:07:54:13 -0400] "GET /mnilpub/papers/jxia-globecom04-slides.pdf HTTP/1.1" 304 - "-" "FAST Enterprise Crawler 6 / Scirus scirus-crawler@fast.no; http://www.scirus.com/srsapp/contactus/"
67.110.143.50 - - [19/Jul/2010:07:55:13 -0400] "GET /mnilpub/papers/sigmetrics04.pdf HTTP/1.1" 304 - "-" "FAST Enterprise Crawler 6 / Scirus scirus-crawler@fast.no; http://www.scirus.com/srsapp/contactus/"
67.110.143.50 - - [19/Jul/2010:07:56:13 -0400] "GET /mnilpub/papers/p48-namboodiri.ps HTTP/1.1" 304 - "-" "FAST Enterprise Crawler 6 / Scirus scirus-crawler@fast.no; http://www.scirus.com/srsapp/contactus/"
67.110.143.50 - - [19/Jul/2010:07:57:14 -0400] "GET /mnilpub/papers/PID28496.pdf HTTP/1.1" 304 - "-" "FAST Enterprise Crawler 6 / Scirus scirus-crawler@fast.no; http://www.scirus.com/srsapp/contactus/"
67.110.143.50 - - [19/Jul/2010:07:58:13 -0400] "GET /mnilpub/papers/NDSS2004-paper.pdf HTTP/1.1" 304 - "-" "FAST Enterprise Crawler 6 / Scirus scirus-crawler@fast.no; http://www.scirus.com/srsapp/contactus/"
67.110.143.50 - - [19/Jul/2010:07:59:13 -0400] "GET /mnilpub/papers/p317-wang.pdf HTTP/1.1" 304 - "-" "FAST Enterprise Crawler 6 / Scirus scirus-crawler@fast.no; http://www.scirus.com/srsapp/contactus/"
67.110.143.50 - - [19/Jul/2010:08:00:13 -0400] "GET /mnilpub/papers/p317-wang-slides.pdf HTTP/1.1" 304 - "-" "FAST Enterprise Crawler 6 / Scirus scirus-crawler@fast.no; http://www.scirus.com/srsapp/contactus/"
128.119.100.153 - - [19/Jul/2010:08:02:33 -0400] "GET /robots.txt HTTP/1.0" 404 321 "-" "gsa-crawler (Enterprise; T2-EG9QX8JZXNSJA; systems@nic.umass.edu,web@admin.umass.edu,ltgarcia@admin.umass.edu)"
128.119.100.153 - - [19/Jul/2010:08:02:33 -0400] "GET / HTTP/1.0" 304 - "-" "gsa-crawler (Enterprise; T2-EG9QX8JZXNSJA; systems@nic.umass.edu,web@admin.umass.edu,ltgarcia@admin.umass.edu)"
128.119.100.153 - - [19/Jul/2010:08:02:55 -0400] "GET /mnilpub/papers/PID28496.pdf HTTP/1.0" 304 - "-" "gsa-crawler (Enterprise; T2-EG9QX8JZXNSJA; systems@nic.umass.edu,web@admin.umass.edu,ltgarcia@admin.umass.edu)"
128.119.100.153 - - [19/Jul/2010:08:02:56 -0400] "GET /~yliao/pmwiki/ HTTP/1.0" 200 2810 "-" "gsa-crawler (Enterprise; T2-EG9QX8JZXNSJA; systems@nic.umass.edu,web@admin.umass.edu,ltgarcia@admin.umass.edu)"
67.110.143.50 - - [19/Jul/2010:08:06:12 -0400] "GET /mnilpub/papers/feng-infocom09.pdf HTTP/1.1" 304 - "-" "FAST Enterprise Crawler 6 / Scirus scirus-crawler@fast.no; http://www.scirus.com/srsapp/contactus/"
128.119.100.153 - - [19/Jul/2010:08:07:01 -0400] "GET /~yliao/pmwiki/index.php?n=Main.HomePage HTTP/1.0" 200 2810 "-" "gsa-crawler (Enterprise; T2-EG9QX8JZXNSJA; systems@nic.umass.edu,web@admin.umass.edu,ltgarcia@admin.umass.edu)"
128.119.100.153 - - [19/Jul/2010:08:07:02 -0400] "GET /~yliao/pmwiki/index.php HTTP/1.0" 200 2810 "-" "gsa-crawler (Enterprise; T2-EG9QX8JZXNSJA; systems@nic.umass.edu,web@admin.umass.edu,ltgarcia@admin.umass.edu)"
128.119.100.153 - - [19/Jul/2010:08:07:04 -0400] "GET /~yliao/pmwiki/index.php?n=Course.Course HTTP/1.0" 200 2725 "-" "gsa-crawler (Enterprise; T2-EG9QX8JZXNSJA; systems@nic.umass.edu,web@admin.umass.edu,ltgarcia@admin.umass.edu)"
67.110.143.50 - - [19/Jul/2010:08:07:12 -0400] "GET /mnilpub/papers/ICCCN2008.pdf HTTP/1.1" 304 - "-" "FAST Enterprise Crawler 6 / Scirus scirus-crawler@fast.no; http://www.scirus.com/srsapp/contactus/"
67.110.143.50 - - [19/Jul/2010:08:08:12 -0400] "GET /mnilpub/papers/hoc86577-namboodiri.pdf HTTP/1.1" 304 - "-" "FAST Enterprise Crawler 6 / Scirus scirus-crawler@fast.no; http://www.scirus.com/srsapp/contactus/"
67.110.143.50 - - [19/Jul/2010:08:09:12 -0400] "GET /mnilpub/papers/feng-infocom08.pdf HTTP/1.1" 304 - "-" "FAST Enterprise Crawler 6 / Scirus scirus-crawler@fast.no; http://www.scirus.com/srsapp/contactus/"
67.110.143.50 - - [19/Jul/2010:08:10:13 -0400] "GET /mnilpub/papers/feng-infocom08-full.pdf HTTP/1.1" 304 - "-" "FAST Enterprise Crawler 6 / Scirus scirus-crawler@fast.no; http://www.scirus.com/srsapp/contactus/"
128.119.100.153 - - [19/Jul/2010:08:11:09 -0400] "GET / HTTP/1.0" 304 - "-" "gsa-crawler (Enterprise; T2-EG9QX8JZXNSJA; systems@nic.umass.edu,web@admin.umass.edu,ltgarcia@admin.umass.edu)"
67.110.143.50 - - [19/Jul/2010:08:11:14 -0400] "GET /~yliao/html/paper/mpr-ReArch08.pdf HTTP/1.1" 304 - "-" "FAST Enterprise Crawler 6 / Scirus scirus-crawler@fast.no; http://www.scirus.com/srsapp/contactus/"
67.110.143.50 - - [19/Jul/2010:08:12:14 -0400] "GET /mnilpub/download/README.TXT HTTP/1.1" 304 - "-" "FAST Enterprise Crawler 6 / Scirus scirus-crawler@fast.no; http://www.scirus.com/srsapp/contactus/"
67.110.143.50 - - [19/Jul/2010:08:13:14 -0400] "GET /mnilpub/download/README_PTE.txt HTTP/1.1" 304 - "-" "FAST Enterprise Crawler 6 / Scirus scirus-crawler@fast.no; http://www.scirus.com/srsapp/contactus/"
67.110.143.50 - - [19/Jul/2010:08:16:12 -0400] "GET /mnilpub/papers/PFL-CN.pdf HTTP/1.1" 304 - "-" "FAST Enterprise Crawler 6 / Scirus scirus-crawler@fast.no; http://www.scirus.com/srsapp/contactus/"
128.119.100.153 - - [19/Jul/2010:08:16:47 -0400] "GET /mnilpub/papers/PID28496.pdf HTTP/1.0" 304 - "-" "gsa-crawler (Enterprise; T2-EG9QX8JZXNSJA; systems@nic.umass.edu,web@admin.umass.edu,ltgarcia@admin.umass.edu)"
128.119.100.153 - - [19/Jul/2010:08:16:48 -0400] "GET /~yliao/pmwiki/ HTTP/1.0" 200 2810 "-" "gsa-crawler (Enterprise; T2-EG9QX8JZXNSJA; systems@nic.umass.edu,web@admin.umass.edu,ltgarcia@admin.umass.edu)"
67.110.143.50 - - [19/Jul/2010:08:17:13 -0400] "GET /mnilpub/papers/cabo-ccr.pdf HTTP/1.1" 304 - "-" "FAST Enterprise Crawler 6 / Scirus scirus-crawler@fast.no; http://www.scirus.com/srsapp/contactus/"
67.110.143.50 - - [19/Jul/2010:08:18:13 -0400] "GET /mnilpub/papers/securecomm07.pdf HTTP/1.1" 304 - "-" "FAST Enterprise Crawler 6 / Scirus scirus-crawler@fast.no; http://www.scirus.com/srsapp/contactus/"
67.195.113.245 - - [19/Jul/2010:08:18:40 -0400] "GET /robots.txt HTTP/1.0" 404 321 "-" "Mozilla/5.0 (compatible; Yahoo! Slurp; http://help.yahoo.com/help/us/ysearch/slurp)"
67.195.113.245 - - [19/Jul/2010:08:18:40 -0400] "GET /mnilpub/papers/tech-05-03.pdf HTTP/1.0" 200 942015 "-" "Mozilla/5.0 (compatible; Yahoo! Slurp/3.0; http://help.yahoo.com/help/us/ysearch/slurp)"
67.110.143.50 - - [19/Jul/2010:08:19:13 -0400] "GET /mnilpub/papers/Globecom07-Feng.pdf HTTP/1.1" 304 - "-" "FAST Enterprise Crawler 6 / Scirus scirus-crawler@fast.no; http://www.scirus.com/srsapp/contactus/"
67.110.143.50 - - [19/Jul/2010:08:20:13 -0400] "GET /~yliao/pmwiki/index.php?n=Research.Software HTTP/1.1" 200 2568 "-" "FAST Enterprise Crawler 6 / Scirus scirus-crawler@fast.no; http://www.scirus.com/srsapp/contactus/"
128.119.100.153 - - [19/Jul/2010:08:20:56 -0400] "GET / HTTP/1.0" 304 - "-" "gsa-crawler (Enterprise; T2-EG9QX8JZXNSJA; systems@nic.umass.edu,web@admin.umass.edu,ltgarcia@admin.umass.edu)"
67.110.143.50 - - [19/Jul/2010:08:21:13 -0400] "GET /mnilpub/papers/PFL-CN.bib HTTP/1.1" 200 306 "-" "FAST Enterprise Crawler 6 / Scirus scirus-crawler@fast.no; http://www.scirus.com/srsapp/contactus/"
128.119.100.153 - - [19/Jul/2010:08:21:48 -0400] "GET /~yliao/pmwiki/index.php?n=Main.HomePage HTTP/1.0" 200 2810 "-" "gsa-crawler (Enterprise; T2-EG9QX8JZXNSJA; systems@nic.umass.edu,web@admin.umass.edu,ltgarcia@admin.umass.edu)"
128.119.100.153 - - [19/Jul/2010:08:21:50 -0400] "GET /~yliao/pmwiki/index.php HTTP/1.0" 200 2810 "-" "gsa-crawler (Enterprise; T2-EG9QX8JZXNSJA; systems@nic.umass.edu,web@admin.umass.edu,ltgarcia@admin.umass.edu)"
128.119.100.153 - - [19/Jul/2010:08:21:52 -0400] "GET /~yliao/pmwiki/index.php?n=Course.Course HTTP/1.0" 200 2725 "-" "gsa-crawler (Enterprise; T2-EG9QX8JZXNSJA; systems@nic.umass.edu,web@admin.umass.edu,ltgarcia@admin.umass.edu)"
128.119.100.153 - - [19/Jul/2010:08:27:35 -0400] "GET /robots.txt HTTP/1.0" 404 321 "-" "gsa-crawler (Enterprise; T2-EG9QX8JZXNSJA; systems@nic.umass.edu,web@admin.umass.edu,ltgarcia@admin.umass.edu)"
128.119.100.153 - - [19/Jul/2010:08:27:35 -0400] "GET /mnilpub/papers/PID28496.pdf HTTP/1.0" 304 - "-" "gsa-crawler (Enterprise; T2-EG9QX8JZXNSJA; systems@nic.umass.edu,web@admin.umass.edu,ltgarcia@admin.umass.edu)"
128.119.100.153 - - [19/Jul/2010:08:27:36 -0400] "GET /~yliao/pmwiki/ HTTP/1.0" 200 2810 "-" "gsa-crawler (Enterprise; T2-EG9QX8JZXNSJA; systems@nic.umass.edu,web@admin.umass.edu,ltgarcia@admin.umass.edu)"
128.119.100.153 - - [19/Jul/2010:08:31:39 -0400] "GET / HTTP/1.0" 304 - "-" "gsa-crawler (Enterprise; T2-EG9QX8JZXNSJA; systems@nic.umass.edu,web@admin.umass.edu,ltgarcia@admin.umass.edu)"
128.119.100.153 - - [19/Jul/2010:08:37:17 -0400] "GET /~yliao/pmwiki/index.php?n=Main.HomePage HTTP/1.0" 200 2810 "-" "gsa-crawler (Enterprise; T2-EG9QX8JZXNSJA; systems@nic.umass.edu,web@admin.umass.edu,ltgarcia@admin.umass.edu)"
128.119.100.153 - - [19/Jul/2010:08:37:18 -0400] "GET /~yliao/pmwiki/index.php HTTP/1.0" 200 2810 "-" "gsa-crawler (Enterprise; T2-EG9QX8JZXNSJA; systems@nic.umass.edu,web@admin.umass.edu,ltgarcia@admin.umass.edu)"
128.119.100.153 - - [19/Jul/2010:08:37:19 -0400] "GET /~yliao/pmwiki/index.php?n=Course.Course HTTP/1.0" 200 2725 "-" "gsa-crawler (Enterprise; T2-EG9QX8JZXNSJA; systems@nic.umass.edu,web@admin.umass.edu,ltgarcia@admin.umass.edu)"
67.195.113.245 - - [19/Jul/2010:08:41:01 -0400] "GET /course/ece242Spring2003/slides/_vti_cnf/lect06.ppt HTTP/1.0" 404 349 "-" "Mozilla/5.0 (compatible; Yahoo! Slurp/3.0; http://help.yahoo.com/help/us/ysearch/slurp)"
128.119.100.153 - - [19/Jul/2010:08:42:20 -0400] "GET / HTTP/1.0" 304 - "-" "gsa-crawler (Enterprise; T2-EG9QX8JZXNSJA; systems@nic.umass.edu,web@admin.umass.edu,ltgarcia@admin.umass.edu)"
128.119.100.153 - - [19/Jul/2010:08:42:46 -0400] "GET /mnilpub/papers/PID28496.pdf HTTP/1.0" 304 - "-" "gsa-crawler (Enterprise; T2-EG9QX8JZXNSJA; systems@nic.umass.edu,web@admin.umass.edu,ltgarcia@admin.umass.edu)"
128.119.100.153 - - [19/Jul/2010:08:42:47 -0400] "GET /~yliao/pmwiki/ HTTP/1.0" 200 2810 "-" "gsa-crawler (Enterprise; T2-EG9QX8JZXNSJA; systems@nic.umass.edu,web@admin.umass.edu,ltgarcia@admin.umass.edu)"
220.181.7.124 - - [19/Jul/2010:08:45:32 -0400] "GET / HTTP/1.1" 200 247 "-" "Baiduspider+(+http://www.baidu.com/search/spider.htm)"
123.125.66.64 - - [19/Jul/2010:08:46:05 -0400] "GET / HTTP/1.1" 200 247 "-" "Baiduspider+(+http://www.baidu.com/search/spider.htm)"
128.119.100.153 - - [19/Jul/2010:08:47:50 -0400] "GET /~yliao/pmwiki/index.php?n=Main.HomePage HTTP/1.0" 200 2810 "-" "gsa-crawler (Enterprise; T2-EG9QX8JZXNSJA; systems@nic.umass.edu,web@admin.umass.edu,ltgarcia@admin.umass.edu)"
128.119.100.153 - - [19/Jul/2010:08:47:50 -0400] "GET /~yliao/pmwiki/index.php HTTP/1.0" 200 2810 "-" "gsa-crawler (Enterprise; T2-EG9QX8JZXNSJA; systems@nic.umass.edu,web@admin.umass.edu,ltgarcia@admin.umass.edu)"
128.119.100.153 - - [19/Jul/2010:08:47:51 -0400] "GET /~yliao/pmwiki/index.php?n=Course.Course HTTP/1.0" 200 2725 "-" "gsa-crawler (Enterprise; T2-EG9QX8JZXNSJA; systems@nic.umass.edu,web@admin.umass.edu,ltgarcia@admin.umass.edu)"
128.119.100.153 - - [19/Jul/2010:08:57:38 -0400] "GET /robots.txt HTTP/1.0" 404 321 "-" "gsa-crawler (Enterprise; T2-EG9QX8JZXNSJA; systems@nic.umass.edu,web@admin.umass.edu,ltgarcia@admin.umass.edu)"
128.119.100.153 - - [19/Jul/2010:08:57:38 -0400] "GET / HTTP/1.0" 304 - "-" "gsa-crawler (Enterprise; T2-EG9QX8JZXNSJA; systems@nic.umass.edu,web@admin.umass.edu,ltgarcia@admin.umass.edu)"
128.119.100.153 - - [19/Jul/2010:09:03:09 -0400] "GET /mnilpub/papers/PID28496.pdf HTTP/1.0" 304 - "-" "gsa-crawler (Enterprise; T2-EG9QX8JZXNSJA; systems@nic.umass.edu,web@admin.umass.edu,ltgarcia@admin.umass.edu)"
128.119.100.153 - - [19/Jul/2010:09:03:10 -0400] "GET /~yliao/pmwiki/ HTTP/1.0" 200 2810 "-" "gsa-crawler (Enterprise; T2-EG9QX8JZXNSJA; systems@nic.umass.edu,web@admin.umass.edu,ltgarcia@admin.umass.edu)"
128.119.100.153 - - [19/Jul/2010:09:07:18 -0400] "GET /~yliao/pmwiki/index.php?n=Main.HomePage HTTP/1.0" 200 2810 "-" "gsa-crawler (Enterprise; T2-EG9QX8JZXNSJA; systems@nic.umass.edu,web@admin.umass.edu,ltgarcia@admin.umass.edu)"
128.119.100.153 - - [19/Jul/2010:09:07:18 -0400] "GET /~yliao/pmwiki/index.php HTTP/1.0" 200 2810 "-" "gsa-crawler (Enterprise; T2-EG9QX8JZXNSJA; systems@nic.umass.edu,web@admin.umass.edu,ltgarcia@admin.umass.edu)"
128.119.100.153 - - [19/Jul/2010:09:07:20 -0400] "GET /~yliao/pmwiki/index.php?n=Course.Course HTTP/1.0" 200 2725 "-" "gsa-crawler (Enterprise; T2-EG9QX8JZXNSJA; systems@nic.umass.edu,web@admin.umass.edu,ltgarcia@admin.umass.edu)"
128.119.100.153 - - [19/Jul/2010:09:10:54 -0400] "GET / HTTP/1.0" 304 - "-" "gsa-crawler (Enterprise; T2-EG9QX8JZXNSJA; systems@nic.umass.edu,web@admin.umass.edu,ltgarcia@admin.umass.edu)"
158.130.62.101 - - [19/Jul/2010:09:11:10 -0400] "GET /robots.txt HTTP/1.1" 404 321 "-" "Mozilla/5.0 (Windows; U; Windows NT 5.1; en-US; rv:1.9.2.6) Gecko/20100625 Firefox/3.6.6 GTB7.1 (.NET CLR 3.5.30729)"
128.119.100.153 - - [19/Jul/2010:09:16:51 -0400] "GET /mnilpub/papers/PID28496.pdf HTTP/1.0" 304 - "-" "gsa-crawler (Enterprise; T2-EG9QX8JZXNSJA; systems@nic.umass.edu,web@admin.umass.edu,ltgarcia@admin.umass.edu)"
128.119.100.153 - - [19/Jul/2010:09:16:54 -0400] "GET /~yliao/pmwiki/ HTTP/1.0" 200 2810 "-" "gsa-crawler (Enterprise; T2-EG9QX8JZXNSJA; systems@nic.umass.edu,web@admin.umass.edu,ltgarcia@admin.umass.edu)"
67.195.113.245 - - [19/Jul/2010:09:16:55 -0400] "GET /pipermail/ece122_list/2006-February/000011.html HTTP/1.0" 404 346 "-" "Mozilla/5.0 (compatible; Yahoo! Slurp/3.0; http://help.yahoo.com/help/us/ysearch/slurp)"
91.214.46.69 - - [19/Jul/2010:09:18:56 -0400] "GET /~yliao/pmwiki/index.php?n=Misc.Latex HTTP/1.1" 200 15750 "-" "Mozilla/4.0 (compatible; MSIE 6.0; Windows NT 5.1; SV1)"
91.214.46.69 - - [19/Jul/2010:09:18:57 -0400] "GET /~yliao/pmwiki/index.php?n=Main.HomePage HTTP/1.1" 200 9712 "-" "Mozilla/4.0 (compatible; MSIE 6.0; Windows NT 5.1; SV1)"
91.214.46.69 - - [19/Jul/2010:09:18:57 -0400] "GET /~yliao/pmwiki/index.php?n=Research.Research HTTP/1.1" 200 9394 "-" "Mozilla/4.0 (compatible; MSIE 6.0; Windows NT 5.1; SV1)"
91.214.46.69 - - [19/Jul/2010:09:18:58 -0400] "GET /~yliao/pmwiki/index.php?n=Research.Publication HTTP/1.1" 200 16916 "-" "Mozilla/4.0 (compatible; MSIE 6.0; Windows NT 5.1; SV1)"
91.214.46.69 - - [19/Jul/2010:09:18:59 -0400] "GET /~yliao/pmwiki/index.php?n=Research.Project HTTP/1.1" 200 12722 "-" "Mozilla/4.0 (compatible; MSIE 6.0; Windows NT 5.1; SV1)"
91.214.46.69 - - [19/Jul/2010:09:18:59 -0400] "GET /~yliao/pmwiki/index.php?n=Research.Software HTTP/1.1" 200 8973 "-" "Mozilla/4.0 (compatible; MSIE 6.0; Windows NT 5.1; SV1)"
91.214.46.69 - - [19/Jul/2010:09:19:00 -0400] "GET /~yliao/pmwiki/index.php?n=Course.Course HTTP/1.1" 200 9822 "-" "Mozilla/4.0 (compatible; MSIE 6.0; Windows NT 5.1; SV1)"
91.214.46.69 - - [19/Jul/2010:09:19:00 -0400] "GET /~yliao/pmwiki/index.php?n=Misc.Misc HTTP/1.1" 200 31433 "-" "Mozilla/4.0 (compatible; MSIE 6.0; Windows NT 5.1; SV1)"
91.214.46.69 - - [19/Jul/2010:09:19:02 -0400] "GET /~yliao/pmwiki/index.php?n=Misc.CVS HTTP/1.1" 200 11568 "-" "Mozilla/4.0 (compatible; MSIE 6.0; Windows NT 5.1; SV1)"
91.214.46.69 - - [19/Jul/2010:09:19:02 -0400] "GET /~yliao/pmwiki/index.php?n=Misc.Gnuplot HTTP/1.1" 200 10351 "-" "Mozilla/4.0 (compatible; MSIE 6.0; Windows NT 5.1; SV1)"
91.214.46.69 - - [19/Jul/2010:09:19:03 -0400] "GET /~yliao/perl/ HTTP/1.1" 200 13958 "-" "Mozilla/4.0 (compatible; MSIE 6.0; Windows NT 5.1; SV1)"
91.214.46.69 - - [19/Jul/2010:09:19:03 -0400] "GET /~yliao/pmwiki/index.php?n=Fun.Cartoon HTTP/1.1" 200 10010 "-" "Mozilla/4.0 (compatible; MSIE 6.0; Windows NT 5.1; SV1)"
91.214.46.69 - - [19/Jul/2010:09:19:04 -0400] "GET /~yliao/pmwiki/index.php?n=Admin.Admin HTTP/1.1" 200 8239 "-" "Mozilla/4.0 (compatible; MSIE 6.0; Windows NT 5.1; SV1)"
91.214.46.69 - - [19/Jul/2010:09:19:04 -0400] "GET /~yliao/pmwiki/index.php?n=Private.Private HTTP/1.1" 200 8271 "-" "Mozilla/4.0 (compatible; MSIE 6.0; Windows NT 5.1; SV1)"
91.214.46.69 - - [19/Jul/2010:09:19:05 -0400] "GET /~yliao/pmwiki/index.php?n=Site.SideBar?action=edit HTTP/1.1" 200 8580 "-" "Mozilla/4.0 (compatible; MSIE 6.0; Windows NT 5.1; SV1)"
91.214.46.69 - - [19/Jul/2010:09:19:06 -0400] "GET /~yliao/pmwiki/index.php?n=Site.Search HTTP/1.1" 200 10877 "-" "Mozilla/4.0 (compatible; MSIE 6.0; Windows NT 5.1; SV1)"
91.214.46.69 - - [19/Jul/2010:09:19:06 -0400] "GET /~yliao/pmwiki/index.php HTTP/1.1" 200 9712 "-" "Mozilla/4.0 (compatible; MSIE 6.0; Windows NT 5.1; SV1)"
91.214.46.69 - - [19/Jul/2010:09:19:07 -0400] "GET /~yliao/pmwiki/index.php?n=Misc.Latex?action=edit HTTP/1.1" 200 8346 "-" "Mozilla/4.0 (compatible; MSIE 6.0; Windows NT 5.1; SV1)"
91.214.46.69 - - [19/Jul/2010:09:19:07 -0400] "GET /~yliao/pmwiki/index.php?n=Misc.Latex?action=diff HTTP/1.1" 200 21200 "-" "Mozilla/4.0 (compatible; MSIE 6.0; Windows NT 5.1; SV1)"
91.214.46.69 - - [19/Jul/2010:09:19:08 -0400] "GET /~yliao/pmwiki/index.php?n=Misc.Latex?action=print HTTP/1.1" 200 10452 "-" "Mozilla/4.0 (compatible; MSIE 6.0; Windows NT 5.1; SV1)"
91.214.46.69 - - [19/Jul/2010:09:19:08 -0400] "GET /~yliao/pmwiki/index.php?n=Misc.Latex?action=attr HTTP/1.1" 200 8229 "-" "Mozilla/4.0 (compatible; MSIE 6.0; Windows NT 5.1; SV1)"
128.119.100.153 - - [19/Jul/2010:09:21:40 -0400] "GET / HTTP/1.0" 304 - "-" "gsa-crawler (Enterprise; T2-EG9QX8JZXNSJA; systems@nic.umass.edu,web@admin.umass.edu,ltgarcia@admin.umass.edu)"
128.119.100.153 - - [19/Jul/2010:09:26:41 -0400] "GET /robots.txt HTTP/1.0" 404 321 "-" "gsa-crawler (Enterprise; T2-EG9QX8JZXNSJA; systems@nic.umass.edu,web@admin.umass.edu,ltgarcia@admin.umass.edu)"
128.119.100.153 - - [19/Jul/2010:09:26:41 -0400] "GET /~yliao/pmwiki/index.php?n=Main.HomePage HTTP/1.0" 200 2810 "-" "gsa-crawler (Enterprise; T2-EG9QX8JZXNSJA; systems@nic.umass.edu,web@admin.umass.edu,ltgarcia@admin.umass.edu)"
128.119.100.153 - - [19/Jul/2010:09:26:41 -0400] "GET /~yliao/pmwiki/index.php HTTP/1.0" 200 2810 "-" "gsa-crawler (Enterprise; T2-EG9QX8JZXNSJA; systems@nic.umass.edu,web@admin.umass.edu,ltgarcia@admin.umass.edu)"
128.119.100.153 - - [19/Jul/2010:09:26:42 -0400] "GET /~yliao/pmwiki/index.php?n=Course.Course HTTP/1.0" 200 2725 "-" "gsa-crawler (Enterprise; T2-EG9QX8JZXNSJA; systems@nic.umass.edu,web@admin.umass.edu,ltgarcia@admin.umass.edu)"
128.119.100.153 - - [19/Jul/2010:09:31:27 -0400] "GET / HTTP/1.0" 304 - "-" "gsa-crawler (Enterprise; T2-EG9QX8JZXNSJA; systems@nic.umass.edu,web@admin.umass.edu,ltgarcia@admin.umass.edu)"
128.119.100.153 - - [19/Jul/2010:09:31:37 -0400] "GET /mnilpub/papers/PID28496.pdf HTTP/1.0" 304 - "-" "gsa-crawler (Enterprise; T2-EG9QX8JZXNSJA; systems@nic.umass.edu,web@admin.umass.edu,ltgarcia@admin.umass.edu)"
128.119.100.153 - - [19/Jul/2010:09:31:41 -0400] "GET /~yliao/pmwiki/ HTTP/1.0" 200 2810 "-" "gsa-crawler (Enterprise; T2-EG9QX8JZXNSJA; systems@nic.umass.edu,web@admin.umass.edu,ltgarcia@admin.umass.edu)"
128.93.62.237 - - [19/Jul/2010:09:33:23 -0400] "GET /mnilpub/papers/PID28496.pdf HTTP/1.1" 200 192801 "http://www-unix.ecs.umass.edu/~lgao/" "Mozilla/5.0 (Windows; U; Windows NT 5.1; en-US; rv:1.9.2.6) Gecko/20100625 Firefox/3.6.6"
128.119.100.153 - - [19/Jul/2010:09:41:42 -0400] "GET / HTTP/1.0" 304 - "-" "gsa-crawler (Enterprise; T2-EG9QX8JZXNSJA; systems@nic.umass.edu,web@admin.umass.edu,ltgarcia@admin.umass.edu)"
128.119.100.153 - - [19/Jul/2010:09:46:36 -0400] "GET /~yliao/pmwiki/index.php?n=Main.HomePage HTTP/1.0" 200 2810 "-" "gsa-crawler (Enterprise; T2-EG9QX8JZXNSJA; systems@nic.umass.edu,web@admin.umass.edu,ltgarcia@admin.umass.edu)"
128.119.100.153 - - [19/Jul/2010:09:46:36 -0400] "GET /~yliao/pmwiki/index.php HTTP/1.0" 200 2810 "-" "gsa-crawler (Enterprise; T2-EG9QX8JZXNSJA; systems@nic.umass.edu,web@admin.umass.edu,ltgarcia@admin.umass.edu)"
128.119.100.153 - - [19/Jul/2010:09:46:36 -0400] "GET /~yliao/pmwiki/index.php?n=Course.Course HTTP/1.0" 200 2725 "-" "gsa-crawler (Enterprise; T2-EG9QX8JZXNSJA; systems@nic.umass.edu,web@admin.umass.edu,ltgarcia@admin.umass.edu)"
128.119.100.153 - - [19/Jul/2010:09:47:10 -0400] "GET /mnilpub/papers/PID28496.pdf HTTP/1.0" 304 - "-" "gsa-crawler (Enterprise; T2-EG9QX8JZXNSJA; systems@nic.umass.edu,web@admin.umass.edu,ltgarcia@admin.umass.edu)"
128.119.100.153 - - [19/Jul/2010:09:47:12 -0400] "GET /~yliao/pmwiki/ HTTP/1.0" 200 2810 "-" "gsa-crawler (Enterprise; T2-EG9QX8JZXNSJA; systems@nic.umass.edu,web@admin.umass.edu,ltgarcia@admin.umass.edu)"
67.195.113.245 - - [19/Jul/2010:09:49:32 -0400] "GET /mnilpub/?M=A HTTP/1.0" 200 550 "-" "Mozilla/5.0 (compatible; Yahoo! Slurp/3.0; http://help.yahoo.com/help/us/ysearch/slurp)"
128.119.100.153 - - [19/Jul/2010:09:51:36 -0400] "GET / HTTP/1.0" 304 - "-" "gsa-crawler (Enterprise; T2-EG9QX8JZXNSJA; systems@nic.umass.edu,web@admin.umass.edu,ltgarcia@admin.umass.edu)"
123.125.66.85 - - [19/Jul/2010:09:53:11 -0400] "GET / HTTP/1.1" 200 247 "-" "Baiduspider+(+http://www.baidu.com/search/spider.htm)"
220.181.7.116 - - [19/Jul/2010:09:54:32 -0400] "GET / HTTP/1.1" 200 247 "-" "Baiduspider+(+http://www.baidu.com/search/spider.htm)"
120.6.98.250 - - [19/Jul/2010:09:56:52 -0400] "GET /favicon.ico HTTP/1.1" 200 4710 "-" "Mozilla/4.0 (compatible; MSIE 7.0; Windows NT 6.1; Trident/4.0; SLCC2; .NET CLR 2.0.50727; .NET CLR 3.5.30729; .NET CLR 3.0.30729; MALC; 360SE; 360SE)"
120.6.98.250 - - [19/Jul/2010:09:56:52 -0400] "GET /mnilpub/papers/dpillar-icccn10.pdf HTTP/1.1" 200 178867 "http://mail3-127.sinamail.sina.com.cn/classic/getMailbody.php?ts=1279547756312&fid=new&mid=1279347409.22352.0.mail3-127.sinamail.sina.com.cn" "Mozilla/4.0 (compatible; MSIE 7.0; Windows NT 6.1; Trident/4.0; SLCC2; .NET CLR 2.0.50727; .NET CLR 3.5.30729; .NET CLR 3.0.30729; MALC; 360SE)"
67.195.113.245 - - [19/Jul/2010:10:00:14 -0400] "GET /mnilpub/download/ HTTP/1.0" 200 683 "-" "Mozilla/5.0 (compatible; Yahoo! Slurp/3.0; http://help.yahoo.com/help/us/ysearch/slurp)"
128.119.100.153 - - [19/Jul/2010:10:07:28 -0400] "GET /robots.txt HTTP/1.0" 404 321 "-" "gsa-crawler (Enterprise; T2-EG9QX8JZXNSJA; systems@nic.umass.edu,web@admin.umass.edu,ltgarcia@admin.umass.edu)"
128.119.100.153 - - [19/Jul/2010:10:07:28 -0400] "GET / HTTP/1.0" 304 - "-" "gsa-crawler (Enterprise; T2-EG9QX8JZXNSJA; systems@nic.umass.edu,web@admin.umass.edu,ltgarcia@admin.umass.edu)"
67.195.113.245 - - [19/Jul/2010:10:07:42 -0400] "GET /~gao/ece697_03/slides/lect-02.02-oscillation_part1.ppt HTTP/1.0" 404 352 "-" "Mozilla/5.0 (compatible; Yahoo! Slurp/3.0; http://help.yahoo.com/help/us/ysearch/slurp)"
128.119.100.153 - - [19/Jul/2010:10:08:28 -0400] "GET /mnilpub/papers/PID28496.pdf HTTP/1.0" 304 - "-" "gsa-crawler (Enterprise; T2-EG9QX8JZXNSJA; systems@nic.umass.edu,web@admin.umass.edu,ltgarcia@admin.umass.edu)"
66.249.71.59 - - [19/Jul/2010:10:09:18 -0400] "GET /~yliao/pmwiki/index.php?n=PmWiki.UpgradingFromPmWiki1 HTTP/1.1" 200 4710 "-" "Mozilla/5.0 (compatible; Googlebot/2.1; +http://www.google.com/bot.html)"
207.46.199.178 - - [19/Jul/2010:10:11:25 -0400] "GET /robots.txt HTTP/1.1" 404 415 "-" "msnbot/2.0b (+http://search.msn.com/msnbot.htm)"
128.119.100.153 - - [19/Jul/2010:10:12:06 -0400] "GET /~yliao/pmwiki/ HTTP/1.0" 200 2810 "-" "gsa-crawler (Enterprise; T2-EG9QX8JZXNSJA; systems@nic.umass.edu,web@admin.umass.edu,ltgarcia@admin.umass.edu)"
128.119.100.153 - - [19/Jul/2010:10:12:41 -0400] "GET /~yliao/pmwiki/index.php?n=Main.HomePage HTTP/1.0" 200 2810 "-" "gsa-crawler (Enterprise; T2-EG9QX8JZXNSJA; systems@nic.umass.edu,web@admin.umass.edu,ltgarcia@admin.umass.edu)"
128.119.100.153 - - [19/Jul/2010:10:12:41 -0400] "GET /~yliao/pmwiki/index.php HTTP/1.0" 200 2810 "-" "gsa-crawler (Enterprise; T2-EG9QX8JZXNSJA; systems@nic.umass.edu,web@admin.umass.edu,ltgarcia@admin.umass.edu)"
128.119.100.153 - - [19/Jul/2010:10:12:42 -0400] "GET /~yliao/pmwiki/index.php?n=Course.Course HTTP/1.0" 200 2725 "-" "gsa-crawler (Enterprise; T2-EG9QX8JZXNSJA; systems@nic.umass.edu,web@admin.umass.edu,ltgarcia@admin.umass.edu)"
128.119.100.153 - - [19/Jul/2010:10:16:58 -0400] "GET / HTTP/1.0" 304 - "-" "gsa-crawler (Enterprise; T2-EG9QX8JZXNSJA; systems@nic.umass.edu,web@admin.umass.edu,ltgarcia@admin.umass.edu)"
58.218.204.110 - - [19/Jul/2010:10:26:00 -0400] "GET http://proxy.adsweet.com/proxyheader.php HTTP/1.1" 404 420 "-" "Mozilla/4.0 (compatible; MSIE 6.0; Windows NT 5.1)"
128.119.100.153 - - [19/Jul/2010:10:26:30 -0400] "GET /mnilpub/papers/PID28496.pdf HTTP/1.0" 304 - "-" "gsa-crawler (Enterprise; T2-EG9QX8JZXNSJA; systems@nic.umass.edu,web@admin.umass.edu,ltgarcia@admin.umass.edu)"
128.119.100.153 - - [19/Jul/2010:10:27:14 -0400] "GET / HTTP/1.0" 304 - "-" "gsa-crawler (Enterprise; T2-EG9QX8JZXNSJA; systems@nic.umass.edu,web@admin.umass.edu,ltgarcia@admin.umass.edu)"
128.119.100.153 - - [19/Jul/2010:10:27:15 -0400] "GET /~yliao/pmwiki/ HTTP/1.0" 200 2810 "-" "gsa-crawler (Enterprise; T2-EG9QX8JZXNSJA; systems@nic.umass.edu,web@admin.umass.edu,ltgarcia@admin.umass.edu)"
208.80.193.30 - - [19/Jul/2010:10:29:15 -0400] "GET /~gao/paper/final.ppt HTTP/1.0" 404 425 "-" "Mozilla/4.0 (compatible; MSIE 6.0; Windows NT 5.1; SV1; NN5.1.2.1; NovaPacs Viewer 6.5.222.0)"
128.119.100.153 - - [19/Jul/2010:10:31:25 -0400] "GET /~yliao/pmwiki/index.php?n=Main.HomePage HTTP/1.0" 200 2810 "-" "gsa-crawler (Enterprise; T2-EG9QX8JZXNSJA; systems@nic.umass.edu,web@admin.umass.edu,ltgarcia@admin.umass.edu)"
128.119.100.153 - - [19/Jul/2010:10:31:25 -0400] "GET /~yliao/pmwiki/index.php HTTP/1.0" 200 2810 "-" "gsa-crawler (Enterprise; T2-EG9QX8JZXNSJA; systems@nic.umass.edu,web@admin.umass.edu,ltgarcia@admin.umass.edu)"
128.119.100.153 - - [19/Jul/2010:10:31:27 -0400] "GET /~yliao/pmwiki/index.php?n=Course.Course HTTP/1.0" 200 2725 "-" "gsa-crawler (Enterprise; T2-EG9QX8JZXNSJA; systems@nic.umass.edu,web@admin.umass.edu,ltgarcia@admin.umass.edu)"
128.119.100.153 - - [19/Jul/2010:10:41:37 -0400] "GET /robots.txt HTTP/1.0" 404 321 "-" "gsa-crawler (Enterprise; T2-EG9QX8JZXNSJA; systems@nic.umass.edu,web@admin.umass.edu,ltgarcia@admin.umass.edu)"
128.119.100.153 - - [19/Jul/2010:10:41:37 -0400] "GET / HTTP/1.0" 304 - "-" "gsa-crawler (Enterprise; T2-EG9QX8JZXNSJA; systems@nic.umass.edu,web@admin.umass.edu,ltgarcia@admin.umass.edu)"
124.115.6.15 - - [19/Jul/2010:10:42:09 -0400] "GET /robots.txt HTTP/1.1" 404 321 "-" "Sosospider+(+http://help.soso.com/webspider.htm)"
128.119.100.153 - - [19/Jul/2010:10:42:19 -0400] "GET /mnilpub/papers/PID28496.pdf HTTP/1.0" 304 - "-" "gsa-crawler (Enterprise; T2-EG9QX8JZXNSJA; systems@nic.umass.edu,web@admin.umass.edu,ltgarcia@admin.umass.edu)"
128.119.100.153 - - [19/Jul/2010:10:46:27 -0400] "GET /~yliao/pmwiki/ HTTP/1.0" 200 2810 "-" "gsa-crawler (Enterprise; T2-EG9QX8JZXNSJA; systems@nic.umass.edu,web@admin.umass.edu,ltgarcia@admin.umass.edu)"
128.119.100.153 - - [19/Jul/2010:10:47:11 -0400] "GET /~yliao/pmwiki/index.php?n=Main.HomePage HTTP/1.0" 200 2810 "-" "gsa-crawler (Enterprise; T2-EG9QX8JZXNSJA; systems@nic.umass.edu,web@admin.umass.edu,ltgarcia@admin.umass.edu)"
128.119.100.153 - - [19/Jul/2010:10:47:11 -0400] "GET /~yliao/pmwiki/index.php HTTP/1.0" 200 2810 "-" "gsa-crawler (Enterprise; T2-EG9QX8JZXNSJA; systems@nic.umass.edu,web@admin.umass.edu,ltgarcia@admin.umass.edu)"
128.119.100.153 - - [19/Jul/2010:10:47:13 -0400] "GET /~yliao/pmwiki/index.php?n=Course.Course HTTP/1.0" 200 2725 "-" "gsa-crawler (Enterprise; T2-EG9QX8JZXNSJA; systems@nic.umass.edu,web@admin.umass.edu,ltgarcia@admin.umass.edu)"
128.119.100.153 - - [19/Jul/2010:10:51:33 -0400] "GET / HTTP/1.0" 304 - "-" "gsa-crawler (Enterprise; T2-EG9QX8JZXNSJA; systems@nic.umass.edu,web@admin.umass.edu,ltgarcia@admin.umass.edu)"
220.181.7.81 - - [19/Jul/2010:10:57:10 -0400] "GET / HTTP/1.1" 200 247 "-" "Baiduspider+(+http://www.baidu.com/search/spider.htm)"
123.125.66.95 - - [19/Jul/2010:10:57:16 -0400] "GET / HTTP/1.1" 200 247 "-" "Baiduspider+(+http://www.baidu.com/search/spider.htm)"
218.77.105.89 - - [19/Jul/2010:11:02:15 -0400] "GET / HTTP/1.1" 200 202 "http://www.ecs.umass.edu/index.pl?id=4601" "Mozilla/4.0 (compatible; MSIE 8.0; Windows NT 6.1; Trident/4.0; SLCC2; .NET CLR 2.0.50727; .NET CLR 3.5.30729; .NET CLR 3.0.30729; Media Center PC 6.0)"
218.77.105.89 - - [19/Jul/2010:11:02:16 -0400] "GET /favicon.ico HTTP/1.1" 200 4710 "-" "Mozilla/4.0 (compatible; MSIE 8.0; Windows NT 6.1; Trident/4.0; SLCC2; .NET CLR 2.0.50727; .NET CLR 3.5.30729; .NET CLR 3.0.30729; Media Center PC 6.0)"
218.77.105.89 - - [19/Jul/2010:11:02:16 -0400] "GET /html/ HTTP/1.1" 200 1360 "-" "Mozilla/4.0 (compatible; MSIE 8.0; Windows NT 6.1; Trident/4.0; SLCC2; .NET CLR 2.0.50727; .NET CLR 3.5.30729; .NET CLR 3.0.30729; Media Center PC 6.0)"
218.77.105.89 - - [19/Jul/2010:11:02:16 -0400] "GET /html/umass_logo.gif HTTP/1.1" 200 882 "http://rio.ecs.umass.edu/html/" "Mozilla/4.0 (compatible; MSIE 8.0; Windows NT 6.1; Trident/4.0; SLCC2; .NET CLR 2.0.50727; .NET CLR 3.5.30729; .NET CLR 3.0.30729; Media Center PC 6.0)"
218.77.105.89 - - [19/Jul/2010:11:02:16 -0400] "GET /html/balloon.jpg HTTP/1.1" 200 33440 "http://rio.ecs.umass.edu/html/" "Mozilla/4.0 (compatible; MSIE 8.0; Windows NT 6.1; Trident/4.0; SLCC2; .NET CLR 2.0.50727; .NET CLR 3.5.30729; .NET CLR 3.0.30729; Media Center PC 6.0)"
218.77.105.89 - - [19/Jul/2010:11:02:17 -0400] "GET /html/science.jpg HTTP/1.1" 200 20137 "http://rio.ecs.umass.edu/html/" "Mozilla/4.0 (compatible; MSIE 8.0; Windows NT 6.1; Trident/4.0; SLCC2; .NET CLR 2.0.50727; .NET CLR 3.5.30729; .NET CLR 3.0.30729; Media Center PC 6.0)"
218.77.105.89 - - [19/Jul/2010:11:02:24 -0400] "GET /html/people/index.html HTTP/1.1" 200 1582 "http://rio.ecs.umass.edu/html/" "Mozilla/4.0 (compatible; MSIE 8.0; Windows NT 6.1; Trident/4.0; SLCC2; .NET CLR 2.0.50727; .NET CLR 3.5.30729; .NET CLR 3.0.30729; Media Center PC 6.0)"
218.77.105.89 - - [19/Jul/2010:11:02:25 -0400] "GET /html/people/index.css HTTP/1.1" 200 891 "http://rio.ecs.umass.edu/html/people/index.html" "Mozilla/4.0 (compatible; MSIE 8.0; Windows NT 6.1; Trident/4.0; SLCC2; .NET CLR 2.0.50727; .NET CLR 3.5.30729; .NET CLR 3.0.30729; Media Center PC 6.0)"
128.119.100.153 - - [19/Jul/2010:11:02:48 -0400] "GET /mnilpub/papers/PID28496.pdf HTTP/1.0" 304 - "-" "gsa-crawler (Enterprise; T2-EG9QX8JZXNSJA; systems@nic.umass.edu,web@admin.umass.edu,ltgarcia@admin.umass.edu)"
207.46.13.138 - - [19/Jul/2010:11:03:26 -0400] "GET /robots.txt HTTP/1.1" 404 415 "-" "msnbot/2.0b (+http://search.msn.com/msnbot.htm)"
207.46.13.138 - - [19/Jul/2010:11:04:52 -0400] "GET /html/people/index.html HTTP/1.1" 304 - "-" "msnbot/2.0b (+http://search.msn.com/msnbot.htm)"
207.46.199.184 - - [19/Jul/2010:11:05:55 -0400] "GET /robots.txt HTTP/1.1" 404 415 "-" "msnbot/2.0b (+http://search.msn.com/msnbot.htm)"
128.119.100.153 - - [19/Jul/2010:11:06:24 -0400] "GET / HTTP/1.0" 304 - "-" "gsa-crawler (Enterprise; T2-EG9QX8JZXNSJA; systems@nic.umass.edu,web@admin.umass.edu,ltgarcia@admin.umass.edu)"
128.119.100.153 - - [19/Jul/2010:11:06:33 -0400] "GET /~yliao/pmwiki/ HTTP/1.0" 200 2810 "-" "gsa-crawler (Enterprise; T2-EG9QX8JZXNSJA; systems@nic.umass.edu,web@admin.umass.edu,ltgarcia@admin.umass.edu)"
128.119.100.153 - - [19/Jul/2010:11:07:02 -0400] "GET /robots.txt HTTP/1.0" 404 321 "-" "gsa-crawler (Enterprise; T2-EG9QX8JZXNSJA; systems@nic.umass.edu,web@admin.umass.edu,ltgarcia@admin.umass.edu)"
128.119.100.153 - - [19/Jul/2010:11:07:02 -0400] "GET /~yliao/pmwiki/index.php?n=Main.HomePage HTTP/1.0" 200 2810 "-" "gsa-crawler (Enterprise; T2-EG9QX8JZXNSJA; systems@nic.umass.edu,web@admin.umass.edu,ltgarcia@admin.umass.edu)"
128.119.100.153 - - [19/Jul/2010:11:07:02 -0400] "GET /~yliao/pmwiki/index.php HTTP/1.0" 200 2810 "-" "gsa-crawler (Enterprise; T2-EG9QX8JZXNSJA; systems@nic.umass.edu,web@admin.umass.edu,ltgarcia@admin.umass.edu)"
128.119.100.153 - - [19/Jul/2010:11:07:03 -0400] "GET /~yliao/pmwiki/index.php?n=Course.Course HTTP/1.0" 200 2725 "-" "gsa-crawler (Enterprise; T2-EG9QX8JZXNSJA; systems@nic.umass.edu,web@admin.umass.edu,ltgarcia@admin.umass.edu)"
218.77.105.89 - - [19/Jul/2010:11:08:13 -0400] "GET /~ysong HTTP/1.1" 301 330 "http://rio.ecs.umass.edu/html/people/index.html" "Mozilla/4.0 (compatible; MSIE 8.0; Windows NT 6.1; Trident/4.0; SLCC2; .NET CLR 2.0.50727; .NET CLR 3.5.30729; .NET CLR 3.0.30729; Media Center PC 6.0)"
218.77.105.89 - - [19/Jul/2010:11:08:13 -0400] "GET /~ysong/ HTTP/1.1" 200 604 "http://rio.ecs.umass.edu/html/people/index.html" "Mozilla/4.0 (compatible; MSIE 8.0; Windows NT 6.1; Trident/4.0; SLCC2; .NET CLR 2.0.50727; .NET CLR 3.5.30729; .NET CLR 3.0.30729; Media Center PC 6.0)"
218.77.105.89 - - [19/Jul/2010:11:08:13 -0400] "GET /icons/layout.gif HTTP/1.1" 200 276 "http://rio.ecs.umass.edu/~ysong/" "Mozilla/4.0 (compatible; MSIE 8.0; Windows NT 6.1; Trident/4.0; SLCC2; .NET CLR 2.0.50727; .NET CLR 3.5.30729; .NET CLR 3.0.30729; Media Center PC 6.0)"
218.77.105.89 - - [19/Jul/2010:11:08:13 -0400] "GET /icons/back.gif HTTP/1.1" 200 216 "http://rio.ecs.umass.edu/~ysong/" "Mozilla/4.0 (compatible; MSIE 8.0; Windows NT 6.1; Trident/4.0; SLCC2; .NET CLR 2.0.50727; .NET CLR 3.5.30729; .NET CLR 3.0.30729; Media Center PC 6.0)"
218.77.105.89 - - [19/Jul/2010:11:08:13 -0400] "GET /icons/unknown.gif HTTP/1.1" 200 245 "http://rio.ecs.umass.edu/~ysong/" "Mozilla/4.0 (compatible; MSIE 8.0; Windows NT 6.1; Trident/4.0; SLCC2; .NET CLR 2.0.50727; .NET CLR 3.5.30729; .NET CLR 3.0.30729; Media Center PC 6.0)"
218.77.105.89 - - [19/Jul/2010:11:08:14 -0400] "GET /icons/blank.gif HTTP/1.1" 200 148 "http://rio.ecs.umass.edu/~ysong/" "Mozilla/4.0 (compatible; MSIE 8.0; Windows NT 6.1; Trident/4.0; SLCC2; .NET CLR 2.0.50727; .NET CLR 3.5.30729; .NET CLR 3.0.30729; Media Center PC 6.0)"
218.77.105.89 - - [19/Jul/2010:11:08:27 -0400] "GET /~ysong/index.html_backup HTTP/1.1" 200 5 "http://rio.ecs.umass.edu/~ysong/" "Mozilla/4.0 (compatible; MSIE 8.0; Windows NT 6.1; Trident/4.0; SLCC2; .NET CLR 2.0.50727; .NET CLR 3.5.30729; .NET CLR 3.0.30729; Media Center PC 6.0)"
202.120.40.93 - - [19/Jul/2010:11:08:49 -0400] "GET /favicon.ico HTTP/1.1" 200 4710 "-" "Mozilla/4.0 (compatible; MSIE 5.00; Windows 98)"
202.120.40.93 - - [19/Jul/2010:11:09:38 -0400] "GET /favicon.ico HTTP/1.1" 200 4710 "-" "Mozilla/4.0 (compatible; MSIE 5.00; Windows 98)"
202.120.40.93 - - [19/Jul/2010:11:09:39 -0400] "GET /favicon.ico HTTP/1.1" 200 4710 "-" "Mozilla/4.0 (compatible; MSIE 5.00; Windows 98)"
128.119.100.153 - - [19/Jul/2010:11:17:31 -0400] "GET / HTTP/1.0" 304 - "-" "gsa-crawler (Enterprise; T2-EG9QX8JZXNSJA; systems@nic.umass.edu,web@admin.umass.edu,ltgarcia@admin.umass.edu)"
128.119.100.153 - - [19/Jul/2010:11:17:36 -0400] "GET /mnilpub/papers/PID28496.pdf HTTP/1.0" 304 - "-" "gsa-crawler (Enterprise; T2-EG9QX8JZXNSJA; systems@nic.umass.edu,web@admin.umass.edu,ltgarcia@admin.umass.edu)"
128.119.100.153 - - [19/Jul/2010:11:21:21 -0400] "GET /~yliao/pmwiki/ HTTP/1.0" 200 2810 "-" "gsa-crawler (Enterprise; T2-EG9QX8JZXNSJA; systems@nic.umass.edu,web@admin.umass.edu,ltgarcia@admin.umass.edu)"
128.119.100.153 - - [19/Jul/2010:11:22:10 -0400] "GET /~yliao/pmwiki/index.php?n=Main.HomePage HTTP/1.0" 200 2810 "-" "gsa-crawler (Enterprise; T2-EG9QX8JZXNSJA; systems@nic.umass.edu,web@admin.umass.edu,ltgarcia@admin.umass.edu)"
128.119.100.153 - - [19/Jul/2010:11:22:10 -0400] "GET /~yliao/pmwiki/index.php HTTP/1.0" 200 2810 "-" "gsa-crawler (Enterprise; T2-EG9QX8JZXNSJA; systems@nic.umass.edu,web@admin.umass.edu,ltgarcia@admin.umass.edu)"
128.119.100.153 - - [19/Jul/2010:11:22:10 -0400] "GET /~yliao/pmwiki/index.php?n=Course.Course HTTP/1.0" 200 2725 "-" "gsa-crawler (Enterprise; T2-EG9QX8JZXNSJA; systems@nic.umass.edu,web@admin.umass.edu,ltgarcia@admin.umass.edu)"
67.195.113.245 - - [19/Jul/2010:11:22:56 -0400] "GET /~yliao/html/paper/mwcn03.pdf HTTP/1.0" 200 68083 "-" "Mozilla/5.0 (compatible; Yahoo! Slurp/3.0; http://help.yahoo.com/help/us/ysearch/slurp)"
128.119.100.153 - - [19/Jul/2010:11:26:37 -0400] "GET / HTTP/1.0" 304 - "-" "gsa-crawler (Enterprise; T2-EG9QX8JZXNSJA; systems@nic.umass.edu,web@admin.umass.edu,ltgarcia@admin.umass.edu)"
128.119.100.153 - - [19/Jul/2010:11:32:09 -0400] "GET /robots.txt HTTP/1.0" 404 321 "-" "gsa-crawler (Enterprise; T2-EG9QX8JZXNSJA; systems@nic.umass.edu,web@admin.umass.edu,ltgarcia@admin.umass.edu)"
128.119.100.153 - - [19/Jul/2010:11:32:09 -0400] "GET /mnilpub/papers/PID28496.pdf HTTP/1.0" 304 - "-" "gsa-crawler (Enterprise; T2-EG9QX8JZXNSJA; systems@nic.umass.edu,web@admin.umass.edu,ltgarcia@admin.umass.edu)"
128.119.100.153 - - [19/Jul/2010:11:37:30 -0400] "GET /~yliao/pmwiki/ HTTP/1.0" 200 2810 "-" "gsa-crawler (Enterprise; T2-EG9QX8JZXNSJA; systems@nic.umass.edu,web@admin.umass.edu,ltgarcia@admin.umass.edu)"
128.119.100.153 - - [19/Jul/2010:11:37:35 -0400] "GET / HTTP/1.0" 304 - "-" "gsa-crawler (Enterprise; T2-EG9QX8JZXNSJA; systems@nic.umass.edu,web@admin.umass.edu,ltgarcia@admin.umass.edu)"
128.119.100.153 - - [19/Jul/2010:11:38:03 -0400] "GET /~yliao/pmwiki/index.php?n=Main.HomePage HTTP/1.0" 200 2810 "-" "gsa-crawler (Enterprise; T2-EG9QX8JZXNSJA; systems@nic.umass.edu,web@admin.umass.edu,ltgarcia@admin.umass.edu)"
128.119.100.153 - - [19/Jul/2010:11:38:03 -0400] "GET /~yliao/pmwiki/index.php HTTP/1.0" 200 2810 "-" "gsa-crawler (Enterprise; T2-EG9QX8JZXNSJA; systems@nic.umass.edu,web@admin.umass.edu,ltgarcia@admin.umass.edu)"
128.119.100.153 - - [19/Jul/2010:11:38:05 -0400] "GET /~yliao/pmwiki/index.php?n=Course.Course HTTP/1.0" 200 2725 "-" "gsa-crawler (Enterprise; T2-EG9QX8JZXNSJA; systems@nic.umass.edu,web@admin.umass.edu,ltgarcia@admin.umass.edu)"
67.195.113.245 - - [19/Jul/2010:11:39:47 -0400] "GET /mnilpub/papers/jxia-globecom04.pdf HTTP/1.0" 200 266533 "-" "Mozilla/5.0 (compatible; Yahoo! Slurp/3.0; http://help.yahoo.com/help/us/ysearch/slurp)"
128.119.100.153 - - [19/Jul/2010:11:47:34 -0400] "GET /mnilpub/papers/PID28496.pdf HTTP/1.0" 304 - "-" "gsa-crawler (Enterprise; T2-EG9QX8JZXNSJA; systems@nic.umass.edu,web@admin.umass.edu,ltgarcia@admin.umass.edu)"
128.119.100.153 - - [19/Jul/2010:11:47:42 -0400] "GET / HTTP/1.0" 304 - "-" "gsa-crawler (Enterprise; T2-EG9QX8JZXNSJA; systems@nic.umass.edu,web@admin.umass.edu,ltgarcia@admin.umass.edu)"
207.46.199.185 - - [19/Jul/2010:11:49:26 -0400] "GET /robots.txt HTTP/1.1" 404 415 "-" "msnbot/2.0b (+http://search.msn.com/msnbot.htm)"
128.119.100.153 - - [19/Jul/2010:11:51:38 -0400] "GET /~yliao/pmwiki/ HTTP/1.0" 200 2810 "-" "gsa-crawler (Enterprise; T2-EG9QX8JZXNSJA; systems@nic.umass.edu,web@admin.umass.edu,ltgarcia@admin.umass.edu)"
128.119.100.153 - - [19/Jul/2010:11:56:58 -0400] "GET /~yliao/pmwiki/index.php?n=Main.HomePage HTTP/1.0" 200 2810 "-" "gsa-crawler (Enterprise; T2-EG9QX8JZXNSJA; systems@nic.umass.edu,web@admin.umass.edu,ltgarcia@admin.umass.edu)"
128.119.100.153 - - [19/Jul/2010:11:56:59 -0400] "GET /~yliao/pmwiki/index.php HTTP/1.0" 200 2810 "-" "gsa-crawler (Enterprise; T2-EG9QX8JZXNSJA; systems@nic.umass.edu,web@admin.umass.edu,ltgarcia@admin.umass.edu)"
128.119.100.153 - - [19/Jul/2010:11:57:01 -0400] "GET /~yliao/pmwiki/index.php?n=Course.Course HTTP/1.0" 200 2725 "-" "gsa-crawler (Enterprise; T2-EG9QX8JZXNSJA; systems@nic.umass.edu,web@admin.umass.edu,ltgarcia@admin.umass.edu)"
128.119.100.153 - - [19/Jul/2010:11:57:14 -0400] "GET /robots.txt HTTP/1.0" 404 321 "-" "gsa-crawler (Enterprise; T2-EG9QX8JZXNSJA; systems@nic.umass.edu,web@admin.umass.edu,ltgarcia@admin.umass.edu)"
128.119.100.153 - - [19/Jul/2010:11:57:14 -0400] "GET / HTTP/1.0" 304 - "-" "gsa-crawler (Enterprise; T2-EG9QX8JZXNSJA; systems@nic.umass.edu,web@admin.umass.edu,ltgarcia@admin.umass.edu)"
128.119.100.153 - - [19/Jul/2010:12:07:48 -0400] "GET /mnilpub/papers/PID28496.pdf HTTP/1.0" 304 - "-" "gsa-crawler (Enterprise; T2-EG9QX8JZXNSJA; systems@nic.umass.edu,web@admin.umass.edu,ltgarcia@admin.umass.edu)"
208.131.25.170 - - [19/Jul/2010:12:09:10 -0400] "GET /~gao/ece665_08/slides/robots.txt HTTP/1.1" 404 437 "-" "Mozilla/4.0 (compatible; MSIE 5.0; Windows NT; DigExt)"
208.131.25.170 - - [19/Jul/2010:12:09:10 -0400] "GET /~gao/ece665_08/slides/Deyin.ppt HTTP/1.1" 404 436 "-" "Mozilla/4.0 (compatible; MSIE 5.0; Windows NT; DigExt)"
208.131.25.170 - - [19/Jul/2010:12:09:10 -0400] "GET /~gao/ece665_08/slides/ HTTP/1.1" 404 427 "-" "Mozilla/4.0 (compatible; MSIE 5.0; Windows NT; DigExt)"
128.119.100.153 - - [19/Jul/2010:12:12:00 -0400] "GET / HTTP/1.0" 304 - "-" "gsa-crawler (Enterprise; T2-EG9QX8JZXNSJA; systems@nic.umass.edu,web@admin.umass.edu,ltgarcia@admin.umass.edu)"
128.119.100.153 - - [19/Jul/2010:12:12:04 -0400] "GET /~yliao/pmwiki/ HTTP/1.0" 200 2810 "-" "gsa-crawler (Enterprise; T2-EG9QX8JZXNSJA; systems@nic.umass.edu,web@admin.umass.edu,ltgarcia@admin.umass.edu)"
128.119.100.153 - - [19/Jul/2010:12:16:45 -0400] "GET /~yliao/pmwiki/index.php?n=Main.HomePage HTTP/1.0" 200 2810 "-" "gsa-crawler (Enterprise; T2-EG9QX8JZXNSJA; systems@nic.umass.edu,web@admin.umass.edu,ltgarcia@admin.umass.edu)"
128.119.100.153 - - [19/Jul/2010:12:16:45 -0400] "GET /~yliao/pmwiki/index.php HTTP/1.0" 200 2810 "-" "gsa-crawler (Enterprise; T2-EG9QX8JZXNSJA; systems@nic.umass.edu,web@admin.umass.edu,ltgarcia@admin.umass.edu)"
128.119.100.153 - - [19/Jul/2010:12:16:49 -0400] "GET /~yliao/pmwiki/index.php?n=Course.Course HTTP/1.0" 200 2725 "-" "gsa-crawler (Enterprise; T2-EG9QX8JZXNSJA; systems@nic.umass.edu,web@admin.umass.edu,ltgarcia@admin.umass.edu)"
67.195.113.245 - - [19/Jul/2010:12:20:13 -0400] "GET /mnilpub/papers/jxia-globecom04-slides.ppt HTTP/1.0" 200 468480 "-" "Mozilla/5.0 (compatible; Yahoo! Slurp/3.0; http://help.yahoo.com/help/us/ysearch/slurp)"
220.181.7.131 - - [19/Jul/2010:12:25:35 -0400] "GET / HTTP/1.1" 200 247 "-" "Baiduspider+(+http://www.baidu.com/search/spider.htm)"
128.119.100.153 - - [19/Jul/2010:12:25:52 -0400] "GET /robots.txt HTTP/1.0" 404 321 "-" "gsa-crawler (Enterprise; T2-EG9QX8JZXNSJA; systems@nic.umass.edu,web@admin.umass.edu,ltgarcia@admin.umass.edu)"
128.119.100.153 - - [19/Jul/2010:12:25:52 -0400] "GET / HTTP/1.0" 304 - "-" "gsa-crawler (Enterprise; T2-EG9QX8JZXNSJA; systems@nic.umass.edu,web@admin.umass.edu,ltgarcia@admin.umass.edu)"
123.125.66.97 - - [19/Jul/2010:12:26:20 -0400] "GET / HTTP/1.1" 200 247 "-" "Baiduspider+(+http://www.baidu.com/search/spider.htm)"
128.119.100.153 - - [19/Jul/2010:12:26:24 -0400] "GET /mnilpub/papers/PID28496.pdf HTTP/1.0" 304 - "-" "gsa-crawler (Enterprise; T2-EG9QX8JZXNSJA; systems@nic.umass.edu,web@admin.umass.edu,ltgarcia@admin.umass.edu)"
128.119.100.153 - - [19/Jul/2010:12:31:05 -0400] "GET /~yliao/pmwiki/ HTTP/1.0" 200 2810 "-" "gsa-crawler (Enterprise; T2-EG9QX8JZXNSJA; systems@nic.umass.edu,web@admin.umass.edu,ltgarcia@admin.umass.edu)"
66.249.71.59 - - [19/Jul/2010:12:31:31 -0400] "GET /robots.txt HTTP/1.1" 404 321 "-" "Googlebot/2.1 (+http://www.google.com/bot.html)"
66.249.71.59 - - [19/Jul/2010:12:31:31 -0400] "GET /publication/ HTTP/1.1" 404 322 "-" "Googlebot/2.1 (+http://www.google.com/bot.html)"
128.119.100.153 - - [19/Jul/2010:12:32:02 -0400] "GET /~yliao/pmwiki/index.php?n=Main.HomePage HTTP/1.0" 200 2810 "-" "gsa-crawler (Enterprise; T2-EG9QX8JZXNSJA; systems@nic.umass.edu,web@admin.umass.edu,ltgarcia@admin.umass.edu)"
128.119.100.153 - - [19/Jul/2010:12:32:02 -0400] "GET /~yliao/pmwiki/index.php HTTP/1.0" 200 2810 "-" "gsa-crawler (Enterprise; T2-EG9QX8JZXNSJA; systems@nic.umass.edu,web@admin.umass.edu,ltgarcia@admin.umass.edu)"
128.119.100.153 - - [19/Jul/2010:12:32:04 -0400] "GET /~yliao/pmwiki/index.php?n=Course.Course HTTP/1.0" 200 2725 "-" "gsa-crawler (Enterprise; T2-EG9QX8JZXNSJA; systems@nic.umass.edu,web@admin.umass.edu,ltgarcia@admin.umass.edu)"
128.119.100.153 - - [19/Jul/2010:12:37:52 -0400] "GET / HTTP/1.0" 304 - "-" "gsa-crawler (Enterprise; T2-EG9QX8JZXNSJA; systems@nic.umass.edu,web@admin.umass.edu,ltgarcia@admin.umass.edu)"
